
> bosun@0.38.1 pretest
> npm run syntax:check


> bosun@0.38.1 syntax:check
> node --experimental-vm-modules --no-warnings=ExperimentalWarning syntax-check.mjs

Syntax OK: 130 modules + 48 UI files checked

> bosun@0.38.1 test
> node --max-old-space-size=4096 node_modules/vitest/vitest.mjs run --config vitest.config.mjs


[1m[46m RUN [49m[22m [36mv4.0.18 [39m[90mF:/bosun[39m

 [31mΓ¥»[39m tests/demo-api-sync.test.mjs [2m([22m[2m10 tests[22m[2m | [22m[31m1 failed[39m[2m)[22m[32m 6[2mms[22m[39m
     [32mΓ£ô[39m server should have API routes (sanity check)[32m 1[2mms[22m[39m
     [32mΓ£ô[39m demo should have API routes (sanity check)[32m 0[2mms[22m[39m
[31m     [31m├ù[31m demo mock should handle all server API routes[39m[32m 3[2mms[22m[39m
     [32mΓ£ô[39m demo mock should handle all session sub-actions[32m 1[2mms[22m[39m
     [32mΓ£ô[39m no demo routes should be absent from the server (stale mocks)[32m 0[2mms[22m[39m
     [32mΓ£ô[39m demo.html should have a valid import map[32m 0[2mms[22m[39m
     [32mΓ£ô[39m index.html should have a valid import map[32m 0[2mms[22m[39m
     [32mΓ£ô[39m both import maps should define the same bare specifiers[32m 0[2mms[22m[39m
     [32mΓ£ô[39m @preact/signals should use esm.sh with ?deps= to prevent dual-preact[32m 0[2mms[22m[39m
     [32mΓ£ô[39m preact versions should be consistent across import maps[32m 0[2mms[22m[39m
 [31mΓ¥»[39m tests/bosun-skills-audit.test.mjs [2m([22m[2m0 test[22m[2m)[22m
 [31mΓ¥»[39m tests/config-validation.test.mjs [2m([22m[2m0 test[22m[2m)[22m
 [31mΓ¥»[39m tests/smoke.test.mjs [2m([22m[2m0 test[22m[2m)[22m
 [31mΓ¥»[39m tests/config-boolean-env.test.mjs [2m([22m[2m0 test[22m[2m)[22m
 [31mΓ¥»[39m tests/config-scheduler.test.mjs [2m([22m[2m0 test[22m[2m)[22m
 [31mΓ¥»[39m tests/config-agent-prompts.test.mjs [2m([22m[2m0 test[22m[2m)[22m
 [31mΓ¥»[39m tests/setup-platform-defaults.test.mjs [2m([22m[2m0 test[22m[2m)[22m
 [31mΓ¥»[39m tests/setup-env-output.test.mjs [2m([22m[2m0 test[22m[2m)[22m
 [31mΓ¥»[39m tests/setup.test.mjs [2m([22m[2m0 test[22m[2m)[22m
 [31mΓ¥»[39m tests/setup-vscode-settings.test.mjs [2m([22m[2m0 test[22m[2m)[22m
 [31mΓ¥»[39m tests/ve-kanban-native.test.mjs [2m([22m[2m0 test[22m[2m)[22m
 [31mΓ¥»[39m tests/ve-orchestrator-native.test.mjs [2m([22m[2m0 test[22m[2m)[22m
 [31mΓ¥»[39m tests/telegram-sentinel.test.mjs [2m([22m[2m0 test[22m[2m)[22m
 [31mΓ¥»[39m tests/setup-web-server-env.test.mjs [2m([22m[2m0 test[22m[2m)[22m
 [31mΓ¥»[39m tests/vk-api.test.mjs [2m([22m[2m0 test[22m[2m)[22m
[90mstdout[2m | tests/context-overflow-steering.test.mjs[2m > [22m[2magent-supervisor ΓÇö expanded TOKEN_OVERFLOW diagnosis[2m > [22m[2mdiagnoses "context too long maximum exceeded" as token_overflow
[22m[39m[agent-supervisor] stopped

[90mstdout[2m | tests/context-overflow-steering.test.mjs[2m > [22m[2magent-supervisor ΓÇö expanded TOKEN_OVERFLOW diagnosis[2m > [22m[2mdiagnoses "max token exceeded" as token_overflow
[22m[39m[agent-supervisor] stopped

[90mstdout[2m | tests/context-overflow-steering.test.mjs[2m > [22m[2magent-supervisor ΓÇö expanded TOKEN_OVERFLOW diagnosis[2m > [22m[2mdiagnoses "context_length_exceeded" as token_overflow
[22m[39m[agent-supervisor] stopped

[90mstdout[2m | tests/context-overflow-steering.test.mjs[2m > [22m[2magent-supervisor ΓÇö expanded TOKEN_OVERFLOW diagnosis[2m > [22m[2mdiagnoses "prompt_too_long" as token_overflow
[22m[39m[agent-supervisor] stopped

[90mstdout[2m | tests/context-overflow-steering.test.mjs[2m > [22m[2magent-supervisor ΓÇö expanded TOKEN_OVERFLOW diagnosis[2m > [22m[2mdiagnoses "This model's maximum context length is 128000" as token_overflow
[22m[39m[agent-supervisor] stopped

[90mstdout[2m | tests/context-overflow-steering.test.mjs[2m > [22m[2magent-supervisor ΓÇö expanded TOKEN_OVERFLOW diagnosis[2m > [22m[2mdiagnoses "token_budget exceeded" as token_overflow
[22m[39m[agent-supervisor] stopped

 [31mΓ¥»[39m tests/sdk-conflict-resolver.test.mjs [2m([22m[2m0 test[22m[2m)[22m
[90mstdout[2m | tests/context-overflow-steering.test.mjs[2m > [22m[2magent-supervisor ΓÇö expanded TOKEN_OVERFLOW diagnosis[2m > [22m[2mdiagnoses "turn_limit_reached" as token_overflow
[22m[39m[agent-supervisor] stopped

[90mstdout[2m | tests/context-overflow-steering.test.mjs[2m > [22m[2magent-supervisor ΓÇö expanded TOKEN_OVERFLOW diagnosis[2m > [22m[2mdiagnoses "conversation too long for this session" as token_overflow
[22m[39m[agent-supervisor] stopped

[90mstdout[2m | tests/context-overflow-steering.test.mjs[2m > [22m[2magent-supervisor ΓÇö expanded TOKEN_OVERFLOW diagnosis[2m > [22m[2mdiagnoses "string_above_max_length in prompt" as token_overflow
[22m[39m[agent-supervisor] stopped

[90mstdout[2m | tests/context-overflow-steering.test.mjs[2m > [22m[2magent-supervisor ΓÇö expanded TOKEN_OVERFLOW diagnosis[2m > [22m[2mdiagnoses "maximum number of tokens allowed" as token_overflow
[22m[39m[agent-supervisor] stopped

[90mstdout[2m | tests/context-overflow-steering.test.mjs[2m > [22m[2magent-supervisor ΓÇö expanded TOKEN_OVERFLOW diagnosis[2m > [22m[2mdiagnoses "prompt is too long" as token_overflow
[22m[39m[agent-supervisor] stopped

[90mstdout[2m | tests/context-overflow-steering.test.mjs[2m > [22m[2magent-supervisor ΓÇö expanded TOKEN_OVERFLOW diagnosis[2m > [22m[2mTOKEN_OVERFLOW first intervention is FORCE_NEW_THREAD
[22m[39m[agent-supervisor] stopped

[90mstdout[2m | tests/context-overflow-steering.test.mjs[2m > [22m[2magent-supervisor ΓÇö expanded TOKEN_OVERFLOW diagnosis[2m > [22m[2mTOKEN_OVERFLOW recovery prompt mentions git log and fresh session
[22m[39m[agent-supervisor] stopped

[90mstdout[2m | tests/context-overflow-steering.test.mjs[2m > [22m[2magent-supervisor ΓÇö expanded TOKEN_OVERFLOW diagnosis[2m > [22m[2mTOKEN_OVERFLOW intervene() calls forceNewThread callback
[22m[39m[agent-supervisor] intervening on task-overflow-int: token_overflow ΓåÆ force_new_thread (reason: token_overflow | err: context_length_exceeded)

[90mstdout[2m | tests/context-overflow-steering.test.mjs[2m > [22m[2magent-supervisor ΓÇö expanded TOKEN_OVERFLOW diagnosis[2m > [22m[2mTOKEN_OVERFLOW intervene() calls forceNewThread callback
[22m[39m[agent-supervisor] stopped

 [31mΓ¥»[39m tests/startup-service.test.mjs [2m([22m[2m9 tests[22m[2m | [22m[31m9 failed[39m[2m)[22m[32m 288[2mms[22m[39m
[31m       [31m├ù[31m returns an object with installed property[39m[32m 279[2mms[22m[39m
[31m       [31m├ù[31m returns installed: false when no service is registered[39m[32m 2[2mms[22m[39m
[31m       [31m├ù[31m returns a non-empty string[39m[32m 1[2mms[22m[39m
[31m       [31m├ù[31m returns platform-appropriate method name[39m[32m 2[2mms[22m[39m
[31m       [31m├ù[31m returns a result object with success field[39m[32m 1[2mms[22m[39m
[31m       [31m├ù[31m returns success: true on successful install[39m[32m 1[2mms[22m[39m
[31m       [31m├ù[31m handles install failure gracefully[39m[32m 1[2mms[22m[39m
[31m       [31m├ù[31m returns a result object with success field[39m[32m 1[2mms[22m[39m
[31m       [31m├ù[31m handles remove when no service exists gracefully[39m[32m 1[2mms[22m[39m
 [31mΓ¥»[39m tests/meeting-workflow-service.test.mjs [2m([22m[2m0 test[22m[2m)[22m
 [31mΓ¥»[39m tests/review-agent.test.mjs [2m([22m[2m0 test[22m[2m)[22m
 [31mΓ¥»[39m tests/codex-config.test.mjs [2m([22m[2m10 tests[22m[2m | [22m[31m1 failed[39m[2m)[22m[32m 13[2mms[22m[39m
     [32mΓ£ô[39m includes expanded MCP server defaults[32m 1[2mms[22m[39m
     [32mΓ£ô[39m forces critical features back to true when disabled[32m 2[2mms[22m[39m
     [32mΓ£ô[39m adds max_threads under [agent_sdk] when section exists but key is missing[32m 1[2mms[22m[39m
     [32mΓ£ô[39m overwrites max_threads under [agent_sdk] when explicitly requested[32m 0[2mms[22m[39m
     [32mΓ£ô[39m does not overwrite max_threads under [agent_sdk] by default[32m 0[2mms[22m[39m
     [32mΓ£ô[39m migrates stale max_threads from [agents] to [agent_sdk][32m 0[2mms[22m[39m
     [32mΓ£ô[39m honors env overrides for feature flags[32m 1[2mms[22m[39m
     [32mΓ£ô[39m adds sandbox workspace-write defaults with repo roots[32m 1[2mms[22m[39m
     [32mΓ£ô[39m supports legacy sandbox_permissions helper names[32m 1[2mms[22m[39m
[31m     [31m├ù[31m adds Windows namespace trusted path variants for WSL-style paths[39m[32m 5[2mms[22m[39m
[90mstdout[2m | tests/context-overflow-steering.test.mjs[2m > [22m[2magent-supervisor ΓÇö steering callbacks[2m > [22m[2mINJECT_PROMPT intervention calls injectPrompt callback
[22m[39m[agent-supervisor] stopped

[90mstdout[2m | tests/context-overflow-steering.test.mjs[2m > [22m[2magent-supervisor ΓÇö steering callbacks[2m > [22m[2mCONTINUE_SIGNAL intervention calls sendContinueSignal callback
[22m[39m[agent-supervisor] intervening on task-steer-2: test ΓåÆ continue_signal (reason: test)

[90mstdout[2m | tests/context-overflow-steering.test.mjs[2m > [22m[2magent-supervisor ΓÇö steering callbacks[2m > [22m[2mCONTINUE_SIGNAL intervention calls sendContinueSignal callback
[22m[39m[agent-supervisor] stopped

[90mstdout[2m | tests/context-overflow-steering.test.mjs[2m > [22m[2magent-supervisor ΓÇö steering callbacks[2m > [22m[2mFORCE_NEW_THREAD intervention calls forceNewThread callback
[22m[39m[agent-supervisor] intervening on task-steer-3: token_overflow ΓåÆ force_new_thread (reason: context overflow)

[90mstdout[2m | tests/context-overflow-steering.test.mjs[2m > [22m[2magent-supervisor ΓÇö steering callbacks[2m > [22m[2mFORCE_NEW_THREAD intervention calls forceNewThread callback
[22m[39m[agent-supervisor] stopped

 [31mΓ¥»[39m tests/context-overflow-steering.test.mjs [2m([22m[2m73 tests[22m[2m | [22m[31m23 failed[39m[2m)[22m[32m 42[2mms[22m[39m
     [32mΓ£ô[39m matches: "Error: context too long ΓÇö exceeded maximum"[32m 1[2mms[22m[39m
     [32mΓ£ô[39m matches: "max context length exceeded by 5000 tokens"[32m 0[2mms[22m[39m
     [32mΓ£ô[39m matches: "conversation too long to continue"[32m 0[2mms[22m[39m
     [32mΓ£ô[39m matches: "input too large for this model"[32m 0[2mms[22m[39m
     [32mΓ£ô[39m matches: "reduce context size before retrying"[32m 0[2mms[22m[39m
     [32mΓ£ô[39m matches: "maximum context length is 128000 tokens"[32m 0[2mms[22m[39m
     [32mΓ£ô[39m matches: "413 Payload Too Large"[32m 0[2mms[22m[39m
     [32mΓ£ô[39m matches: "context_length_exceeded"[32m 0[2mms[22m[39m
     [32mΓ£ô[39m matches: "error code: context_length_exceeded, message: "model max context length""[32m 0[2mms[22m[39m
     [32mΓ£ô[39m matches: "This model's maximum context length is 128000 tokens"[32m 0[2mms[22m[39m
     [32mΓ£ô[39m matches: "string_above_max_length: prompt field exceeds limit"[32m 0[2mms[22m[39m
     [32mΓ£ô[39m matches: "prompt_too_long"[32m 0[2mms[22m[39m
     [32mΓ£ô[39m matches: "prompt is too long for this model"[32m 0[2mms[22m[39m
     [32mΓ£ô[39m matches: "prompt too large to process"[32m 0[2mms[22m[39m
     [32mΓ£ô[39m matches: "token_budget exceeded for this session"[32m 0[2mms[22m[39m
     [32mΓ£ô[39m matches: "token budget limit hit"[32m 0[2mms[22m[39m
     [32mΓ£ô[39m matches: "turn_limit_reached"[32m 0[2mms[22m[39m
     [32mΓ£ô[39m matches: "turn limit exceeded for session"[32m 0[2mms[22m[39m
     [32mΓ£ô[39m matches: "maximum number of tokens exceeded"[32m 0[2mms[22m[39m
     [32mΓ£ô[39m does NOT match: "Task completed successfully"[32m 1[2mms[22m[39m
     [32mΓ£ô[39m does NOT match: "Running go test ./..."[32m 0[2mms[22m[39m
     [32mΓ£ô[39m does NOT match: "error: file not found"[32m 0[2mms[22m[39m
     [32mΓ£ô[39m does NOT match: "HTTP 500 Internal Server Error"[32m 0[2mms[22m[39m
     [32mΓ£ô[39m does NOT match: "rate limit exceeded"[32m 0[2mms[22m[39m
     [32mΓ£ô[39m does NOT match: "invalid API key"[32m 0[2mms[22m[39m
     [32mΓ£ô[39m classifies context_length_exceeded as token_overflow[32m 2[2mms[22m[39m
     [32mΓ£ô[39m classifies prompt_too_long as token_overflow[32m 1[2mms[22m[39m
     [32mΓ£ô[39m classifies turn_limit_reached as token_overflow[32m 0[2mms[22m[39m
     [32mΓ£ô[39m classifies token_budget exceeded as token_overflow[32m 0[2mms[22m[39m
     [32mΓ£ô[39m classifies string_above_max_length as token_overflow[32m 0[2mms[22m[39m
     [32mΓ£ô[39m classifies 'This model's maximum context length' as token_overflow[32m 0[2mms[22m[39m
     [32mΓ£ô[39m classifies 'maximum number of tokens' as token_overflow[32m 0[2mms[22m[39m
     [32mΓ£ô[39m recordError returns new_session action for token_overflow[32m 1[2mms[22m[39m
     [32mΓ£ô[39m diagnoses "context too long maximum exceeded" as token_overflow[32m 3[2mms[22m[39m
     [32mΓ£ô[39m diagnoses "max token exceeded" as token_overflow[32m 0[2mms[22m[39m
     [32mΓ£ô[39m diagnoses "context_length_exceeded" as token_overflow[32m 0[2mms[22m[39m
     [32mΓ£ô[39m diagnoses "prompt_too_long" as token_overflow[32m 0[2mms[22m[39m
     [32mΓ£ô[39m diagnoses "This model's maximum context length is 128000" as token_overflow[32m 0[2mms[22m[39m
     [32mΓ£ô[39m diagnoses "token_budget exceeded" as token_overflow[32m 0[2mms[22m[39m
     [32mΓ£ô[39m diagnoses "turn_limit_reached" as token_overflow[32m 1[2mms[22m[39m
     [32mΓ£ô[39m diagnoses "conversation too long for this session" as token_overflow[32m 1[2mms[22m[39m
     [32mΓ£ô[39m diagnoses "string_above_max_length in prompt" as token_overflow[32m 1[2mms[22m[39m
     [32mΓ£ô[39m diagnoses "maximum number of tokens allowed" as token_overflow[32m 1[2mms[22m[39m
     [32mΓ£ô[39m diagnoses "prompt is too long" as token_overflow[32m 0[2mms[22m[39m
     [32mΓ£ô[39m TOKEN_OVERFLOW first intervention is FORCE_NEW_THREAD[32m 0[2mms[22m[39m
     [32mΓ£ô[39m TOKEN_OVERFLOW recovery prompt mentions git log and fresh session[32m 0[2mms[22m[39m
     [32mΓ£ô[39m TOKEN_OVERFLOW intervene() calls forceNewThread callback[32m 3[2mms[22m[39m
[31m     [31m├ù[31m returns true for: "context_length_exceeded"[39m[32m 20[2mms[22m[39m
[31m     [31m├ù[31m returns true for: "prompt_too_long"[39m[32m 0[2mms[22m[39m
[31m     [31m├ù[31m returns true for: "prompt is too long for this model"[39m[32m 0[2mms[22m[39m
[31m     [31m├ù[31m returns true for: "context too longΓÇöexceeded limit"[39m[32m 0[2mms[22m[39m
[31m     [31m├ù[31m returns true for: "token_budget exceeded"[39m[32m 0[2mms[22m[39m
[31m     [31m├ù[31m returns true for: "turn_limit_reached"[39m[32m 0[2mms[22m[39m
[31m     [31m├ù[31m returns true for: "conversation too long"[39m[32m 0[2mms[22m[39m
[31m     [31m├ù[31m returns true for: "maximum context length is 128000"[39m[32m 0[2mms[22m[39m
[31m     [31m├ù[31m returns true for: "max token limit reached"[39m[32m 0[2mms[22m[39m
[31m     [31m├ù[31m returns true for: "maximum number of tokens exceeded"[39m[32m 0[2mms[22m[39m
[31m     [31m├ù[31m returns true for: "string_above_max_length"[39m[32m 0[2mms[22m[39m
[31m     [31m├ù[31m returns true for: "input too large"[39m[32m 0[2mms[22m[39m
[31m     [31m├ù[31m returns true for: "reduce the length of your input"[39m[32m 0[2mms[22m[39m
[31m     [31m├ù[31m returns false for: null[39m[32m 0[2mms[22m[39m
[31m     [31m├ù[31m returns false for: undefined[39m[32m 0[2mms[22m[39m
[31m     [31m├ù[31m returns false for: ""[39m[32m 0[2mms[22m[39m
[31m     [31m├ù[31m returns false for: "Task completed successfully"[39m[32m 0[2mms[22m[39m
[31m     [31m├ù[31m returns false for: "rate limit exceeded"[39m[32m 0[2mms[22m[39m
[31m     [31m├ù[31m returns false for: "HTTP 500 Internal Server Error"[39m[32m 0[2mms[22m[39m
[31m     [31m├ù[31m returns false for: "invalid API key"[39m[32m 0[2mms[22m[39m
[31m     [31m├ù[31m handles Error objects[39m[32m 0[2mms[22m[39m
[31m     [31m├ù[31m returns false when no active session exists[39m[32m 0[2mms[22m[39m
[31m     [31m├ù[31m getActiveSessions returns array[39m[32m 0[2mms[22m[39m
     [32mΓ£ô[39m INJECT_PROMPT intervention calls injectPrompt callback[32m 0[2mms[22m[39m
     [32mΓ£ô[39m CONTINUE_SIGNAL intervention calls sendContinueSignal callback[32m 0[2mms[22m[39m
     [32mΓ£ô[39m FORCE_NEW_THREAD intervention calls forceNewThread callback[32m 0[2mms[22m[39m
 [31mΓ¥»[39m tests/ui-server.test.mjs [2m([22m[2m27 tests[22m[2m | [22m[31m27 failed[39m[2m)[22m[33m 426[2mms[22m[39m
[31m     [31m├ù[31m exports mini app server helpers[39m[33m 423[2mms[22m[39m
[31m     [31m├ù[31m getLocalLanIp returns a string[39m[32m 0[2mms[22m[39m
[31m     [31m├ù[31m preserves launch query params when exchanging session token[39m[32m 0[2mms[22m[39m
[31m     [31m├ù[31m bootstraps local static requests into a session cookie[39m[32m 0[2mms[22m[39m
[31m     [31m├ù[31m does not auto-bootstrap local static requests when BOSUN_UI_LOCAL_BOOTSTRAP is unset[39m[32m 0[2mms[22m[39m
[31m     [31m├ù[31m prefers persisted desktop API key over stale env key during desktop bootstrap[39m[32m 0[2mms[22m[39m
[31m     [31m├ù[31m starts with TELEGRAM_UI_PORT=0 by falling back to non-ephemeral default[39m[32m 0[2mms[22m[39m
[31m     [31m├ù[31m uses http URL for local publicHost when TLS is disabled[39m[32m 0[2mms[22m[39m
[31m     [31m├ù[31m hides tokenized browser URL in startup logs by default[39m[32m 0[2mms[22m[39m
[31m     [31m├ù[31m can opt in to tokenized browser URL logs[39m[32m 0[2mms[22m[39m
[31m     [31m├ù[31m returns effective settings values and sources for derived/default cases[39m[32m 0[2mms[22m[39m
[31m     [31m├ù[31m reflects runtime kanban backend switches via config update[39m[32m 0[2mms[22m[39m
[31m     [31m├ù[31m accepts signed project webhook and triggers task sync[39m[32m 0[2mms[22m[39m
[31m     [31m├ù[31m rejects webhook with invalid signature[39m[32m 0[2mms[22m[39m
[31m     [31m├ù[31m triggers alert hook after repeated webhook sync failures[39m[32m 0[2mms[22m[39m
[31m     [31m├ù[31m returns schema field errors for invalid hook targets[39m[32m 0[2mms[22m[39m
[31m     [31m├ù[31m writes supported settings into config file[39m[32m 0[2mms[22m[39m
[31m     [31m├ù[31m does not sync unsupported settings into config file[39m[32m 0[2mms[22m[39m
[31m     [31m├ù[31m returns trigger template payload with history/stat fields[39m[32m 0[2mms[22m[39m
[31m     [31m├ù[31m persists trigger template updates to config[39m[32m 0[2mms[22m[39m
[31m     [31m├ù[31m queues /plan commands in background to avoid request timeouts[39m[32m 0[2mms[22m[39m
[31m     [31m├ù[31m binds chat session execution cwd to the active workspace repo[39m[32m 0[2mms[22m[39m
[31m     [31m├ù[31m stops an in-flight session turn via /api/sessions/:id/stop[39m[32m 0[2mms[22m[39m
[31m     [31m├ù[31m routes sdk commands with the session workspace cwd[39m[32m 0[2mms[22m[39m
[31m     [31m├ù[31m scopes session listing to the active workspace by default[39m[32m 0[2mms[22m[39m
[31m     [31m├ù[31m scopes workflows and library data by active workspace[39m[32m 0[2mms[22m[39m
[31m     [31m├ù[31m exposes and executes shared bosun tools via /api/agents/tool parity endpoints[39m[32m 0[2mms[22m[39m
 [31mΓ¥»[39m tests/ui-server-tunnel-hostname.test.mjs [2m([22m[2m3 tests[22m[2m | [22m[31m3 failed[39m[2m)[22m[33m 588[2mms[22m[39m
[31m     [31m├ù[31m normalizes tunnel mode aliases with named as the default[39m[33m 585[2mms[22m[39m
[31m     [31m├ù[31m resolves deterministic per-user hostname and protects reserved names[39m[32m 1[2mms[22m[39m
[31m     [31m├ù[31m keeps Cloudflare DNS orchestration idempotent for existing matching CNAME[39m[32m 1[2mms[22m[39m
 [31mΓ¥»[39m tests/ui-server-fallback-auth.test.mjs [2m([22m[2m2 tests[22m[2m | [22m[31m2 failed[39m[2m)[22m[33m 562[2mms[22m[39m
[31m     [31m├ù[31m sets fallback credential, logs in, and reuses normal session cookie[39m[33m 560[2mms[22m[39m
[31m     [31m├ù[31m applies lockout with uniform failure response for invalid fallback secrets[39m[32m 1[2mms[22m[39m
 [31mΓ¥»[39m tests/voice-provider-smoke.test.mjs [2m([22m[2m3 tests[22m[2m | [22m[31m3 failed[39m[2m)[22m[33m 522[2mms[22m[39m
[31m     [31m├ù[31m validates config/token/vision routes for openai[39m[33m 520[2mms[22m[39m
[31m     [31m├ù[31m validates config/token/vision routes for claude[39m[32m 0[2mms[22m[39m
[31m     [31m├ù[31m validates config/token/vision routes for gemini[39m[32m 0[2mms[22m[39m
 [31mΓ¥»[39m tests/voice-http-routes.test.mjs [2m([22m[2m4 tests[22m[2m | [22m[31m4 failed[39m[2m)[22m[32m 273[2mms[22m[39m
[31m     [31m├ù[31m persists user and assistant transcript turns into the bound session history[39m[32m 271[2mms[22m[39m
[31m     [31m├ù[31m queues workflow trigger evaluation for transcript and wake phrase events[39m[32m 0[2mms[22m[39m
[31m     [31m├ù[31m stores and returns voice turn trace events[39m[32m 0[2mms[22m[39m
[31m     [31m├ù[31m ingests a vision frame, analyzes once, and deduplicates repeated frames[39m[32m 0[2mms[22m[39m
[90mstdout[2m | tests/task-archiver.test.mjs[2m > [22m[2mpruneOldArchives[2m > [22m[2mprunes expired files based on mtime
[22m[39m[archiver] Pruned 1 archive files older than 90 days

[90mstdout[2m | tests/task-archiver.test.mjs[2m > [22m[2marchiveCompletedTasks[2m > [22m[2marchives old tasks and deletes from VK
[22m[39m[archiver] Scanning for completed tasks older than 24h...

[90mstdout[2m | tests/task-archiver.test.mjs[2m > [22m[2marchiveCompletedTasks[2m > [22m[2marchives old tasks and deletes from VK
[22m[39m[archiver] Found 1 tasks to archive (limit: 50)

[90mstdout[2m | tests/task-archiver.test.mjs[2m > [22m[2marchiveCompletedTasks[2m > [22m[2marchives old tasks and deletes from VK
[22m[39m[archiver] Archived task "Old task" (old-task)

 [31mΓ¥»[39m tests/agent-pool.test.mjs [2m([22m[2m51 tests[22m[2m | [22m[31m51 failed[39m[2m)[22m[33m 409[2mms[22m[39m
[31m     [31m├ù[31m uses AGENT_POOL_SDK env var when set[39m[33m 308[2mms[22m[39m
[31m     [31m├ù[31m falls back to PRIMARY_AGENT env var[39m[32m 2[2mms[22m[39m
[31m     [31m├ù[31m AGENT_POOL_SDK takes priority over PRIMARY_AGENT[39m[32m 2[2mms[22m[39m
[31m     [31m├ù[31m skips disabled SDKs in resolution[39m[32m 1[2mms[22m[39m
[31m     [31m├ù[31m uses fallback chain when all preferred are disabled[39m[32m 1[2mms[22m[39m
[31m     [31m├ù[31m defaults to codex when nothing is set[39m[32m 1[2mms[22m[39m
[31m     [31m├ù[31m defaults to codex when all SDKs are disabled[39m[32m 1[2mms[22m[39m
[31m     [31m├ù[31m setPoolSdk sets the SDK name[39m[32m 3[2mms[22m[39m
[31m     [31m├ù[31m setPoolSdk normalises case[39m[32m 3[2mms[22m[39m
[31m     [31m├ù[31m setPoolSdk throws for unknown SDK[39m[32m 2[2mms[22m[39m
[31m     [31m├ù[31m resetPoolSdkCache forces re-resolution[39m[32m 1[2mms[22m[39m
[31m     [31m├ù[31m getAvailableSdks returns non-disabled SDKs[39m[32m 1[2mms[22m[39m
[31m     [31m├ù[31m getAvailableSdks excludes disabled SDKs[39m[32m 2[2mms[22m[39m
[31m     [31m├ù[31m getAvailableSdks returns empty when all disabled[39m[32m 2[2mms[22m[39m
[31m     [31m├ù[31m returns sdk field in result[39m[32m 2[2mms[22m[39m
[31m     [31m├ù[31m returns success/output/items/error fields[39m[32m 2[2mms[22m[39m
[31m     [31m├ù[31m uses extra.sdk override when provided[39m[32m 1[2mms[22m[39m
[31m     [31m├ù[31m returns error when SDK is not available[39m[32m 4[2mms[22m[39m
[31m     [31m├ù[31m tries fallback when primary SDK not available[39m[32m 2[2mms[22m[39m
[31m     [31m├ù[31m fails over to fallback SDK when primary times out[39m[32m 2[2mms[22m[39m
[31m     [31m├ù[31m skips a cooled-down SDK after timeout and retries it after cooldown expiry[39m[32m 2[2mms[22m[39m
[31m     [31m├ù[31m returns error when all SDKs are disabled[39m[32m 2[2mms[22m[39m
[31m     [31m├ù[31m returns error message containing the SDK name[39m[32m 2[2mms[22m[39m
[31m     [31m├ù[31m respects extra.sdk over setPoolSdk[39m[32m 2[2mms[22m[39m
[31m     [31m├ù[31m ignores invalid extra.sdk and uses resolved SDK[39m[32m 2[2mms[22m[39m
[31m     [31m├ù[31m applies envOverrides to Codex launch options per request[39m[32m 2[2mms[22m[39m
[31m     [31m├ù[31m accepts copilot output when sendAndWait times out waiting for session.idle[39m[32m 2[2mms[22m[39m
[31m     [31m├ù[31m fails copilot idle timeout when no assistant output was received[39m[32m 4[2mms[22m[39m
[31m     [31m├ù[31m prefers session.send over sendAndWait when both are available[39m[32m 2[2mms[22m[39m
[31m     [31m├ù[31m applies explicit extra.model to Copilot session config[39m[32m 1[2mms[22m[39m
[31m     [31m├ù[31m uses COPILOT_MODEL env when extra.model is not provided[39m[32m 1[2mms[22m[39m
[31m     [31m├ù[31m applies configured monitor-monitor minimum timeout bound[39m[32m 1[2mms[22m[39m
[31m     [31m├ù[31m does not apply monitor timeout bounds to non-monitor task keys[39m[32m 1[2mms[22m[39m
[31m     [31m├ù[31m uses INTERNAL_EXECUTOR_STREAM_FIRST_EVENT_TIMEOUT_MS for stalled codex streams[39m[32m 1[2mms[22m[39m
[31m     [31m├ù[31m caps and truncates stored codex stream items[39m[32m 1[2mms[22m[39m
[31m     [31m├ù[31m drops poisoned codex thread metadata when resume state is corrupted[39m[32m 1[2mms[22m[39m
[31m     [31m├ù[31m invalidateThreadAsync prevents reuse of an existing thread[39m[32m 1[2mms[22m[39m
[31m     [31m├ù[31m uses persistent Copilot session IDs without carrying stale Codex thread IDs[39m[32m 3[2mms[22m[39m
[31m     [31m├ù[31m persists and resumes Claude session IDs[39m[32m 1[2mms[22m[39m
[31m     [31m├ù[31m retries after timeout without treating the next attempt as externally aborted[39m[32m 4[2mms[22m[39m
[31m     [31m├ù[31m returns finalResponse on failure with error prefix[39m[32m 2[2mms[22m[39m
[31m     [31m├ù[31m returns error message on failure[39m[32m 2[2mms[22m[39m
[31m     [31m├ù[31m items is always an array[39m[32m 2[2mms[22m[39m
[31m     [31m├ù[31m usage is null for ephemeral threads[39m[32m 2[2mms[22m[39m
[31m     [31m├ù[31m passes options through to launchEphemeralThread[39m[32m 2[2mms[22m[39m
[31m     [31m├ù[31m passes onEvent callback through[39m[32m 2[2mms[22m[39m
[31m     [31m├ù[31m returns (no output) when error is null but success is false[39m[32m 2[2mms[22m[39m
[31m     [31m├ù[31m setPoolSdk affects subsequent launchEphemeralThread calls[39m[32m 2[2mms[22m[39m
[31m     [31m├ù[31m env var change after resetPoolSdkCache is picked up[39m[32m 2[2mms[22m[39m
[31m     [31m├ù[31m disabled SDK env var is respected during launch[39m[32m 2[2mms[22m[39m
[31m     [31m├ù[31m CODEX_SDK_DISABLED=1 skips codex in fallback chain[39m[32m 3[2mms[22m[39m
stderr | tests/task-store.test.mjs > task-store corruption recovery > backs up corrupted store to <storePath>.bak and starts empty
[task-store] Corrupt store detected; backed up original to C:\Users\Sean\AppData\Local\Temp\task-store-corrupt-qZCrar\.bosun\.cache\kanban-state.json.bak
[task-store] Failed to load store, starting fresh: Expected property name or '}' in JSON at position 1 (line 1 column 2)

stderr | tests/task-store.test.mjs > task-store corruption recovery > logs a warning mentioning backup path when store is corrupt
[task-store] Failed to load store, starting fresh: Expected property name or '}' in JSON at position 1 (line 1 column 2)

[90mstdout[2m | tests/task-store.test.mjs[2m > [22m[2mtask-store corruption recovery[2m > [22m[2mdoes not create a backup when the store file contains valid JSON
[22m[39m[task-store] Loaded 1 tasks from disk
stderr | tests/task-store.test.mjs > task-store corruption recovery > tolerates a best-effort backup failure without crashing loadStore
[task-store] Corrupt store detected; backed up original to C:\Users\Sean\AppData\Local\Temp\task-store-bak-fail-2CA4pn\.bosun\.cache\kanban-state.json.bak
[task-store] Failed to load store, starting fresh: Unexpected token 'o', "not json" is not valid JSON


[90mstdout[2m | tests/task-store.test.mjs[2m > [22m[2mtask-store corruption recovery[2m > [22m[2mloads normally when store file does not exist yet
[22m[39m[task-store] No store file found ΓÇö initialised empty store

[90mstdout[2m | tests/task-store.test.mjs[2m > [22m[2mtask-store saveStore atomic rename fallback[2m > [22m[2mfalls back to direct write when rename fails with EXDEV
[22m[39m[task-store] No store file found ΓÇö initialised empty store
[task-store] Added task exdev-1: EXDEV test task

must provide `--title` and `--body` (or `--fill` or `fill-first` or `--fillverbose`) when not running interactively

Usage:  gh pr create [flags]

Flags:
  -a, --assignee login       Assign people by their login. Use "@me" to self-assign.
  -B, --base branch          The branch into which you want your code merged
  -b, --body string          Body for the pull request
  -F, --body-file file       Read body text from file (use "-" to read from standard input)
  -d, --draft                Mark pull request as a draft
      --dry-run              Print details instead of creating the PR. May still push git changes.
  -e, --editor               Skip prompts and open the text editor to write the title and body in. The first line is the title and the remaining text is the body.
  -f, --fill                 Use commit info for title and body
      --fill-first           Use first commit info for title and body
      --fill-verbose         Use commits msg+body for description
  -H, --head branch          The branch that contains commits for your pull request (default [current branch])
  -l, --label name           Add labels by name
  -m, --milestone name       Add the pull request to a milestone by name
      --no-maintainer-edit   Disable maintainer's ability to modify pull request
  -p, --project title        Add the pull request to projects by title
      --recover string       Recover input from a failed run of create
  -r, --reviewer handle      Request reviews from people or teams by their handle
  -T, --template file        Template file to use as starting body text
  -t, --title string         Title for the pull request
  -w, --web                  Open the web browser to create a pull request
  
[90mstdout[2m | tests/shared-state-integration.test.mjs[2m > [22m[2mshared-state-integration[2m > [22m[2mend-to-end flow: claim -> work -> heartbeat -> release[2m > [22m[2mcompletes full lifecycle with local and GitHub sync
[22m[39m[kanban] switched to github backend
[kanban] using github backend

[90mstdout[2m | tests/github-shared-state.test.mjs[2m > [22m[2mgithub-shared-state[2m > [22m[2mpersistSharedStateToIssue[2m > [22m[2mcreates labels and comment for claimed state
[22m[39m[kanban] switched to github backend
[kanban] using github backend

[90mstdout[2m | tests/agent-hooks.test.mjs[2m > [22m[2magent-hooks[2m > [22m[2mregisterHook[2m > [22m[2mshould register a hook and return its ID
[22m[39m[agent-hooks] registered hook "test-prepush-1" for event "PrePush" (blocking)

[90mstdout[2m | tests/agent-hooks.test.mjs[2m > [22m[2magent-hooks[2m > [22m[2mregisterHook[2m > [22m[2mshould auto-generate an ID if not provided
[22m[39m[agent-hooks] registered hook "hook-05c5cc18" for event "SessionStart"

[90mstdout[2m | tests/agent-hooks.test.mjs[2m > [22m[2magent-hooks[2m > [22m[2mregisterHook[2m > [22m[2mshould deduplicate by ID (update instead of add)
[22m[39m[agent-hooks] registered hook "dedup-test" for event "PrePush"
[agent-hooks] updated hook "dedup-test" for event "PrePush"

[90mstdout[2m | tests/agent-hooks.test.mjs[2m > [22m[2magent-hooks[2m > [22m[2mregisterHook[2m > [22m[2mshould normalize SDK wildcards
[22m[39m[agent-hooks] registered hook "sdk-wildcard" for event "SessionStart"

[90mstdout[2m | tests/codex-shell.test.mjs[2m > [22m[2mcodex-shell stream safeguards[2m > [22m[2mretries when first stream event never arrives
[22m[39m[codex-shell] thread reset

[90mstdout[2m | tests/agent-hooks.test.mjs[2m > [22m[2magent-hooks[2m > [22m[2munregisterHook[2m > [22m[2mshould remove a registered hook
[22m[39m[agent-hooks] registered hook "remove-me" for event "PrePush"
[agent-hooks] unregistered hook "remove-me" from event "PrePush"

[90mstdout[2m | tests/agent-hooks.test.mjs[2m > [22m[2magent-hooks[2m > [22m[2mgetRegisteredHooks[2m > [22m[2mshould return hooks for a specific event
[22m[39m[agent-hooks] registered hook "pp-1" for event "PostPush"
[agent-hooks] registered hook "pp-2" for event "PostPush"

[90mstdout[2m | tests/agent-hooks.test.mjs[2m > [22m[2magent-hooks[2m > [22m[2mgetRegisteredHooks[2m > [22m[2mshould return all hooks when no event specified
[22m[39m[agent-hooks] registered hook "ss-1" for event "SessionStart"
[agent-hooks] registered hook "push-1" for event "PrePush"

[90mstdout[2m | tests/agent-hooks.test.mjs[2m > [22m[2magent-hooks[2m > [22m[2mexecuteHooks[2m > [22m[2mshould execute a non-blocking hook successfully
[22m[39m[agent-hooks] registered hook "exec-test" for event "SessionStart"

[90mstdout[2m | tests/agent-hooks.test.mjs[2m > [22m[2magent-hooks[2m > [22m[2mexecuteHooks[2m > [22m[2mshould filter hooks by SDK
[22m[39m[agent-hooks] registered hook "codex-only" for event "SessionStart"
[agent-hooks] registered hook "claude-only" for event "SessionStart"

stderr | tests/agent-hooks.test.mjs > agent-hooks > executeHooks > should return empty array for unknown event
[agent-hooks] executeHooks called with unknown event: "UnknownEvent"

[90mstdout[2m | tests/codex-shell.test.mjs[2m > [22m[2mcodex-shell stream safeguards[2m > [22m[2mretries when first stream event never arrives
[22m[39m[codex-shell] SDK loaded successfully

[90mstdout[2m | tests/codex-shell.test.mjs[2m > [22m[2mcodex-shell stream safeguards[2m > [22m[2mretries when first stream event never arrives
[22m[39m[codex-shell] created Codex instance (provider=openai, stream_idle_timeout=3600000ms, stream_max_retries=15)

[90mstdout[2m | tests/codex-shell.test.mjs[2m > [22m[2mcodex-shell stream safeguards[2m > [22m[2mretries when first stream event never arrives
[22m[39m[codex-shell] new thread started: codex-test-thread-timeout (priming deferred to first user turn, cwd=F:\bosun)

[90mstdout[2m | tests/kanban-adapter.test.mjs[2m > [22m[2mkanban-adapter github backend[2m > [22m[2muses repo slug from config when owner/repo env vars are not set
[22m[39m[kanban] switched to github backend

[90mstdout[2m | tests/kanban-adapter.test.mjs[2m > [22m[2mkanban-adapter github backend[2m > [22m[2muses repo slug from config when owner/repo env vars are not set
[22m[39m[kanban] using github backend

[90mstdout[2m | tests/kanban-adapter.test.mjs[2m > [22m[2mkanban-adapter github backend[2m > [22m[2mhandles non-JSON output for issue close and then fetches updated issue
[22m[39m[kanban] switched to github backend

[90mstdout[2m | tests/kanban-adapter.test.mjs[2m > [22m[2mkanban-adapter github backend[2m > [22m[2mhandles non-JSON output for issue close and then fetches updated issue
[22m[39m[kanban] using github backend

[90mstdout[2m | tests/kanban-adapter.test.mjs[2m > [22m[2mkanban-adapter github backend[2m > [22m[2mcreates issue from URL output and resolves it via issue view
[22m[39m[kanban] switched to github backend

[90mstdout[2m | tests/kanban-adapter.test.mjs[2m > [22m[2mkanban-adapter github backend[2m > [22m[2mcreates issue from URL output and resolves it via issue view
[22m[39m[kanban] using github backend

[90mstdout[2m | tests/kanban-adapter.test.mjs[2m > [22m[2mkanban-adapter github backend[2m > [22m[2mdoes not default assignee to repo owner when user resolution fails
[22m[39m[kanban] switched to github backend

[90mstdout[2m | tests/kanban-adapter.test.mjs[2m > [22m[2mkanban-adapter github backend[2m > [22m[2mdoes not default assignee to repo owner when user resolution fails
[22m[39m[kanban] using github backend

[90mstdout[2m | tests/kanban-adapter.test.mjs[2m > [22m[2mkanban-adapter github backend[2m > [22m[2mfilters listTasks to codex-scoped labels when enforcement is enabled
[22m[39m[kanban] switched to github backend

[90mstdout[2m | tests/kanban-adapter.test.mjs[2m > [22m[2mkanban-adapter github backend[2m > [22m[2mfilters listTasks to codex-scoped labels when enforcement is enabled
[22m[39m[kanban] using github backend

[90mstdout[2m | tests/kanban-adapter.test.mjs[2m > [22m[2mkanban-adapter github backend[2m > [22m[2mdoes not filter by codex labels when enforcement is disabled
[22m[39m[kanban] switched to github backend

[90mstdout[2m | tests/kanban-adapter.test.mjs[2m > [22m[2mkanban-adapter github backend[2m > [22m[2mdoes not filter by codex labels when enforcement is disabled
[22m[39m[kanban] switched to github backend
[kanban] using github backend

[90mstdout[2m | tests/kanban-adapter.test.mjs[2m > [22m[2mkanban-adapter github backend[2m > [22m[2mfalls back to issues when project board listing fails
[22m[39m[kanban] switched to github backend

[90mstdout[2m | tests/kanban-adapter.test.mjs[2m > [22m[2mkanban-adapter github backend[2m > [22m[2mfalls back to issues when project board listing fails
[22m[39m[kanban] using github backend

[90mstdout[2m | tests/kanban-adapter.test.mjs[2m > [22m[2mkanban-adapter github backend[2m > [22m[2mreturns cached tasks during github issue-list backoff failures
[22m[39m[kanban] switched to github backend

[90mstdout[2m | tests/kanban-adapter.test.mjs[2m > [22m[2mkanban-adapter github backend[2m > [22m[2mreturns cached tasks during github issue-list backoff failures
[22m[39m[kanban] using github backend

[90mstdout[2m | tests/kanban-adapter.test.mjs[2m > [22m[2mkanban-adapter github backend[2m > [22m[2mreopens issue and syncs status labels for open-state transitions
[22m[39m[kanban] switched to github backend

[90mstdout[2m | tests/kanban-adapter.test.mjs[2m > [22m[2mkanban-adapter github backend[2m > [22m[2mreopens issue and syncs status labels for open-state transitions
[22m[39m[kanban] using github backend

[90mstdout[2m | tests/kanban-adapter.test.mjs[2m > [22m[2mkanban-adapter github backend[2m > [22m[2mpersists, reads, and ignores shared state through issue labels/comments
[22m[39m[kanban] switched to github backend

[90mstdout[2m | tests/kanban-adapter.test.mjs[2m > [22m[2mkanban-adapter github backend[2m > [22m[2mpersists, reads, and ignores shared state through issue labels/comments
[22m[39m[kanban] using github backend

[90mstdout[2m | tests/kanban-adapter.test.mjs[2m > [22m[2mkanban-adapter github backend[2m > [22m[2mreturns false when shared state persistence exhausts retries
[22m[39m[kanban] switched to github backend

[90mstdout[2m | tests/kanban-adapter.test.mjs[2m > [22m[2mkanban-adapter github backend[2m > [22m[2mreturns false when shared state persistence exhausts retries
[22m[39m[kanban] using github backend

[90mstdout[2m | tests/task-claims.test.mjs[2m > [22m[2mtask-claims[2m > [22m[2mclaimTask[2m > [22m[2mclaims a task successfully
[22m[39m[task-claims] Shared state synced for task-1

[90mstdout[2m | tests/task-claims.test.mjs[2m > [22m[2mtask-claims[2m > [22m[2mclaimTask[2m > [22m[2mreturns idempotent result for same token
[22m[39m[task-claims] Shared state synced for task-1

[90mstdout[2m | tests/task-claims.test.mjs[2m > [22m[2mtask-claims[2m > [22m[2mclaimTask[2m > [22m[2mrejects duplicate claim from different instance
[22m[39m[task-claims] Shared state synced for task-1

[90mstdout[2m | tests/task-claims.test.mjs[2m > [22m[2mtask-claims[2m > [22m[2mclaimTask[2m > [22m[2mstores claim metadata
[22m[39m[task-claims] Shared state synced for task-1

[90mstdout[2m | tests/task-store.test.mjs[2m > [22m[2mtask-store saveStore atomic rename fallback[2m > [22m[2mcleans up tmp file after successful rename
[22m[39m[task-store] No store file found ΓÇö initialised empty store
[task-store] Added task cleanup-1: Cleanup test

[90mstdout[2m | tests/github-shared-state.test.mjs[2m > [22m[2mgithub-shared-state[2m > [22m[2mpersistSharedStateToIssue[2m > [22m[2mupdates existing bosun comment
[22m[39m[kanban] switched to github backend
[kanban] using github backend

[90mstdout[2m | tests/agent-hooks.test.mjs[2m > [22m[2magent-hooks[2m > [22m[2mexecuteHooks[2m > [22m[2mshould handle failing non-blocking hooks gracefully
[22m[39m[agent-hooks] registered hook "fail-nonblock" for event "PostPush"

[90mstdout[2m | tests/github-shared-state.test.mjs[2m > [22m[2mgithub-shared-state[2m > [22m[2mpersistSharedStateToIssue[2m > [22m[2mupdates labels based on status
[22m[39m[kanban] switched to github backend
[kanban] using github backend

[90mstdout[2m | tests/github-shared-state.test.mjs[2m > [22m[2mgithub-shared-state[2m > [22m[2mpersistSharedStateToIssue[2m > [22m[2mretries on failure
[22m[39m[kanban] switched to github backend
[kanban] using github backend

[90mstdout[2m | tests/task-claims.test.mjs[2m > [22m[2mtask-claims[2m > [22m[2mclaimTask[2m > [22m[2mreclaims a task when existing owner is stale/offline
[22m[39m[task-claims] Shared state synced for task-stale

[90mstdout[2m | tests/task-claims.test.mjs[2m > [22m[2mtask-claims[2m > [22m[2mclaimTask[2m > [22m[2mreclaims a task when existing owner is stale/offline
[22m[39m[task-claims] Shared state override warning for task-stale: conflict: existing_owner_active

stderr | tests/agent-hooks.test.mjs > agent-hooks > executeHooks > should handle failing non-blocking hooks gracefully
[agent-hooks] non-blocking hook "fail-nonblock" failed for event "PostPush" (exit 1)

[90mstdout[2m | tests/task-claims.test.mjs[2m > [22m[2mtask-claims[2m > [22m[2mclaimTask[2m > [22m[2mdoes not reclaim when existing owner is active
[22m[39m[task-claims] Shared state synced for task-active

[90mstdout[2m | tests/update-check.test.mjs[2m > [22m[2mupdate-check[2m > [22m[2mstartAutoUpdateLoop[2m > [22m[2mshould respect BOSUN_SKIP_AUTO_UPDATE=1
[22m[39m[auto-update] Disabled via BOSUN_SKIP_AUTO_UPDATE=1

[90mstdout[2m | tests/update-check.test.mjs[2m > [22m[2mupdate-check[2m > [22m[2mstartAutoUpdateLoop[2m > [22m[2mshould track parent process by default
[22m[39m[auto-update] Monitoring parent process PID 47728
[auto-update] Polling every 17 min for upstream changes

[90mstdout[2m | tests/update-check.test.mjs[2m > [22m[2mupdate-check[2m > [22m[2mstartAutoUpdateLoop[2m > [22m[2mshould allow custom parentPid
[22m[39m[auto-update] Monitoring parent process PID 12345
[auto-update] Polling every 17 min for upstream changes

[90mstdout[2m | tests/update-check.test.mjs[2m > [22m[2mupdate-check[2m > [22m[2mstartAutoUpdateLoop[2m > [22m[2mshould clean up intervals when stopped
[22m[39m[auto-update] Monitoring parent process PID 47728
[auto-update] Polling every 17 min for upstream changes

[90mstdout[2m | tests/update-check.test.mjs[2m > [22m[2mupdate-check[2m > [22m[2mparent process monitoring[2m > [22m[2mshould set up parent monitoring interval
[22m[39m[auto-update] Monitoring parent process PID 999999
[auto-update] Polling every 2 min for upstream changes

[90mstdout[2m | tests/update-check.test.mjs[2m > [22m[2mupdate-check[2m > [22m[2mcleanup handlers[2m > [22m[2mshould register signal handlers on first call
[22m[39m[auto-update] Monitoring parent process PID 47728
[auto-update] Polling every 17 min for upstream changes

[90mstdout[2m | tests/workflow-engine.test.mjs[2m > [22m[2mWorkflowEngine - run history details[2m > [22m[2mpersists rich summary metadata and exposes detailed run payload
[22m[39m[workflow-nodes] hello from history test

[90mstdout[2m | tests/update-check.test.mjs[2m > [22m[2mupdate-check[2m > [22m[2mcircuit breaker[2m > [22m[2mpersists disable notice timestamp even if notify callback throws
[22m[39m[auto-update] Monitoring parent process PID 14568
[auto-update] Polling every 17 min for upstream changes

stderr | tests/update-check.test.mjs > update-check > circuit breaker > persists disable notice timestamp even if notify callback throws
[auto-update] notify callback failed: notify failed
[90mstdout[2m | tests/update-check.test.mjs[2m > [22m[2mupdate-check[2m > [22m[2mcircuit breaker[2m > [22m[2mpersists disable notice timestamp even if notify callback throws
[22m[39m[auto-update] :ban: Disabled for 24h after 3 failures (last: EINVAL). Recovery: set BOSUN_SKIP_AUTO_UPDATE=1 or delete .cache/auto-update-state.json then restart.


[90mstdout[2m | tests/task-claims.test.mjs[2m > [22m[2mtask-claims[2m > [22m[2mreleaseTask[2m > [22m[2mreleases a claimed task
[22m[39m[task-claims] Shared state synced for task-1

[90mstdout[2m | tests/task-claims.test.mjs[2m > [22m[2mtask-claims[2m > [22m[2mreleaseTask[2m > [22m[2mreleases a claimed task
[22m[39m[task-claims] Shared state released for task-1

[90mstdout[2m | tests/task-store.test.mjs[2m > [22m[2mtask-store concurrent save consistency[2m > [22m[2mserialises multiple rapid saveStore calls without corruption
[22m[39m[task-store] No store file found ΓÇö initialised empty store
[task-store] Added task concurrent-0: Task 0
[task-store] Added task concurrent-1: Task 1
[task-store] Added task concurrent-2: Task 2
[task-store] Added task concurrent-3: Task 3
[task-store] Added task concurrent-4: Task 4
[task-store] Added task concurrent-5: Task 5
[task-store] Added task concurrent-6: Task 6
[task-store] Added task concurrent-7: Task 7
[task-store] Added task concurrent-8: Task 8
[task-store] Added task concurrent-9: Task 9
[task-store] Added task concurrent-10: Task 10
[task-store] Added task concurrent-11: Task 11
[task-store] Added task concurrent-12: Task 12
[task-store] Added task concurrent-13: Task 13
[task-store] Added task concurrent-14: Task 14
[task-store] Added task concurrent-15: Task 15
[task-store] Added task concurrent-16: Task 16
[task-store] Added task concurrent-17: Task 17
[task-store] Added task concurrent-18: Task 18
[task-store] Added task concurrent-19: Task 19

[90mstdout[2m | tests/opencode-shell.test.mjs[2m > [22m[2mexecOpencodePrompt() ΓÇö server startup failure[2m > [22m[2mreturns error when createOpencode and client-only attach both fail
[22m[39m[opencode-shell] SDK loaded successfully

stderr | tests/opencode-shell.test.mjs > execOpencodePrompt() ΓÇö server startup failure > returns error when createOpencode and client-only attach both fail
[opencode-shell] createOpencode() failed: binary not found ΓÇö trying client-only attach
[opencode-shell] client-only attach also failed: connection refused

[90mstdout[2m | tests/task-claims.test.mjs[2m > [22m[2mtask-claims[2m > [22m[2mreleaseTask[2m > [22m[2mrejects release from different instance without force
[22m[39m[task-claims] Shared state synced for task-1

[90mstdout[2m | tests/opencode-shell.test.mjs[2m > [22m[2mexecOpencodePrompt() ΓÇö happy path[2m > [22m[2mreturns finalResponse from prompt result
[22m[39m[opencode-shell] server started (port 4096)

[90mstdout[2m | tests/opencode-shell.test.mjs[2m > [22m[2mexecOpencodePrompt() ΓÇö happy path[2m > [22m[2mreturns finalResponse from prompt result
[22m[39m[opencode-shell] created server session server-u for "test-happy"

[90mstdout[2m | tests/opencode-shell.test.mjs[2m > [22m[2mexecOpencodePrompt() ΓÇö happy path[2m > [22m[2mreturns finalResponse from prompt result
[22m[39m[opencode-shell] session reset

[90mstdout[2m | tests/opencode-shell.test.mjs[2m > [22m[2mexecOpencodePrompt() ΓÇö happy path[2m > [22m[2mcalls onEvent with formatted strings
[22m[39m[opencode-shell] created server session uuid-onE for "event-session"

[90mstdout[2m | tests/opencode-shell.test.mjs[2m > [22m[2mexecOpencodePrompt() ΓÇö happy path[2m > [22m[2mcalls onEvent with formatted strings
[22m[39m[opencode-shell] session reset

[90mstdout[2m | tests/opencode-shell.test.mjs[2m > [22m[2mexecOpencodePrompt() ΓÇö happy path[2m > [22m[2menriches prompt with statusData context
[22m[39m[opencode-shell] created server session server-u for "status-session"

[90mstdout[2m | tests/opencode-shell.test.mjs[2m > [22m[2mexecOpencodePrompt() ΓÇö happy path[2m > [22m[2menriches prompt with statusData context
[22m[39m[opencode-shell] session reset

[90mstdout[2m | tests/shared-state-integration.test.mjs[2m > [22m[2mshared-state-integration[2m > [22m[2mend-to-end flow: claim -> work -> heartbeat -> release[2m > [22m[2mhandles failure with error tracking
[22m[39m[kanban] switched to github backend
[kanban] using github backend

[90mstdout[2m | tests/opencode-shell.test.mjs[2m > [22m[2mexecOpencodePrompt() ΓÇö happy path[2m > [22m[2mdoes not enrich prompt when statusData is absent
[22m[39m[opencode-shell] created server session server-u for "bare-session"

[90mstdout[2m | tests/opencode-shell.test.mjs[2m > [22m[2mexecOpencodePrompt() ΓÇö happy path[2m > [22m[2mdoes not enrich prompt when statusData is absent
[22m[39m[opencode-shell] session reset

[90mstdout[2m | tests/opencode-shell.test.mjs[2m > [22m[2mexecOpencodePrompt() ΓÇö happy path[2m > [22m[2mincludes model config when OPENCODE_MODEL is set
[22m[39m[opencode-shell] created server session server-u for "model-session"

[90mstdout[2m | tests/opencode-shell.test.mjs[2m > [22m[2mexecOpencodePrompt() ΓÇö happy path[2m > [22m[2mincludes model config when OPENCODE_MODEL is set
[22m[39m[opencode-shell] session reset

[90mstdout[2m | tests/opencode-shell.test.mjs[2m > [22m[2mexecOpencodePrompt() ΓÇö happy path[2m > [22m[2momits model when OPENCODE_MODEL is not set
[22m[39m[opencode-shell] created server session server-u for "no-model-session"

[90mstdout[2m | tests/opencode-shell.test.mjs[2m > [22m[2mexecOpencodePrompt() ΓÇö happy path[2m > [22m[2momits model when OPENCODE_MODEL is not set
[22m[39m[opencode-shell] session reset

[90mstdout[2m | tests/opencode-shell.test.mjs[2m > [22m[2mexecOpencodePrompt() ΓÇö busy guard[2m > [22m[2mrejects concurrent turns
[22m[39m[opencode-shell] created server session uuid-bus for "busy-1"

[90mstdout[2m | tests/task-claims.test.mjs[2m > [22m[2mtask-claims[2m > [22m[2mreleaseTask[2m > [22m[2mallows force release from different instance
[22m[39m[task-claims] Shared state synced for task-1

[90mstdout[2m | tests/opencode-shell.test.mjs[2m > [22m[2mexecOpencodePrompt() ΓÇö busy guard[2m > [22m[2mrejects concurrent turns
[22m[39m[opencode-shell] session reset

[90mstdout[2m | tests/opencode-shell.test.mjs[2m > [22m[2mexecOpencodePrompt() ΓÇö transient retry[2m > [22m[2mretries on 503 error and succeeds
[22m[39m[opencode-shell] created server session uuid-ret for "retry-session"

stderr | tests/opencode-shell.test.mjs > execOpencodePrompt() ΓÇö transient retry > retries on 503 error and succeeds
[opencode-shell] transient error (attempt 1/5): 503 service unavailable ΓÇö retrying in 0ms

[90mstdout[2m | tests/task-claims.test.mjs[2m > [22m[2mtask-claims[2m > [22m[2mreleaseTask[2m > [22m[2mallows force release from different instance
[22m[39m[task-claims] Shared state released for task-1

 [31mΓ¥»[39m tests/branch-routing.test.mjs [2m([22m[2m0 test[22m[2m)[22m
[90mstdout[2m | tests/shared-state-integration.test.mjs[2m > [22m[2mshared-state-integration[2m > [22m[2mmulti-agent conflict scenario[2m > [22m[2mprevents concurrent claims when first agent is active
[22m[39m[kanban] switched to github backend
[kanban] using github backend

[90mstdout[2m | tests/agent-hooks.test.mjs[2m > [22m[2magent-hooks[2m > [22m[2mexecuteBlockingHooks[2m > [22m[2mshould pass when all blocking hooks succeed
[22m[39m[agent-hooks] registered hook "block-pass-1" for event "PrePush" (blocking)
[agent-hooks] registered hook "block-pass-2" for event "PrePush" (blocking)
[agent-hooks] blocking hook "block-pass-1" passed (26ms)
[agent-hooks] blocking hook "block-pass-2" passed (47ms)
[agent-hooks] all 2 blocking hook(s) passed for "PrePush"

[90mstdout[2m | tests/opencode-shell.test.mjs[2m > [22m[2mexecOpencodePrompt() ΓÇö transient retry[2m > [22m[2mretries on 503 error and succeeds
[22m[39m[opencode-shell] session reset

[90mstdout[2m | tests/opencode-shell.test.mjs[2m > [22m[2mexecOpencodePrompt() ΓÇö transient retry[2m > [22m[2mreturns error message after exhausting all retries
[22m[39m[opencode-shell] created server session uuid-exh for "exhaust-session"

stderr | tests/opencode-shell.test.mjs > execOpencodePrompt() ΓÇö transient retry > returns error message after exhausting all retries
[opencode-shell] transient error (attempt 1/5): 503 service unavailable ΓÇö retrying in 0ms

[90mstdout[2m | tests/shared-state-integration.test.mjs[2m > [22m[2mshared-state-integration[2m > [22m[2mmulti-agent conflict scenario[2m > [22m[2mallows takeover when first agent becomes stale
[22m[39m[kanban] switched to github backend
[kanban] using github backend

[90mstdout[2m | tests/task-claims.test.mjs[2m > [22m[2mtask-claims[2m > [22m[2mrenewClaim[2m > [22m[2mrenews a claim with new TTL
[22m[39m[task-claims] Shared state synced for task-1

 [32mΓ£ô[39m tests/fleet-coordinator.test.mjs [2m([22m[2m60 tests[22m[2m)[22m[33m 390[2mms[22m[39m
stderr | tests/opencode-shell.test.mjs > execOpencodePrompt() ΓÇö transient retry > returns error message after exhausting all retries
[opencode-shell] transient error (attempt 2/5): 503 service unavailable ΓÇö retrying in 0ms

stderr | tests/opencode-shell.test.mjs > execOpencodePrompt() ΓÇö transient retry > returns error message after exhausting all retries
[opencode-shell] transient error (attempt 3/5): 503 service unavailable ΓÇö retrying in 0ms

[90mstdout[2m | tests/agent-hooks.test.mjs[2m > [22m[2magent-hooks[2m > [22m[2mexecuteBlockingHooks[2m > [22m[2mshould fail when a blocking hook returns non-zero
[22m[39m[agent-hooks] registered hook "block-fail" for event "PreCommit" (blocking)

stderr | tests/agent-hooks.test.mjs > agent-hooks > executeBlockingHooks > should fail when a blocking hook returns non-zero
[agent-hooks] BLOCKING FAILURE: hook "block-fail" for event "PreCommit" ΓÇö exit 42 (42ms)
[agent-hooks] 1/1 blocking hook(s) FAILED for "PreCommit"

[90mstdout[2m | tests/agent-hooks.test.mjs[2m > [22m[2magent-hooks[2m > [22m[2mexecuteBlockingHooks[2m > [22m[2mshould skip non-blocking hooks
[22m[39m[agent-hooks] registered hook "non-block-skip" for event "PrePR"

stderr | tests/agent-hooks.test.mjs > agent-hooks > executeBlockingHooks > should return passed for unknown events
[agent-hooks] executeBlockingHooks called with unknown event: "NoSuchEvent"

[90mstdout[2m | tests/agent-hooks.test.mjs[2m > [22m[2magent-hooks[2m > [22m[2mregisterBuiltinHooks[2m > [22m[2mshould register built-in PrePush and TaskComplete hooks
[22m[39m[agent-hooks] registered hook "builtin-prepush-preflight" for event "PrePush" (blocking)
[agent-hooks] registered hook "builtin-task-complete-validation" for event "TaskComplete" (blocking)
[agent-hooks] registered hook "builtin-session-health-check" for event "SessionStart"
[agent-hooks] registered hook "builtin-prepush-fetch" for event "PrePush"
[agent-hooks] built-in hooks registered

[90mstdout[2m | tests/agent-hooks.test.mjs[2m > [22m[2magent-hooks[2m > [22m[2mregisterBuiltinHooks[2m > [22m[2mshould register builtins with blocking=true
[22m[39m[agent-hooks] registered hook "builtin-prepush-preflight" for event "PrePush" (blocking)
[agent-hooks] registered hook "builtin-task-complete-validation" for event "TaskComplete" (blocking)
[agent-hooks] registered hook "builtin-session-health-check" for event "SessionStart"
[agent-hooks] registered hook "builtin-prepush-fetch" for event "PrePush"
[agent-hooks] built-in hooks registered

[90mstdout[2m | tests/agent-hooks.test.mjs[2m > [22m[2magent-hooks[2m > [22m[2mregisterBuiltinHooks[2m > [22m[2mshould be idempotent (no duplicates on re-call)
[22m[39m[agent-hooks] registered hook "builtin-prepush-preflight" for event "PrePush" (blocking)
[agent-hooks] registered hook "builtin-task-complete-validation" for event "TaskComplete" (blocking)
[agent-hooks] registered hook "builtin-session-health-check" for event "SessionStart"
[agent-hooks] registered hook "builtin-prepush-fetch" for event "PrePush"
[agent-hooks] built-in hooks registered
[agent-hooks] updated hook "builtin-prepush-preflight" for event "PrePush"
[agent-hooks] updated hook "builtin-task-complete-validation" for event "TaskComplete"
[agent-hooks] updated hook "builtin-session-health-check" for event "SessionStart"
[agent-hooks] updated hook "builtin-prepush-fetch" for event "PrePush"
[agent-hooks] built-in hooks registered

[90mstdout[2m | tests/agent-hooks.test.mjs[2m > [22m[2magent-hooks[2m > [22m[2mregisterBuiltinHooks[2m > [22m[2mshould skip builtins when mode=off
[22m[39m[agent-hooks] built-in hooks disabled (mode=off)

[90mstdout[2m | tests/agent-hooks.test.mjs[2m > [22m[2magent-hooks[2m > [22m[2mregisterBuiltinHooks[2m > [22m[2mshould auto-skip prepush builtin when custom prepush exists
[22m[39m[agent-hooks] registered hook "custom-prepush" for event "PrePush" (blocking)
[agent-hooks] skipped built-in PrePush hook (mode=auto)
[agent-hooks] registered hook "builtin-task-complete-validation" for event "TaskComplete" (blocking)
[agent-hooks] registered hook "builtin-session-health-check" for event "SessionStart"
[agent-hooks] built-in hooks registered

[90mstdout[2m | tests/workflow-templates-e2e.test.mjs[2m > [22m[2mworkflow-templates E2E execution[2m > [22m[2mall templates execute without engine errors[2m > [22m[2mtemplate-pr-conflict-resolver installs, executes, and returns valid context
[22m[39m[workflow-nodes] PR Conflict Resolver: no unhandled bosun-attached conflicts found

[90mstdout[2m | tests/agent-hooks.test.mjs[2m > [22m[2magent-hooks[2m > [22m[2mregisterBuiltinHooks[2m > [22m[2mshould force builtins when mode=force even with custom hooks
[22m[39m[agent-hooks] registered hook "custom-prepush" for event "PrePush" (blocking)
[agent-hooks] registered hook "builtin-prepush-preflight" for event "PrePush" (blocking)
[agent-hooks] registered hook "builtin-task-complete-validation" for event "TaskComplete" (blocking)
[agent-hooks] registered hook "builtin-session-health-check" for event "SessionStart"
[agent-hooks] registered hook "builtin-prepush-fetch" for event "PrePush"
[agent-hooks] built-in hooks registered

[90mstdout[2m | tests/agent-hooks.test.mjs[2m > [22m[2magent-hooks[2m > [22m[2mloadHooks[2m > [22m[2mshould load hooks from a config file
[22m[39m[agent-hooks] registered hook "from-file-1" for event "SessionStart"
[agent-hooks] registered hook "from-file-push" for event "PrePush" (blocking)
[agent-hooks] loaded 2 hook(s) from F:\bosun\.cache\test-hooks\hooks.json

stderr | tests/opencode-shell.test.mjs > execOpencodePrompt() ΓÇö transient retry > returns error message after exhausting all retries
[opencode-shell] transient error (attempt 4/5): 503 service unavailable ΓÇö retrying in 0ms

stderr | tests/agent-hooks.test.mjs > agent-hooks > loadHooks > should return 0 for missing config file
[agent-hooks] config file not found: F:\nonexistent\path.json

stderr | tests/agent-hooks.test.mjs > agent-hooks > loadHooks > should return 0 for invalid JSON
[agent-hooks] invalid JSON in config file: F:\bosun\.cache\test-hooks\bad.json Unexpected token 'o', "not json {{{" is not valid JSON

[90mstdout[2m | tests/agent-hooks.test.mjs[2m > [22m[2magent-hooks[2m > [22m[2mloadHooks[2m > [22m[2mshould support 'agentHooks' key as alternative
[22m[39m[agent-hooks] registered hook "alt-key" for event "PostPR"
[agent-hooks] loaded 1 hook(s) from F:\bosun\.cache\test-hooks\hooks.json

[90mstdout[2m | tests/agent-hooks.test.mjs[2m > [22m[2magent-hooks[2m > [22m[2mloadHooks[2m > [22m[2mshould ignore unknown event names in config
[22m[39m[agent-hooks] registered hook "real" for event "PrePush"
[agent-hooks] loaded 1 hook(s) from F:\bosun\.cache\test-hooks\hooks.json

stderr | tests/agent-hooks.test.mjs > agent-hooks > loadHooks > should ignore unknown event names in config
[agent-hooks] ignoring unknown hook event "FakeEvent" in config

[90mstdout[2m | tests/workflow-templates-e2e.test.mjs[2m > [22m[2mworkflow-templates E2E execution[2m > [22m[2mall templates execute without engine errors[2m > [22m[2mtemplate-stale-pr-reaper installs, executes, and returns valid context
[22m[39m[workflow-nodes] No stale PRs found

[90mstdout[2m | tests/context-cache.test.mjs[2m > [22m[2mcontext-cache[2m > [22m[2mpruneToolLogCache[2m > [22m[2mprunes entries older than maxAgeMs
[22m[39m[context-cache] pruned 206 expired tool log(s)

[90mstdout[2m | tests/opencode-shell.test.mjs[2m > [22m[2mexecOpencodePrompt() ΓÇö transient retry[2m > [22m[2mreturns error message after exhausting all retries
[22m[39m[opencode-shell] session reset

[90mstdout[2m | tests/opencode-shell.test.mjs[2m > [22m[2mexecOpencodePrompt() ΓÇö timeout abort[2m > [22m[2mreturns timeout message and calls session.abort
[22m[39m[opencode-shell] created server session uuid-tim for "timeout-session"

 [32mΓ£ô[39m tests/presence.test.mjs [2m([22m[2m31 tests[22m[2m)[22m[32m 130[2mms[22m[39m
 [32mΓ£ô[39m tests/github-oauth-portal.test.mjs [2m([22m[2m14 tests[22m[2m)[22m[32m 134[2mms[22m[39m
[90mstdout[2m | tests/workflow-templates-e2e.test.mjs[2m > [22m[2mworkflow-templates E2E execution[2m > [22m[2mall templates execute without engine errors[2m > [22m[2mtemplate-release-drafter installs, executes, and returns valid context
[22m[39m[workflow-nodes] Release notes draft saved to RELEASE_DRAFT.md ΓÇö review and publish when ready

[90mstdout[2m | tests/workflow-templates-e2e.test.mjs[2m > [22m[2mworkflow-templates E2E execution[2m > [22m[2mall templates execute without engine errors[2m > [22m[2mtemplate-bosun-pr-watchdog installs, executes, and returns valid context
[22m[39m[workflow-nodes] Bosun PR Watchdog: no open bosun-attached PRs found ΓÇö idle

 [32mΓ£ô[39m tests/diff-stats.test.mjs [2m([22m[2m6 tests[22m[2m)[22m[32m 126[2mms[22m[39m
[90mstdout[2m | tests/workflow-templates-e2e.test.mjs[2m > [22m[2mworkflow-templates E2E execution[2m > [22m[2mall templates execute without engine errors[2m > [22m[2mtemplate-github-kanban-sync installs, executes, and returns valid context
[22m[39m[workflow-nodes] No bosun PR changes to sync this cycle

[90mstdout[2m | tests/opencode-shell.test.mjs[2m > [22m[2mexecOpencodePrompt() ΓÇö timeout abort[2m > [22m[2mreturns timeout message and calls session.abort
[22m[39m[opencode-shell] session reset

[90mstdout[2m | tests/opencode-shell.test.mjs[2m > [22m[2msteerOpencodePrompt()[2m > [22m[2mcalls session.abort and returns ok:true when session is active
[22m[39m[opencode-shell] created server session server-u for "steer-session"

[90mstdout[2m | tests/opencode-shell.test.mjs[2m > [22m[2msteerOpencodePrompt()[2m > [22m[2mcalls session.abort and returns ok:true when session is active
[22m[39m[opencode-shell] session reset

[90mstdout[2m | tests/opencode-shell.test.mjs[2m > [22m[2msteerOpencodePrompt()[2m > [22m[2mreturns ok:false with reason when no active session
[22m[39m[opencode-shell] session reset

[90mstdout[2m | tests/opencode-shell.test.mjs[2m > [22m[2msteerOpencodePrompt()[2m > [22m[2mreturns ok:false when SDK not opencode
[22m[39m[opencode-shell] session reset

[90mstdout[2m | tests/opencode-shell.test.mjs[2m > [22m[2mresetSession()[2m > [22m[2mclears turn state and session map
[22m[39m[opencode-shell] created server session server-u for "reset-me"

[90mstdout[2m | tests/opencode-shell.test.mjs[2m > [22m[2mresetSession()[2m > [22m[2mclears turn state and session map
[22m[39m[opencode-shell] session reset

[90mstdout[2m | tests/opencode-shell.test.mjs[2m > [22m[2mSession management ΓÇö listSessions / switchSession / createSession[2m > [22m[2mcreateSession returns {id, serverSessionId:null} for new sessions
[22m[39m[opencode-shell] session reset

[90mstdout[2m | tests/opencode-shell.test.mjs[2m > [22m[2mSession management ΓÇö listSessions / switchSession / createSession[2m > [22m[2mlistSessions includes sessions established via exec
[22m[39m[opencode-shell] created server session server-u for "list-sess-a"

[90mstdout[2m | tests/opencode-shell.test.mjs[2m > [22m[2mSession management ΓÇö listSessions / switchSession / createSession[2m > [22m[2mlistSessions includes sessions established via exec
[22m[39m[opencode-shell] session reset

[90mstdout[2m | tests/opencode-shell.test.mjs[2m > [22m[2mSession management ΓÇö listSessions / switchSession / createSession[2m > [22m[2mswitchSession updates activeNamedSessionId
[22m[39m[opencode-shell] created server session server-u for "switch-a"

[90mstdout[2m | tests/opencode-shell.test.mjs[2m > [22m[2mSession management ΓÇö listSessions / switchSession / createSession[2m > [22m[2mswitchSession updates activeNamedSessionId
[22m[39m[opencode-shell] switched to session "switch-b"

[90mstdout[2m | tests/opencode-shell.test.mjs[2m > [22m[2mSession management ΓÇö listSessions / switchSession / createSession[2m > [22m[2mswitchSession updates activeNamedSessionId
[22m[39m[opencode-shell] session reset

[90mstdout[2m | tests/opencode-shell.test.mjs[2m > [22m[2mEvent formatting ΓÇö formatOpencodeEvent (via onEvent)[2m > [22m[2mformats tool.start bash
[22m[39m[opencode-shell] created server session X for "fmt-tool.start-bash"

[90mstdout[2m | tests/opencode-shell.test.mjs[2m > [22m[2mEvent formatting ΓÇö formatOpencodeEvent (via onEvent)[2m > [22m[2mformats tool.start bash
[22m[39m[opencode-shell] session reset

[90mstdout[2m | tests/opencode-shell.test.mjs[2m > [22m[2mEvent formatting ΓÇö formatOpencodeEvent (via onEvent)[2m > [22m[2mformats tool.complete bash success
[22m[39m[opencode-shell] created server session X for "fmt-tool.complete-bash-success"

[90mstdout[2m | tests/opencode-shell.test.mjs[2m > [22m[2mEvent formatting ΓÇö formatOpencodeEvent (via onEvent)[2m > [22m[2mformats tool.complete bash success
[22m[39m[opencode-shell] session reset

[90mstdout[2m | tests/opencode-shell.test.mjs[2m > [22m[2mEvent formatting ΓÇö formatOpencodeEvent (via onEvent)[2m > [22m[2mformats tool.complete bash failure
[22m[39m[opencode-shell] created server session X for "fmt-tool.complete-bash-failure"

[90mstdout[2m | tests/opencode-shell.test.mjs[2m > [22m[2mEvent formatting ΓÇö formatOpencodeEvent (via onEvent)[2m > [22m[2mformats tool.complete bash failure
[22m[39m[opencode-shell] session reset

[90mstdout[2m | tests/opencode-shell.test.mjs[2m > [22m[2mEvent formatting ΓÇö formatOpencodeEvent (via onEvent)[2m > [22m[2mformats tool.start write
[22m[39m[opencode-shell] created server session X for "fmt-tool.start-write"

[90mstdout[2m | tests/opencode-shell.test.mjs[2m > [22m[2mEvent formatting ΓÇö formatOpencodeEvent (via onEvent)[2m > [22m[2mformats tool.start write
[22m[39m[opencode-shell] session reset

[90mstdout[2m | tests/opencode-shell.test.mjs[2m > [22m[2mEvent formatting ΓÇö formatOpencodeEvent (via onEvent)[2m > [22m[2mformats tool.start web_search
[22m[39m[opencode-shell] created server session X for "fmt-tool.start-web_search"

[90mstdout[2m | tests/opencode-shell.test.mjs[2m > [22m[2mEvent formatting ΓÇö formatOpencodeEvent (via onEvent)[2m > [22m[2mformats tool.start web_search
[22m[39m[opencode-shell] session reset

[90mstdout[2m | tests/opencode-shell.test.mjs[2m > [22m[2mEvent formatting ΓÇö formatOpencodeEvent (via onEvent)[2m > [22m[2mformats tool.start MCP
[22m[39m[opencode-shell] created server session X for "fmt-tool.start-MCP"

[90mstdout[2m | tests/opencode-shell.test.mjs[2m > [22m[2mEvent formatting ΓÇö formatOpencodeEvent (via onEvent)[2m > [22m[2mformats tool.start MCP
[22m[39m[opencode-shell] session reset

[90mstdout[2m | tests/opencode-shell.test.mjs[2m > [22m[2mEvent formatting ΓÇö formatOpencodeEvent (via onEvent)[2m > [22m[2mformats session.error
[22m[39m[opencode-shell] created server session X for "fmt-session.error"

[90mstdout[2m | tests/opencode-shell.test.mjs[2m > [22m[2mEvent formatting ΓÇö formatOpencodeEvent (via onEvent)[2m > [22m[2mformats session.error
[22m[39m[opencode-shell] session reset

[90mstdout[2m | tests/opencode-shell.test.mjs[2m > [22m[2mEvent formatting ΓÇö formatOpencodeEvent (via onEvent)[2m > [22m[2mformats file.created
[22m[39m[opencode-shell] created server session X for "fmt-file.created"

[90mstdout[2m | tests/opencode-shell.test.mjs[2m > [22m[2mEvent formatting ΓÇö formatOpencodeEvent (via onEvent)[2m > [22m[2mformats file.created
[22m[39m[opencode-shell] session reset

[90mstdout[2m | tests/opencode-shell.test.mjs[2m > [22m[2mState persistence[2m > [22m[2msaveState and loadState roundtrip
[22m[39m[opencode-shell] created server session server-u for "persist-1"

[90mstdout[2m | tests/opencode-shell.test.mjs[2m > [22m[2mState persistence[2m > [22m[2msaveState and loadState roundtrip
[22m[39m[opencode-shell] loaded state: named=persist-1, turns=1, sessions=1

[90mstdout[2m | tests/opencode-shell.test.mjs[2m > [22m[2mState persistence[2m > [22m[2msaveState and loadState roundtrip
[22m[39m[opencode-shell] initialised (server will start on first prompt)

[90mstdout[2m | tests/opencode-shell.test.mjs[2m > [22m[2minitOpencodeShell()[2m > [22m[2mcompletes without error when SDK is available
[22m[39m[opencode-shell] loaded state: named=persist-1, turns=1, sessions=1

[90mstdout[2m | tests/opencode-shell.test.mjs[2m > [22m[2minitOpencodeShell()[2m > [22m[2mcompletes without error when SDK is available
[22m[39m[opencode-shell] initialised (server will start on first prompt)

[90mstdout[2m | tests/opencode-shell.test.mjs[2m > [22m[2minitOpencodeShell()[2m > [22m[2mcompletes without error when OPENCODE_SDK_DISABLED=1
[22m[39m[opencode-shell] loaded state: named=persist-1, turns=1, sessions=1

stderr | tests/opencode-shell.test.mjs > initOpencodeShell() > completes without error when OPENCODE_SDK_DISABLED=1
[opencode-shell] SDK disabled via OPENCODE_SDK_DISABLED ΓÇö skipping init

 [32mΓ£ô[39m tests/opencode-shell.test.mjs [2m([22m[2m33 tests[22m[2m)[22m[32m 181[2mms[22m[39m
[90mstdout[2m | tests/task-claims.test.mjs[2m > [22m[2mtask-claims[2m > [22m[2mrenewClaim[2m > [22m[2mrejects renewal from different instance
[22m[39m[task-claims] Shared state synced for task-1

[90mstdout[2m | tests/workflow-migration.test.mjs[2m > [22m[2mMigrationGuard[2m > [22m[2mregister puts module in shadow mode by default
[22m[39m[workflow-migration] Registered maintenance.mjs ΓåÆ workflow wf-123 (mode: shadow)

[90mstdout[2m | tests/workflow-migration.test.mjs[2m > [22m[2mMigrationGuard[2m > [22m[2mregister with explicit WORKFLOW mode disables legacy
[22m[39m[workflow-migration] Registered maintenance.mjs ΓåÆ workflow wf-123 (mode: workflow)

[90mstdout[2m | tests/workflow-migration.test.mjs[2m > [22m[2mMigrationGuard[2m > [22m[2msetMode transitions from shadow to workflow
[22m[39m[workflow-migration] Registered maintenance.mjs ΓåÆ workflow wf-123 (mode: shadow)
[workflow-migration] maintenance.mjs: shadow ΓåÆ workflow
stderr | tests/workflow-templates-e2e.test.mjs > workflow-templates E2E execution > all templates execute without engine errors > template-frontend-agent installs, executes, and returns valid context
[workflow-nodes] Frontend verification failed for {{taskId}}: evidenceDir=.bosun/evidence reason=no_evidence evidenceCount=0


[90mstdout[2m | tests/workflow-migration.test.mjs[2m > [22m[2mMigrationGuard[2m > [22m[2msetMode transitions from workflow back to legacy (rollback)
[22m[39m[workflow-migration] Registered maintenance.mjs ΓåÆ workflow wf-123 (mode: workflow)
[workflow-migration] maintenance.mjs: workflow ΓåÆ legacy

[90mstdout[2m | tests/task-claims.test.mjs[2m > [22m[2mtask-claims[2m > [22m[2mrenewClaim[2m > [22m[2mrejects renewal with wrong token
[22m[39m[task-claims] Shared state synced for task-1

 [32mΓ£ô[39m tests/context-cache.test.mjs [2m([22m[2m43 tests[22m[2m)[22m[32m 203[2mms[22m[39m
[90mstdout[2m | tests/workflow-migration.test.mjs[2m > [22m[2mMigrationGuard[2m > [22m[2mpersists state to disk and reloads
[22m[39m[workflow-migration] Registered maintenance.mjs ΓåÆ workflow wf-123 (mode: shadow)
[workflow-migration] maintenance.mjs: shadow ΓåÆ workflow

(node:14568) ExperimentalWarning: SQLite is an experimental feature and might change at any time
(Use `node --trace-warnings ...` to show where the warning was created)
[90mstdout[2m | tests/workflow-migration.test.mjs[2m > [22m[2mMigrationGuard[2m > [22m[2maddShadowLog tracks shadow-mode execution results
[22m[39m[workflow-migration] Registered maintenance.mjs ΓåÆ workflow wf-123 (mode: shadow)

[90mstdout[2m | tests/task-claims.test.mjs[2m > [22m[2mtask-claims[2m > [22m[2mlistClaims[2m > [22m[2mlists all active claims
[22m[39m[task-claims] Shared state synced for task-1

[90mstdout[2m | tests/task-claims.test.mjs[2m > [22m[2mtask-claims[2m > [22m[2mlistClaims[2m > [22m[2mlists all active claims
[22m[39m[task-claims] Shared state synced for task-2

[90mstdout[2m | tests/task-store.test.mjs[2m > [22m[2mtask-store concurrent save consistency[2m > [22m[2mserialises multiple rapid saveStore calls without corruption
[22m[39m[task-store] Loaded 20 tasks from disk

[90mstdout[2m | tests/task-claims.test.mjs[2m > [22m[2mtask-claims[2m > [22m[2mlistClaims[2m > [22m[2mlists all active claims
[22m[39m[task-claims] Shared state synced for task-3

[90mstdout[2m | tests/workflow-templates-e2e.test.mjs[2m > [22m[2mworkflow-templates E2E execution[2m > [22m[2mall templates execute without engine errors[2m > [22m[2mtemplate-agent-session-monitor installs, executes, and returns valid context
[22m[39m[workflow-nodes] No active agent sessions to monitor

[90mstdout[2m | tests/task-store.test.mjs[2m > [22m[2mtask-store concurrent save consistency[2m > [22m[2mfinal in-memory state is consistent after interleaved add+update
[22m[39m[task-store] No store file found ΓÇö initialised empty store
[task-store] Added task interleaved-1: Original title

 [32mΓ£ô[39m tests/manual-flows.test.mjs [2m([22m[2m40 tests[22m[2m)[22m[33m 364[2mms[22m[39m
stderr | tests/anomaly-detector.test.mjs > Circuit breaker escalation > escalates git push warn to kill after repeated warnings
[anomaly-detector] circuit breaker: GIT_PUSH_LOOP fired 3x for gitpush- ΓÇö escalating to KILL

[90mstdout[2m | tests/task-claims.test.mjs[2m > [22m[2mtask-claims[2m > [22m[2mlistClaims[2m > [22m[2mfilters claims by instance ID
[22m[39m[task-claims] Shared state synced for task-1

[90mstdout[2m | tests/workflow-templates-e2e.test.mjs[2m > [22m[2mworkflow-templates E2E execution[2m > [22m[2mall templates execute without engine errors[2m > [22m[2mtemplate-backend-agent installs, executes, and returns valid context
[22m[39m[workflow-nodes] Backend agent completed task ΓÇö PR lifecycle handoff recorded

[90mstdout[2m | tests/task-claims.test.mjs[2m > [22m[2mtask-claims[2m > [22m[2mlistClaims[2m > [22m[2mfilters claims by instance ID
[22m[39m[task-claims] Shared state synced for task-2

[90mstdout[2m | tests/workflow-migration.test.mjs[2m > [22m[2mMigrationGuard[2m > [22m[2mshadow log is capped at 50 entries
[22m[39m[workflow-migration] Registered maintenance.mjs ΓåÆ workflow wf-123 (mode: shadow)

[90mstdout[2m | tests/task-claims.test.mjs[2m > [22m[2mtask-claims[2m > [22m[2mlistClaims[2m > [22m[2mfilters claims by instance ID
[22m[39m[task-claims] Shared state synced for task-3

[90mstdout[2m | tests/workflow-migration.test.mjs[2m > [22m[2mMigrationGuard[2m > [22m[2mrecordValidation tracks pass/fail
[22m[39m[workflow-migration] Registered maintenance.mjs ΓåÆ workflow wf-123 (mode: shadow)

[90mstdout[2m | tests/workflow-migration.test.mjs[2m > [22m[2mMigrationGuard[2m > [22m[2munregister removes module from tracking
[22m[39m[workflow-migration] Registered maintenance.mjs ΓåÆ workflow wf-123 (mode: shadow)
[workflow-migration] Unregistered maintenance.mjs from migration

[90mstdout[2m | tests/workflow-migration.test.mjs[2m > [22m[2mMigrationGuard[2m > [22m[2mgetStatus returns full status for all tracked modules
[22m[39m[workflow-migration] Registered maintenance.mjs ΓåÆ workflow wf-1 (mode: shadow)
[workflow-migration] Registered anomaly-detector.mjs ΓåÆ workflow wf-2 (mode: workflow)

[90mstdout[2m | tests/task-claims.test.mjs[2m > [22m[2mtask-claims[2m > [22m[2mlistClaims[2m > [22m[2mexcludes expired claims by default
[22m[39m[task-claims] Shared state synced for task-1

[90mstdout[2m | tests/workflow-migration.test.mjs[2m > [22m[2mMigrationGuard[2m > [22m[2mdiscoverFromEngine finds workflows with replaces metadata
[22m[39m[workflow-migration] Registered maintenance.mjs ΓåÆ workflow wf-test-1 (mode: shadow)

[90mstdout[2m | tests/workflow-migration.test.mjs[2m > [22m[2mMigrationGuard[2m > [22m[2mdiscoverFromEngine does not overwrite existing registrations
[22m[39m[workflow-migration] Registered maintenance.mjs ΓåÆ workflow wf-old (mode: workflow)

[90mstdout[2m | tests/workflow-migration.test.mjs[2m > [22m[2mdual-execution prevention[2m > [22m[2mmode=legacy: legacy and workflow never BOTH run in full mode
[22m[39m[workflow-migration] Registered test.mjs ΓåÆ workflow wf-x (mode: legacy)

[90mstdout[2m | tests/workflow-migration.test.mjs[2m > [22m[2mdual-execution prevention[2m > [22m[2mmode=shadow: legacy and workflow never BOTH run in full mode
[22m[39m[workflow-migration] Registered test.mjs ΓåÆ workflow wf-x (mode: shadow)

[90mstdout[2m | tests/task-claims.test.mjs[2m > [22m[2mtask-claims[2m > [22m[2mlistClaims[2m > [22m[2mincludes expired claims when requested
[22m[39m[task-claims] Shared state synced for task-1

[90mstdout[2m | tests/workflow-migration.test.mjs[2m > [22m[2mdual-execution prevention[2m > [22m[2mmode=workflow: legacy and workflow never BOTH run in full mode
[22m[39m[workflow-migration] Registered test.mjs ΓåÆ workflow wf-x (mode: workflow)

 [32mΓ£ô[39m tests/workflow-migration.test.mjs [2m([22m[2m23 tests[22m[2m)[22m[32m 98[2mms[22m[39m
[90mstdout[2m | tests/task-claims.test.mjs[2m > [22m[2mtask-claims[2m > [22m[2misTaskClaimed[2m > [22m[2mreturns true for claimed task
[22m[39m[task-claims] Shared state synced for task-1

stderr | tests/anomaly-detector.test.mjs > Circuit breaker escalation > escalates git push warn to kill after repeated warnings
[anomaly-detector] circuit breaker: GIT_PUSH_LOOP fired 4x for gitpush- ΓÇö escalating to KILL

 [32mΓ£ô[39m tests/anomaly-detector.test.mjs [2m([22m[2m40 tests[22m[2m)[22m[33m 409[2mms[22m[39m
 [32mΓ£ô[39m tests/update-check.test.mjs [2m([22m[2m10 tests[22m[2m)[22m[33m 320[2mms[22m[39m
       [33m[2mΓ£ô[22m[39m persists disable notice timestamp even if notify callback throws [33m 307[2mms[22m[39m
[90mstdout[2m | tests/workflow-templates-e2e.test.mjs[2m > [22m[2mworkflow-templates E2E execution[2m > [22m[2mall templates execute without engine errors[2m > [22m[2mtemplate-task-planner installs, executes, and returns valid context
[22m[39m[workflow-nodes] Task planner triggered: 0 tasks remaining (threshold: 3)

[90mstdout[2m | tests/task-claims.test.mjs[2m > [22m[2mtask-claims[2m > [22m[2mgetClaimStats[2m > [22m[2mcalculates statistics correctly
[22m[39m[task-claims] Shared state synced for task-1

[90mstdout[2m | tests/agent-hooks.test.mjs[2m > [22m[2magent-hooks[2m > [22m[2menvironment variables[2m > [22m[2mshould pass VE_ env vars to hook processes
[22m[39m[agent-hooks] registered hook "env-check" for event "PostCommit" (blocking)
[agent-hooks] blocking hook "env-check" passed for event "PostCommit" (214ms)

[90mstdout[2m | tests/agent-hooks.test.mjs[2m > [22m[2magent-hooks[2m > [22m[2mresetHooks[2m > [22m[2mshould clear all registered hooks
[22m[39m[agent-hooks] registered hook "will-reset" for event "PrePush"
[agent-hooks] registered hook "also-reset" for event "SessionStart"

 [32mΓ£ô[39m tests/agent-hooks.test.mjs [2m([22m[2m34 tests[22m[2m)[22m[33m 420[2mms[22m[39m
[90mstdout[2m | tests/task-claims.test.mjs[2m > [22m[2mtask-claims[2m > [22m[2mgetClaimStats[2m > [22m[2mcalculates statistics correctly
[22m[39m[task-claims] Shared state synced for task-2

(node:14568) ExperimentalWarning: SQLite is an experimental feature and might change at any time
(Use `node --trace-warnings ...` to show where the warning was created)
[90mstdout[2m | tests/task-claims.test.mjs[2m > [22m[2mtask-claims[2m > [22m[2mgetClaimStats[2m > [22m[2mcalculates statistics correctly
[22m[39m[task-claims] Shared state synced for task-3

[90mstdout[2m | tests/task-store.test.mjs[2m > [22m[2mtask-store concurrent save consistency[2m > [22m[2mfinal in-memory state is consistent after interleaved add+update
[22m[39m[task-store] Loaded 1 tasks from disk

 [32mΓ£ô[39m tests/voice-auth-manager-oauth.test.mjs [2m([22m[2m49 tests[22m[2m)[22m[32m 118[2mms[22m[39m
[90mstdout[2m | tests/whatsapp-channel.test.mjs[2m > [22m[2mwhatsapp-channel[2m > [22m[2msendWhatsAppMessage[2m > [22m[2mqueues message when not connected (does not throw)
[22m[39m[whatsapp] disconnected, message queued (queue: 1)

[90mstdout[2m | tests/whatsapp-channel.test.mjs[2m > [22m[2mwhatsapp-channel[2m > [22m[2mstopWhatsAppChannel[2m > [22m[2mdoes not throw when not started
[22m[39m[whatsapp] channel stopped

[90mstdout[2m | tests/whatsapp-channel.test.mjs[2m > [22m[2mwhatsapp-channel[2m > [22m[2mstartWhatsAppChannel[2m > [22m[2mresolves without error when disabled
[22m[39m[whatsapp] disabled (set WHATSAPP_ENABLED=1 to enable)

 [32mΓ£ô[39m tests/task-store.test.mjs [2m([22m[2m12 tests[22m[2m)[22m[33m 529[2mms[22m[39m
 [32mΓ£ô[39m tests/whatsapp-channel.test.mjs [2m([22m[2m14 tests[22m[2m)[22m[32m 70[2mms[22m[39m
[90mstdout[2m | tests/task-claims.test.mjs[2m > [22m[2mtask-claims[2m > [22m[2mgetClaimStats[2m > [22m[2mcounts expired claims separately
[22m[39m[task-claims] Shared state synced for task-1

 [32mΓ£ô[39m tests/library-manager.test.mjs [2m([22m[2m47 tests[22m[2m)[22m[33m 490[2mms[22m[39m
[90mstdout[2m | tests/workflow-templates-e2e.test.mjs[2m > [22m[2mworkflow-templates E2E execution[2m > [22m[2mall templates execute without engine errors[2m > [22m[2mtemplate-sprint-retrospective installs, executes, and returns valid context
[22m[39m[workflow-nodes] Sprint retrospective complete ΓÇö no action items generated

[90mstdout[2m | tests/task-claims.test.mjs[2m > [22m[2mtask-claims[2m > [22m[2mcoordinator override[2m > [22m[2mcoordinator can override existing non-coordinator claim
[22m[39m[task-claims] Shared state synced for task-1

 [32mΓ£ô[39m tests/context-indexer.test.mjs [2m([22m[2m2 tests[22m[2m)[22m[32m 123[2mms[22m[39m
 [32mΓ£ô[39m tests/task-claims.test.mjs [2m([22m[2m32 tests[22m[2m)[22m[33m 549[2mms[22m[39m
 [32mΓ£ô[39m tests/workspace-lease-renewal.test.mjs [2m([22m[2m5 tests[22m[2m)[22m[32m 58[2mms[22m[39m
 [32mΓ£ô[39m tests/voice-relay.test.mjs [2m([22m[2m37 tests[22m[2m)[22m[32m 83[2mms[22m[39m
[90mstdout[2m | tests/workflow-guaranteed.test.mjs[2m > [22m[2mguaranteed: all templates execute without engine errors[2m > [22m[2mtemplate-release-drafter
[22m[39m[workflow-nodes] Release notes draft saved to RELEASE_DRAFT.md ΓÇö review and publish when ready

[90mstdout[2m | tests/workflow-templates-e2e.test.mjs[2m > [22m[2mworkflow-templates E2E execution[2m > [22m[2mall templates execute without engine errors[2m > [22m[2mtemplate-error-recovery installs, executes, and returns valid context
[22m[39m[workflow-nodes] Task {{taskId}} recovered automatically by error-recovery workflow

[90mstdout[2m | tests/workflow-templates-e2e.test.mjs[2m > [22m[2mworkflow-templates E2E execution[2m > [22m[2mall templates execute without engine errors[2m > [22m[2mtemplate-workspace-hygiene installs, executes, and returns valid context
[22m[39m[workflow-nodes] Workspace hygiene sweep completed (max worktree age target: 48h)

 [32mΓ£ô[39m tests/voice-agents-sdk.test.mjs [2m([22m[2m35 tests[22m[2m)[22m[32m 74[2mms[22m[39m
[90mstdout[2m | tests/maintenance-lock-ownership.test.mjs[2m > [22m[2macquireMonitorLock[2m > [22m[2mreplaces same-pid lock when owner token mismatches
[22m[39m[maintenance] monitor PID file written: C:\Users\Sean\AppData\Local\Temp\bosun-lock-owner-X0AwZR\bosun.pid
stderr | tests/maintenance-lock-ownership.test.mjs > acquireMonitorLock > replaces same-pid lock when owner token mismatches
[maintenance] PID file uses current PID but lock owner identity mismatched; replacing lock
[maintenance] removing stale PID file (PID {
  "pid": 14568,
  "started_at": "2001-01-01T00:00:00.000Z",
  "argv": [
    "node",
    "monitor.mjs"

  ],
  "lock_token": "foreign-token"
} no longer alive)

[90mstdout[2m | tests/maintenance-lock-ownership.test.mjs[2m > [22m[2macquireMonitorLock[2m > [22m[2mis re-entrant for the same process lock owner
[22m[39m[maintenance] monitor PID file written: C:\Users\Sean\AppData\Local\Temp\bosun-lock-owner-I8xYAd\bosun.pid

[90mstdout[2m | tests/maintenance-lock-ownership.test.mjs[2m > [22m[2macquireMonitorLock[2m > [22m[2mreplaces same-pid pre-token lock files with mismatched start time
[22m[39m[maintenance] monitor PID file written: C:\Users\Sean\AppData\Local\Temp\bosun-lock-owner-MrCBs7\bosun.pid

stderr | tests/maintenance-lock-ownership.test.mjs > acquireMonitorLock > replaces same-pid pre-token lock files with mismatched start time
[maintenance] PID file uses current PID but lock owner identity mismatched; replacing lock
[maintenance] removing stale PID file (PID {
  "pid": 14568,
  "started_at": "1999-01-01T00:00:00.000Z",
  "argv": [
    "node",
    "monitor.mjs"
  ]
} no longer alive)
[90mstdout[2m | tests/maintenance-lock-ownership.test.mjs[2m > [22m[2macquireMonitorLock[2m > [22m[2mreplaces stale lock files that reference dead processes
[22m[39m[maintenance] monitor PID file written: C:\Users\Sean\AppData\Local\Temp\bosun-lock-owner-DBdrfn\bosun.pid


stderr | tests/maintenance-lock-ownership.test.mjs > acquireMonitorLock > replaces stale lock files that reference dead processes
[maintenance] removing stale PID file (PID 2147483647 no longer alive)

[90mstdout[2m | tests/maintenance-lock-ownership.test.mjs[2m > [22m[2macquireMonitorLock[2m > [22m[2mreplaces malformed lock files
[22m[39m[maintenance] monitor PID file written: C:\Users\Sean\AppData\Local\Temp\bosun-lock-owner-yOA1QQ\bosun.pid

stderr | tests/maintenance-lock-ownership.test.mjs > acquireMonitorLock > replaces malformed lock files
[maintenance] removing stale PID file (PID {not-json no longer alive)

[90mstdout[2m | tests/workflow-guaranteed.test.mjs[2m > [22m[2mguaranteed: all templates execute without engine errors[2m > [22m[2mtemplate-bosun-pr-watchdog
[22m[39m[workflow-nodes] Bosun PR Watchdog: no open bosun-attached PRs found ΓÇö idle

stderr | tests/maintenance-lock-ownership.test.mjs > acquireMonitorLock > does not block startup on unexpected lock write errors
[maintenance] failed to write PID file: ENOENT: no such file or directory, open 'C:\Users\Sean\AppData\Local\Temp\bosun-lock-owner-Sq9FnF\occupied-path\bosun.pid'

stderr | tests/workflow-templates-e2e.test.mjs > workflow-templates E2E execution > all templates execute without engine errors > template-task-repair-worktree installs, executes, and returns valid context
[workflow-nodes] Task repair skipped for {{taskId}} ΓÇö missing worktreePath in event payload

stderr | tests/workflow-templates-e2e.test.mjs > workflow-templates E2E execution > all templates execute without engine errors > template-task-orphan-worktree-recovery installs, executes, and returns valid context
[workflow-nodes] Orphan recovery workflow produced invalid JSON output. Check tools/workflow-orphan-worktree-recovery.mjs execution logs.

 [32mΓ£ô[39m tests/primary-agent.runtime.test.mjs [2m([22m[2m5 tests[22m[2m)[22m[32m 65[2mms[22m[39m
 [32mΓ£ô[39m tests/maintenance-lock-ownership.test.mjs [2m([22m[2m15 tests[22m[2m)[22m[32m 52[2mms[22m[39m
stderr | tests/workflow-templates-e2e.test.mjs > workflow-templates E2E execution > all templates execute without engine errors > template-task-status-transition-manager installs, executes, and returns valid context
[workflow-nodes] Task {{taskId}} transition ignored: unsupported target status '{{targetStatus}}'

 [32mΓ£ô[39m tests/workflow-back-edges.test.mjs [2m([22m[2m27 tests[22m[2m)[22m[33m 521[2mms[22m[39m
 [32mΓ£ô[39m tests/config-doctor.test.mjs [2m([22m[2m17 tests[22m[2m)[22m[33m 793[2mms[22m[39m
 [32mΓ£ô[39m tests/container-runner.test.mjs [2m([22m[2m16 tests[22m[2m)[22m[32m 284[2mms[22m[39m
 [32mΓ£ô[39m tests/agent-prompts.test.mjs [2m([22m[2m6 tests[22m[2m)[22m[32m 80[2mms[22m[39m
 [32mΓ£ô[39m tests/agent-custom-tools.test.mjs [2m([22m[2m65 tests[22m[2m)[22m[33m 703[2mms[22m[39m
[90mstdout[2m | tests/agent-supervisor.test.mjs[2m > [22m[2magent-supervisor[2m > [22m[2mcreateAgentSupervisor[2m > [22m[2mreturns an AgentSupervisor instance
[22m[39m[agent-supervisor] stopped

[90mstdout[2m | tests/agent-supervisor.test.mjs[2m > [22m[2magent-supervisor[2m > [22m[2mcreateAgentSupervisor[2m > [22m[2mexposes SITUATION and INTERVENTION enums
[22m[39m[agent-supervisor] stopped

[90mstdout[2m | tests/agent-supervisor.test.mjs[2m > [22m[2magent-supervisor[2m > [22m[2mstart / stop[2m > [22m[2mstarts without error
[22m[39m[agent-supervisor] started (assess every 60s)

[90mstdout[2m | tests/agent-supervisor.test.mjs[2m > [22m[2magent-supervisor[2m > [22m[2mstart / stop[2m > [22m[2mstarts without error
[22m[39m[agent-supervisor] stopped

[90mstdout[2m | tests/agent-supervisor.test.mjs[2m > [22m[2magent-supervisor[2m > [22m[2mstart / stop[2m > [22m[2mstops without error
[22m[39m[agent-supervisor] started (assess every 60s)
[agent-supervisor] stopped

[90mstdout[2m | tests/agent-supervisor.test.mjs[2m > [22m[2magent-supervisor[2m > [22m[2mstart / stop[2m > [22m[2mstops without error
[22m[39m[agent-supervisor] stopped

[90mstdout[2m | tests/agent-supervisor.test.mjs[2m > [22m[2magent-supervisor[2m > [22m[2mstart / stop[2m > [22m[2mis idempotent on start
[22m[39m[agent-supervisor] started (assess every 60s)

[90mstdout[2m | tests/agent-supervisor.test.mjs[2m > [22m[2magent-supervisor[2m > [22m[2mstart / stop[2m > [22m[2mis idempotent on start
[22m[39m[agent-supervisor] stopped

[90mstdout[2m | tests/agent-supervisor.test.mjs[2m > [22m[2magent-supervisor[2m > [22m[2massess[2m > [22m[2mreturns HEALTHY for no signals
[22m[39m[agent-supervisor] stopped

[90mstdout[2m | tests/agent-supervisor.test.mjs[2m > [22m[2magent-supervisor[2m > [22m[2massess[2m > [22m[2mdetects rate_limited from error text
[22m[39m[agent-supervisor] stopped

[90mstdout[2m | tests/agent-supervisor.test.mjs[2m > [22m[2magent-supervisor[2m > [22m[2massess[2m > [22m[2mdetects rate_limit_flood when 3+ rate limits in sequence
[22m[39m[agent-supervisor] stopped

[90mstdout[2m | tests/agent-supervisor.test.mjs[2m > [22m[2magent-supervisor[2m > [22m[2massess[2m > [22m[2mdetects api_error from ECONNREFUSED
[22m[39m[agent-supervisor] stopped

[90mstdout[2m | tests/agent-supervisor.test.mjs[2m > [22m[2magent-supervisor[2m > [22m[2massess[2m > [22m[2mdetects token_overflow
[22m[39m[agent-supervisor] stopped

[90mstdout[2m | tests/agent-supervisor.test.mjs[2m > [22m[2magent-supervisor[2m > [22m[2massess[2m > [22m[2mdetects session_expired
[22m[39m[agent-supervisor] stopped

[90mstdout[2m | tests/agent-supervisor.test.mjs[2m > [22m[2magent-supervisor[2m > [22m[2massess[2m > [22m[2mdetects model_error
[22m[39m[agent-supervisor] stopped

[90mstdout[2m | tests/agent-supervisor.test.mjs[2m > [22m[2magent-supervisor[2m > [22m[2massess[2m > [22m[2mdetects build_failure
[22m[39m[agent-supervisor] stopped

[90mstdout[2m | tests/agent-supervisor.test.mjs[2m > [22m[2magent-supervisor[2m > [22m[2massess[2m > [22m[2mdetects test_failure
[22m[39m[agent-supervisor] stopped

[90mstdout[2m | tests/agent-supervisor.test.mjs[2m > [22m[2magent-supervisor[2m > [22m[2massess[2m > [22m[2mdetects git_conflict
[22m[39m[agent-supervisor] stopped

[90mstdout[2m | tests/agent-supervisor.test.mjs[2m > [22m[2magent-supervisor[2m > [22m[2massess[2m > [22m[2mdetects push_failure
[22m[39m[agent-supervisor] stopped

[90mstdout[2m | tests/agent-supervisor.test.mjs[2m > [22m[2magent-supervisor[2m > [22m[2massess[2m > [22m[2mdetects pre_push_failure
[22m[39m[agent-supervisor] stopped

[90mstdout[2m | tests/agent-supervisor.test.mjs[2m > [22m[2magent-supervisor[2m > [22m[2massess[2m > [22m[2mdetects no_commits from context
[22m[39m[agent-supervisor] stopped

[90mstdout[2m | tests/agent-supervisor.test.mjs[2m > [22m[2magent-supervisor[2m > [22m[2massess[2m > [22m[2mdetects poor_quality from review result
[22m[39m[agent-supervisor] stopped

[90mstdout[2m | tests/agent-supervisor.test.mjs[2m > [22m[2magent-supervisor[2m > [22m[2massess[2m > [22m[2mrespects situation override from context
[22m[39m[agent-supervisor] stopped

[90mstdout[2m | tests/agent-supervisor.test.mjs[2m > [22m[2magent-supervisor[2m > [22m[2mhealth score[2m > [22m[2mreturns 0-100 range
[22m[39m[agent-supervisor] stopped

[90mstdout[2m | tests/agent-supervisor.test.mjs[2m > [22m[2magent-supervisor[2m > [22m[2mhealth score[2m > [22m[2mscores higher with no signals than with errors
[22m[39m[agent-supervisor] stopped

[90mstdout[2m | tests/agent-supervisor.test.mjs[2m > [22m[2magent-supervisor[2m > [22m[2mintervention escalation[2m > [22m[2mescalates through the ladder for plan_stuck
[22m[39m[agent-supervisor] stopped

[90mstdout[2m | tests/agent-supervisor.test.mjs[2m > [22m[2magent-supervisor[2m > [22m[2mintervention escalation[2m > [22m[2mescalates for idle_hard from continue to inject to new thread to block
[22m[39m[agent-supervisor] stopped

[90mstdout[2m | tests/agent-supervisor.test.mjs[2m > [22m[2magent-supervisor[2m > [22m[2mintervention escalation[2m > [22m[2mdoes not escalate for HEALTHY
[22m[39m[agent-supervisor] stopped

[90mstdout[2m | tests/agent-supervisor.test.mjs[2m > [22m[2magent-supervisor[2m > [22m[2mrecovery prompts[2m > [22m[2mgenerates plan_stuck prompt mentioning task title
[22m[39m[agent-supervisor] stopped

[90mstdout[2m | tests/agent-supervisor.test.mjs[2m > [22m[2magent-supervisor[2m > [22m[2mrecovery prompts[2m > [22m[2mgenerates false_completion prompt
[22m[39m[agent-supervisor] stopped

[90mstdout[2m | tests/agent-supervisor.test.mjs[2m > [22m[2magent-supervisor[2m > [22m[2mrecovery prompts[2m > [22m[2mgenerates no_commits prompt
[22m[39m[agent-supervisor] stopped

[90mstdout[2m | tests/agent-supervisor.test.mjs[2m > [22m[2magent-supervisor[2m > [22m[2mrecovery prompts[2m > [22m[2mgenerates commits_not_pushed prompt with branch
[22m[39m[agent-supervisor] stopped

[90mstdout[2m | tests/agent-supervisor.test.mjs[2m > [22m[2magent-supervisor[2m > [22m[2mrecovery prompts[2m > [22m[2mgenerates tool_loop prompt
[22m[39m[agent-supervisor] stopped

[90mstdout[2m | tests/agent-supervisor.test.mjs[2m > [22m[2magent-supervisor[2m > [22m[2mrecovery prompts[2m > [22m[2mgenerates error_loop prompt
[22m[39m[agent-supervisor] stopped

[90mstdout[2m | tests/workflow-templates-e2e.test.mjs[2m > [22m[2mworkflow-templates E2E execution[2m > [22m[2mall templates execute without engine errors[2m > [22m[2mtemplate-sync-engine installs, executes, and returns valid context
[22m[39m[workflow-nodes] Kanban sync complete ΓÇö pulled: {{pullCount}}, pushed: {{pushCount}}, conflicts: {{conflictCount}}

[90mstdout[2m | tests/workflow-guaranteed.test.mjs[2m > [22m[2mguaranteed: all templates execute without engine errors[2m > [22m[2mtemplate-github-kanban-sync
[22m[39m[workflow-nodes] No bosun PR changes to sync this cycle

[90mstdout[2m | tests/agent-supervisor.test.mjs[2m > [22m[2magent-supervisor[2m > [22m[2mrecovery prompts[2m > [22m[2mgenerates poor_quality prompt with review issues
[22m[39m[agent-supervisor] intervening on task-1: poor_quality ΓåÆ dispatch_fix (reason: poor_quality)

[90mstdout[2m | tests/agent-supervisor.test.mjs[2m > [22m[2magent-supervisor[2m > [22m[2mrecovery prompts[2m > [22m[2mgenerates poor_quality prompt with review issues
stderr | tests/agent-supervisor.test.mjs > agent-supervisor > recovery prompts > generates poor_quality prompt with review issues
[22m[39m[agent-supervisor] stopped
[agent-supervisor] review REJECTED for task-1: 1 critical, 0 major issues (quality: 70)

[90mstdout[2m | tests/agent-supervisor.test.mjs[2m > [22m[2magent-supervisor[2m > [22m[2mrecovery prompts[2m > [22m[2mreturns null for HEALTHY (no prompt needed)
[22m[39m[agent-supervisor] stopped


[90mstdout[2m | tests/agent-supervisor.test.mjs[2m > [22m[2magent-supervisor[2m > [22m[2mintervene[2m > [22m[2mdispatches CONTINUE_SIGNAL
[22m[39m[agent-supervisor] intervening on task-1: idle_hard ΓåÆ continue_signal (reason: idle)

[90mstdout[2m | tests/agent-supervisor.test.mjs[2m > [22m[2magent-supervisor[2m > [22m[2mintervene[2m > [22m[2mdispatches CONTINUE_SIGNAL
[22m[39m[agent-supervisor] stopped

[90mstdout[2m | tests/agent-supervisor.test.mjs[2m > [22m[2magent-supervisor[2m > [22m[2mintervene[2m > [22m[2mdispatches INJECT_PROMPT
[22m[39m[agent-supervisor] intervening on task-1: build_failure ΓåÆ inject_prompt (reason: build failure)

[90mstdout[2m | tests/agent-supervisor.test.mjs[2m > [22m[2magent-supervisor[2m > [22m[2mintervene[2m > [22m[2mdispatches INJECT_PROMPT
[22m[39m[agent-supervisor] stopped

[90mstdout[2m | tests/agent-supervisor.test.mjs[2m > [22m[2magent-supervisor[2m > [22m[2mintervene[2m > [22m[2mdispatches FORCE_NEW_THREAD
[22m[39m[agent-supervisor] intervening on task-1: token_overflow ΓåÆ force_new_thread (reason: token overflow)

[90mstdout[2m | tests/agent-supervisor.test.mjs[2m > [22m[2magent-supervisor[2m > [22m[2mintervene[2m > [22m[2mdispatches FORCE_NEW_THREAD
[22m[39m[agent-supervisor] stopped

[90mstdout[2m | tests/agent-supervisor.test.mjs[2m > [22m[2magent-supervisor[2m > [22m[2mintervene[2m > [22m[2mdispatches REDISPATCH_TASK
[22m[39m[agent-supervisor] intervening on task-1: agent_dead ΓåÆ redispatch_task (reason: agent dead)

[90mstdout[2m | tests/agent-supervisor.test.mjs[2m > [22m[2magent-supervisor[2m > [22m[2mintervene[2m > [22m[2mdispatches REDISPATCH_TASK
[22m[39m[agent-supervisor] stopped

[90mstdout[2m | tests/agent-supervisor.test.mjs[2m > [22m[2magent-supervisor[2m > [22m[2mintervene[2m > [22m[2mdispatches BLOCK_AND_NOTIFY with telegram
[22m[39m[agent-supervisor] intervening on task-1: error_loop ΓåÆ block_and_notify (reason: max retries)

[90mstdout[2m | tests/agent-supervisor.test.mjs[2m > [22m[2magent-supervisor[2m > [22m[2mintervene[2m > [22m[2mdispatches BLOCK_AND_NOTIFY with telegram
[22m[39m[agent-supervisor] stopped

[90mstdout[2m | tests/agent-supervisor.test.mjs[2m > [22m[2magent-supervisor[2m > [22m[2mintervene[2m > [22m[2mdispatches PAUSE_EXECUTOR
[22m[39m[agent-supervisor] intervening on task-1: rate_limit_flood ΓåÆ pause_executor (reason: rate limit flood)

[90mstdout[2m | tests/agent-supervisor.test.mjs[2m > [22m[2magent-supervisor[2m > [22m[2mintervene[2m > [22m[2mdispatches PAUSE_EXECUTOR
[22m[39m[agent-supervisor] stopped

[90mstdout[2m | tests/agent-supervisor.test.mjs[2m > [22m[2magent-supervisor[2m > [22m[2mintervene[2m > [22m[2mdispatches DISPATCH_FIX with review issues
[22m[39m[agent-supervisor] intervening on task-1: poor_quality ΓåÆ dispatch_fix (reason: poor_quality)
[agent-supervisor] intervening on task-1: poor_quality ΓåÆ dispatch_fix (reason: review rejected)

stderr | tests/agent-supervisor.test.mjs > agent-supervisor > intervene > dispatches DISPATCH_FIX with review issues
[agent-supervisor] review REJECTED for task-1: 1 critical, 0 major issues (quality: 70)

[90mstdout[2m | tests/agent-supervisor.test.mjs[2m > [22m[2magent-supervisor[2m > [22m[2mintervene[2m > [22m[2mdispatches DISPATCH_FIX with review issues
[22m[39m[agent-supervisor] stopped

[90mstdout[2m | tests/workflow-templates-e2e.test.mjs[2m > [22m[2mworkflow-templates E2E execution[2m > [22m[2mall templates execute without engine errors[2m > [22m[2mtemplate-dependency-audit installs, executes, and returns valid context
[22m[39m[workflow-nodes] Dependency audit clean ΓÇö no vulnerabilities found

[90mstdout[2m | tests/agent-supervisor.test.mjs[2m > [22m[2magent-supervisor[2m > [22m[2mintervene[2m > [22m[2mNONE does nothing
[22m[39m[agent-supervisor] intervening on task-1: healthy ΓåÆ none (reason: healthy)

[90mstdout[2m | tests/agent-supervisor.test.mjs[2m > [22m[2magent-supervisor[2m > [22m[2mintervene[2m > [22m[2mNONE does nothing
[22m[39m[agent-supervisor] stopped

[90mstdout[2m | tests/agent-supervisor.test.mjs[2m > [22m[2magent-supervisor[2m > [22m[2mintervene[2m > [22m[2mhandles errors gracefully
[22m[39m[agent-supervisor] intervening on task-1: idle_hard ΓåÆ continue_signal (reason: test)

stderr | tests/agent-supervisor.test.mjs > agent-supervisor > intervene > handles errors gracefully
[agent-supervisor] intervention failed for task-1: connection lost
[90mstdout[2m | tests/agent-supervisor.test.mjs[2m > [22m[2magent-supervisor[2m > [22m[2mintervene[2m > [22m[2mhandles errors gracefully
[22m[39m[agent-supervisor] stopped


[90mstdout[2m | tests/agent-supervisor.test.mjs[2m > [22m[2magent-supervisor[2m > [22m[2massessAndIntervene[2m > [22m[2massesses and dispatches in one call
[22m[39m[agent-supervisor] intervening on task-1: plan_stuck ΓåÆ inject_prompt (reason: plan_stuck)

[90mstdout[2m | tests/agent-supervisor.test.mjs[2m > [22m[2magent-supervisor[2m > [22m[2massessAndIntervene[2m > [22m[2massesses and dispatches in one call
[22m[39m[agent-supervisor] stopped

[90mstdout[2m | tests/agent-supervisor.test.mjs[2m > [22m[2magent-supervisor[2m > [22m[2massessAndIntervene[2m > [22m[2mdoes not dispatch for HEALTHY
[22m[39m[agent-supervisor] stopped

[90mstdout[2m | tests/agent-supervisor.test.mjs[2m > [22m[2magent-supervisor[2m > [22m[2mreview enforcement[2m > [22m[2mrecords approved review
[22m[39m[agent-supervisor] review approved for task-1

[90mstdout[2m | tests/agent-supervisor.test.mjs[2m > [22m[2magent-supervisor[2m > [22m[2mreview enforcement[2m > [22m[2mrecords approved review
[22m[39m[agent-supervisor] stopped

[90mstdout[2m | tests/agent-supervisor.test.mjs[2m > [22m[2magent-supervisor[2m > [22m[2mreview enforcement[2m > [22m[2mrecords rejected review and dispatches fix
[22m[39m[agent-supervisor] intervening on task-1: poor_quality ΓåÆ dispatch_fix (reason: poor_quality)

stderr | tests/agent-supervisor.test.mjs > agent-supervisor > review enforcement > records rejected review and dispatches fix
[agent-supervisor] review REJECTED for task-1: 1 critical, 1 major issues (quality: 55)

[90mstdout[2m | tests/agent-supervisor.test.mjs[2m > [22m[2magent-supervisor[2m > [22m[2mreview enforcement[2m > [22m[2mrecords rejected review and dispatches fix
[22m[39m[agent-supervisor] stopped

[90mstdout[2m | tests/agent-supervisor.test.mjs[2m > [22m[2magent-supervisor[2m > [22m[2mreview enforcement[2m > [22m[2mcanComplete returns false when review rejected
[22m[39m[agent-supervisor] intervening on task-1: poor_quality ΓåÆ dispatch_fix (reason: poor_quality)

stderr | tests/agent-supervisor.test.mjs > agent-supervisor > review enforcement > canComplete returns false when review rejected
[agent-supervisor] review REJECTED for task-1: 1 critical, 0 major issues (quality: 70)

[90mstdout[2m | tests/agent-supervisor.test.mjs[2m > [22m[2magent-supervisor[2m > [22m[2mreview enforcement[2m > [22m[2mcanComplete returns false when review rejected
[22m[39m[agent-supervisor] stopped

[90mstdout[2m | tests/agent-supervisor.test.mjs[2m > [22m[2magent-supervisor[2m > [22m[2mreview enforcement[2m > [22m[2mcanComplete returns true when review approved
[22m[39m[agent-supervisor] review approved for task-1

[90mstdout[2m | tests/agent-supervisor.test.mjs[2m > [22m[2magent-supervisor[2m > [22m[2mreview enforcement[2m > [22m[2mcanComplete returns true when review approved
[22m[39m[agent-supervisor] stopped

[90mstdout[2m | tests/agent-supervisor.test.mjs[2m > [22m[2magent-supervisor[2m > [22m[2mreview enforcement[2m > [22m[2mcanComplete returns true for untracked tasks
[22m[39m[agent-supervisor] stopped

[90mstdout[2m | tests/agent-supervisor.test.mjs[2m > [22m[2magent-supervisor[2m > [22m[2mverifyCompletion[2m > [22m[2mreturns HEALTHY for good completion
[22m[39m[agent-supervisor] stopped

[90mstdout[2m | tests/agent-supervisor.test.mjs[2m > [22m[2magent-supervisor[2m > [22m[2mverifyCompletion[2m > [22m[2mdetects no commits
[22m[39m[agent-supervisor] stopped

[90mstdout[2m | tests/agent-supervisor.test.mjs[2m > [22m[2magent-supervisor[2m > [22m[2mverifyCompletion[2m > [22m[2mdetects no PR
[22m[39m[agent-supervisor] stopped

[90mstdout[2m | tests/agent-supervisor.test.mjs[2m > [22m[2magent-supervisor[2m > [22m[2mverifyCompletion[2m > [22m[2mdetects plan_stuck from output
[22m[39m[agent-supervisor] stopped

[90mstdout[2m | tests/agent-supervisor.test.mjs[2m > [22m[2magent-supervisor[2m > [22m[2mverifyCompletion[2m > [22m[2mdetects false completion from output without commits
[22m[39m[agent-supervisor] stopped

[90mstdout[2m | tests/agent-supervisor.test.mjs[2m > [22m[2magent-supervisor[2m > [22m[2mdiagnostics[2m > [22m[2mgetTaskDiagnostics returns null for unknown task
[22m[39m[agent-supervisor] stopped

[90mstdout[2m | tests/agent-supervisor.test.mjs[2m > [22m[2magent-supervisor[2m > [22m[2mdiagnostics[2m > [22m[2mgetTaskDiagnostics returns data after assessment
[22m[39m[agent-supervisor] stopped

[90mstdout[2m | tests/autofix.test.mjs[2m > [22m[2mgetFixAttemptCount[2m > [22m[2mincrements per signature
[22m[39m[autofix] npm mode ΓÇö loop fix: analysis only

[90mstdout[2m | tests/autofix.test.mjs[2m > [22m[2mgetFixAttemptCount[2m > [22m[2mincrements per signature
[22m[39m[autofix] npm mode ΓÇö loop fix: analysis only

[90mstdout[2m | tests/autofix.test.mjs[2m > [22m[2mgetFixAttemptCount[2m > [22m[2mkeeps counts isolated per signature
[22m[39m[autofix] npm mode ΓÇö loop fix: analysis only

[90mstdout[2m | tests/autofix.test.mjs[2m > [22m[2mgetFixAttemptCount[2m > [22m[2mkeeps counts isolated per signature
[22m[39m[autofix] npm mode ΓÇö loop fix: analysis only

[90mstdout[2m | tests/agent-supervisor.test.mjs[2m > [22m[2magent-supervisor[2m > [22m[2mdiagnostics[2m > [22m[2mgetAllDiagnostics returns all tracked tasks
[22m[39m[agent-supervisor] stopped

[90mstdout[2m | tests/agent-supervisor.test.mjs[2m > [22m[2magent-supervisor[2m > [22m[2mdiagnostics[2m > [22m[2mgetSystemHealth returns expected shape
[22m[39m[agent-supervisor] started (assess every 60s)

[90mstdout[2m | tests/agent-supervisor.test.mjs[2m > [22m[2magent-supervisor[2m > [22m[2mdiagnostics[2m > [22m[2mgetSystemHealth returns expected shape
[22m[39m[agent-supervisor] stopped

[90mstdout[2m | tests/agent-supervisor.test.mjs[2m > [22m[2magent-supervisor[2m > [22m[2mresetTask[2m > [22m[2mclears all state for a task
[22m[39m[agent-supervisor] stopped

[90mstdout[2m | tests/agent-supervisor.test.mjs[2m > [22m[2magent-supervisor[2m > [22m[2medge cases[2m > [22m[2mhandles missing dispatch functions gracefully
[22m[39m[agent-supervisor] intervening on task-1: plan_stuck ΓåÆ inject_prompt (reason: test)

[90mstdout[2m | tests/agent-supervisor.test.mjs[2m > [22m[2magent-supervisor[2m > [22m[2medge cases[2m > [22m[2mhandles missing dispatch functions gracefully
[22m[39m[agent-supervisor] stopped

[90mstdout[2m | tests/agent-supervisor.test.mjs[2m > [22m[2magent-supervisor[2m > [22m[2medge cases[2m > [22m[2mhandles missing getTask gracefully
[22m[39m[agent-supervisor] stopped

[90mstdout[2m | tests/agent-supervisor.test.mjs[2m > [22m[2magent-supervisor[2m > [22m[2medge cases[2m > [22m[2mcaps situation history to 50 entries
[22m[39m[agent-supervisor] stopped

[90mstdout[2m | tests/agent-supervisor.test.mjs[2m > [22m[2magent-supervisor[2m > [22m[2medge cases[2m > [22m[2mcaps health scores to 20 entries
[22m[39m[agent-supervisor] stopped

[90mstdout[2m | tests/agent-supervisor.test.mjs[2m > [22m[2magent-supervisor[2m > [22m[2medge cases[2m > [22m[2memits supervisor-intervention event to event bus
[22m[39m[agent-supervisor] intervening on task-1: idle_hard ΓåÆ continue_signal (reason: idle)

[90mstdout[2m | tests/agent-supervisor.test.mjs[2m > [22m[2magent-supervisor[2m > [22m[2medge cases[2m > [22m[2memits supervisor-intervention event to event bus
[22m[39m[agent-supervisor] stopped

[90mstdout[2m | tests/agent-supervisor.test.mjs[2m > [22m[2magent-supervisor[2m > [22m[2medge cases[2m > [22m[2mDISPATCH_FIX falls back to inject_prompt if no review issues
[22m[39m[agent-supervisor] intervening on task-1: poor_quality ΓåÆ dispatch_fix (reason: poor quality)

[90mstdout[2m | tests/agent-supervisor.test.mjs[2m > [22m[2magent-supervisor[2m > [22m[2medge cases[2m > [22m[2mDISPATCH_FIX falls back to inject_prompt if no review issues
[22m[39m[agent-supervisor] stopped

[90mstdout[2m | tests/agent-supervisor.test.mjs[2m > [22m[2magent-supervisor[2m > [22m[2msituation coverage[2m > [22m[2mdetects rate_limited from "429 rate limit exceeded"
[22m[39m[agent-supervisor] stopped

[90mstdout[2m | tests/agent-supervisor.test.mjs[2m > [22m[2magent-supervisor[2m > [22m[2msituation coverage[2m > [22m[2mdetects api_error from "ETIMEDOUT connecting to api"
[22m[39m[agent-supervisor] stopped

[90mstdout[2m | tests/agent-supervisor.test.mjs[2m > [22m[2magent-supervisor[2m > [22m[2msituation coverage[2m > [22m[2mdetects token_overflow from "context too long maximum exceeded"
[22m[39m[agent-supervisor] stopped

[90mstdout[2m | tests/agent-supervisor.test.mjs[2m > [22m[2magent-supervisor[2m > [22m[2msituation coverage[2m > [22m[2mdetects session_expired from "session expired please login"
[22m[39m[agent-supervisor] stopped

[90mstdout[2m | tests/agent-supervisor.test.mjs[2m > [22m[2magent-supervisor[2m > [22m[2msituation coverage[2m > [22m[2mdetects model_error from "model not supported claude-x"
[22m[39m[agent-supervisor] stopped

[90mstdout[2m | tests/agent-supervisor.test.mjs[2m > [22m[2magent-supervisor[2m > [22m[2msituation coverage[2m > [22m[2mdetects api_error from "ECONNREFUSED localhost:8080"
[22m[39m[agent-supervisor] stopped

[90mstdout[2m | tests/agent-supervisor.test.mjs[2m > [22m[2magent-supervisor[2m > [22m[2msituation coverage[2m > [22m[2mdetects api_error from "500 Internal Server Error"
[22m[39m[agent-supervisor] stopped

[90mstdout[2m | tests/agent-supervisor.test.mjs[2m > [22m[2magent-supervisor[2m > [22m[2msituation coverage[2m > [22m[2mdetects api_error from "502 Bad Gateway"
[22m[39m[agent-supervisor] stopped

[90mstdout[2m | tests/agent-supervisor.test.mjs[2m > [22m[2magent-supervisor[2m > [22m[2msituation coverage[2m > [22m[2mdetects api_error from "fetch failed network error"
[22m[39m[agent-supervisor] stopped

[90mstdout[2m | tests/agent-supervisor.test.mjs[2m > [22m[2magent-supervisor[2m > [22m[2msituation coverage[2m > [22m[2mdetects rate_limited from "quota exceeded"
[22m[39m[agent-supervisor] stopped

[90mstdout[2m | tests/agent-supervisor.test.mjs[2m > [22m[2magent-supervisor[2m > [22m[2msituation coverage[2m > [22m[2mdetects session_expired from "thread not found"
[22m[39m[agent-supervisor] stopped

[90mstdout[2m | tests/agent-supervisor.test.mjs[2m > [22m[2magent-supervisor[2m > [22m[2msituation coverage[2m > [22m[2mdetects token_overflow from "max token exceeded"
[22m[39m[agent-supervisor] stopped

[90mstdout[2m | tests/agent-supervisor.test.mjs[2m > [22m[2magent-supervisor[2m > [22m[2msituation coverage[2m > [22m[2mdetects pre_push_failure from "pre-push hook failed exit code 1"
[22m[39m[agent-supervisor] stopped

[90mstdout[2m | tests/agent-supervisor.test.mjs[2m > [22m[2magent-supervisor[2m > [22m[2msituation coverage[2m > [22m[2mdetects push_failure from "git push failed rejected"
[22m[39m[agent-supervisor] stopped

[90mstdout[2m | tests/workflow-templates-e2e.test.mjs[2m > [22m[2mworkflow-templates E2E execution[2m > [22m[2mall templates execute without engine errors[2m > [22m[2mtemplate-secret-scanner installs, executes, and returns valid context
[22m[39m[workflow-nodes] Secret scanner: no secrets found in recent commits (exclude paths: node_modules,.git,*.lock,*.min.js)

 [32mΓ£ô[39m tests/autofix.test.mjs [2m([22m[2m17 tests[22m[2m)[22m[32m 71[2mms[22m[39m
[90mstdout[2m | tests/agent-supervisor.test.mjs[2m > [22m[2magent-supervisor[2m > [22m[2msituation coverage[2m > [22m[2mdetects build_failure from "go build failed compilation error"
[22m[39m[agent-supervisor] stopped

[90mstdout[2m | tests/agent-supervisor.test.mjs[2m > [22m[2magent-supervisor[2m > [22m[2msituation coverage[2m > [22m[2mdetects test_failure from "FAIL github.com/pkg/test 1.2s"
[22m[39m[agent-supervisor] stopped

[90mstdout[2m | tests/agent-supervisor.test.mjs[2m > [22m[2magent-supervisor[2m > [22m[2msituation coverage[2m > [22m[2mdetects lint_failure from "golangci-lint error found"
[22m[39m[agent-supervisor] stopped

[90mstdout[2m | tests/agent-supervisor.test.mjs[2m > [22m[2magent-supervisor[2m > [22m[2msituation coverage[2m > [22m[2mdetects git_conflict from "merge conflict in README.md"
[22m[39m[agent-supervisor] stopped

[90mstdout[2m | tests/agent-supervisor.test.mjs[2m > [22m[2magent-supervisor[2m > [22m[2mauth/config/policy/sandbox situation detection[2m > [22m[2mdetects AUTH_FAILURE from "invalid api key"
[22m[39m[agent-supervisor] stopped

[90mstdout[2m | tests/agent-supervisor.test.mjs[2m > [22m[2magent-supervisor[2m > [22m[2mauth/config/policy/sandbox situation detection[2m > [22m[2mdetects AUTH_FAILURE from "authentication_error from Anthropic"
[22m[39m[agent-supervisor] stopped

[90mstdout[2m | tests/agent-supervisor.test.mjs[2m > [22m[2magent-supervisor[2m > [22m[2mauth/config/policy/sandbox situation detection[2m > [22m[2mdetects AUTH_FAILURE from "401 Unauthorized on /v1/chat"
[22m[39m[agent-supervisor] stopped

[90mstdout[2m | tests/agent-supervisor.test.mjs[2m > [22m[2magent-supervisor[2m > [22m[2mauth/config/policy/sandbox situation detection[2m > [22m[2mdetects AUTH_FAILURE from "403 Forbidden: access denied"
[22m[39m[agent-supervisor] stopped

[90mstdout[2m | tests/agent-supervisor.test.mjs[2m > [22m[2magent-supervisor[2m > [22m[2mauth/config/policy/sandbox situation detection[2m > [22m[2mdetects AUTH_FAILURE from "billing_hard_limit reached"
[22m[39m[agent-supervisor] stopped

[90mstdout[2m | tests/agent-supervisor.test.mjs[2m > [22m[2magent-supervisor[2m > [22m[2mauth/config/policy/sandbox situation detection[2m > [22m[2mdetects AUTH_FAILURE from "insufficient_quota for org"
[22m[39m[agent-supervisor] stopped

[90mstdout[2m | tests/agent-supervisor.test.mjs[2m > [22m[2magent-supervisor[2m > [22m[2mauth/config/policy/sandbox situation detection[2m > [22m[2mdetects AUTH_FAILURE from "invalid credentials supplied"
[22m[39m[agent-supervisor] stopped

[90mstdout[2m | tests/agent-supervisor.test.mjs[2m > [22m[2magent-supervisor[2m > [22m[2mauth/config/policy/sandbox situation detection[2m > [22m[2mdetects AUTH_FAILURE from "not authorized to access this model"
[22m[39m[agent-supervisor] stopped

[90mstdout[2m | tests/agent-supervisor.test.mjs[2m > [22m[2magent-supervisor[2m > [22m[2mauth/config/policy/sandbox situation detection[2m > [22m[2mdetects AUTH_FAILURE from "permission_error on resource"
[22m[39m[agent-supervisor] stopped

[90mstdout[2m | tests/agent-supervisor.test.mjs[2m > [22m[2magent-supervisor[2m > [22m[2mauth/config/policy/sandbox situation detection[2m > [22m[2mdetects CONTENT_POLICY from "content_policy_violation in response"
[22m[39m[agent-supervisor] stopped

[90mstdout[2m | tests/agent-supervisor.test.mjs[2m > [22m[2magent-supervisor[2m > [22m[2mauth/config/policy/sandbox situation detection[2m > [22m[2mdetects CONTENT_POLICY from "content filter blocked the output"
[22m[39m[agent-supervisor] stopped

 [32mΓ£ô[39m tests/context-cache-shredding-mem-cache.test.mjs [2m([22m[2m23 tests[22m[2m)[22m[32m 57[2mms[22m[39m
[90mstdout[2m | tests/agent-supervisor.test.mjs[2m > [22m[2magent-supervisor[2m > [22m[2mauth/config/policy/sandbox situation detection[2m > [22m[2mdetects CONTENT_POLICY from "safety_system rejected request"
[22m[39m[agent-supervisor] stopped

[90mstdout[2m | tests/agent-supervisor.test.mjs[2m > [22m[2magent-supervisor[2m > [22m[2mauth/config/policy/sandbox situation detection[2m > [22m[2mdetects CONTENT_POLICY from "flagged content detected in prompt"
[22m[39m[agent-supervisor] stopped

[90mstdout[2m | tests/agent-supervisor.test.mjs[2m > [22m[2magent-supervisor[2m > [22m[2mauth/config/policy/sandbox situation detection[2m > [22m[2mdetects CONTENT_POLICY from "output blocked by safety filter"
[22m[39m[agent-supervisor] stopped

[90mstdout[2m | tests/agent-supervisor.test.mjs[2m > [22m[2magent-supervisor[2m > [22m[2mauth/config/policy/sandbox situation detection[2m > [22m[2mdetects CODEX_SANDBOX from "sandbox failed to initialize"
[22m[39m[agent-supervisor] stopped

[90mstdout[2m | tests/agent-supervisor.test.mjs[2m > [22m[2magent-supervisor[2m > [22m[2mauth/config/policy/sandbox situation detection[2m > [22m[2mdetects CODEX_SANDBOX from "bwrap error: permission denied"
[22m[39m[agent-supervisor] stopped

[90mstdout[2m | tests/agent-supervisor.test.mjs[2m > [22m[2magent-supervisor[2m > [22m[2mauth/config/policy/sandbox situation detection[2m > [22m[2mdetects CODEX_SANDBOX from "bubblewrap failed with EPERM"
[22m[39m[agent-supervisor] stopped

[90mstdout[2m | tests/agent-supervisor.test.mjs[2m > [22m[2magent-supervisor[2m > [22m[2mauth/config/policy/sandbox situation detection[2m > [22m[2mdetects CODEX_SANDBOX from "EPERM: operation not permitted on /tmp"
[22m[39m[agent-supervisor] stopped

[90mstdout[2m | tests/agent-supervisor.test.mjs[2m > [22m[2magent-supervisor[2m > [22m[2mauth/config/policy/sandbox situation detection[2m > [22m[2mdetects CODEX_SANDBOX from "writable_roots paths not configured"
[22m[39m[agent-supervisor] stopped

[90mstdout[2m | tests/agent-supervisor.test.mjs[2m > [22m[2magent-supervisor[2m > [22m[2mauth/config/policy/sandbox situation detection[2m > [22m[2mdetects CODEX_SANDBOX from "codex segfault during execution"
[22m[39m[agent-supervisor] stopped

 [32mΓ£ô[39m tests/workflow-new-templates.test.mjs [2m([22m[2m35 tests[22m[2m)[22m[32m 58[2mms[22m[39m
[90mstdout[2m | tests/agent-supervisor.test.mjs[2m > [22m[2magent-supervisor[2m > [22m[2mauth/config/policy/sandbox situation detection[2m > [22m[2mdetects CODEX_SANDBOX from "namespace error in sandbox"
[22m[39m[agent-supervisor] stopped

[90mstdout[2m | tests/agent-supervisor.test.mjs[2m > [22m[2magent-supervisor[2m > [22m[2mauth/config/policy/sandbox situation detection[2m > [22m[2mdetects INVALID_CONFIG from "config invalid: missing EXECUTOR field"
[22m[39m[agent-supervisor] stopped

[90mstdout[2m | tests/agent-supervisor.test.mjs[2m > [22m[2magent-supervisor[2m > [22m[2mauth/config/policy/sandbox situation detection[2m > [22m[2mdetects INVALID_CONFIG from "config missing for agent pool"
[22m[39m[agent-supervisor] stopped

[90mstdout[2m | tests/agent-supervisor.test.mjs[2m > [22m[2magent-supervisor[2m > [22m[2mauth/config/policy/sandbox situation detection[2m > [22m[2mdetects INVALID_CONFIG from "misconfigured agent settings detected"
[22m[39m[agent-supervisor] stopped

[90mstdout[2m | tests/agent-supervisor.test.mjs[2m > [22m[2magent-supervisor[2m > [22m[2mauth/config/policy/sandbox situation detection[2m > [22m[2mdetects INVALID_CONFIG from "OPENAI_API_KEY not set in environment"
[22m[39m[agent-supervisor] stopped

[90mstdout[2m | tests/agent-supervisor.test.mjs[2m > [22m[2magent-supervisor[2m > [22m[2mauth/config/policy/sandbox situation detection[2m > [22m[2mdetects INVALID_CONFIG from "ANTHROPIC_API_KEY not set for claude exe"
[22m[39m[agent-supervisor] stopped

[90mstdout[2m | tests/agent-supervisor.test.mjs[2m > [22m[2magent-supervisor[2m > [22m[2mauth/config/policy/sandbox situation detection[2m > [22m[2mAUTH_FAILURE intervention is immediate BLOCK_AND_NOTIFY
[22m[39m[agent-supervisor] stopped

[90mstdout[2m | tests/agent-supervisor.test.mjs[2m > [22m[2magent-supervisor[2m > [22m[2mauth/config/policy/sandbox situation detection[2m > [22m[2mCONTENT_POLICY intervention is immediate BLOCK_AND_NOTIFY
[22m[39m[agent-supervisor] stopped

[90mstdout[2m | tests/agent-supervisor.test.mjs[2m > [22m[2magent-supervisor[2m > [22m[2mauth/config/policy/sandbox situation detection[2m > [22m[2mCODEX_SANDBOX first escalation is INJECT_PROMPT
[22m[39m[agent-supervisor] stopped

[90mstdout[2m | tests/agent-supervisor.test.mjs[2m > [22m[2magent-supervisor[2m > [22m[2mauth/config/policy/sandbox situation detection[2m > [22m[2mMODEL_ERROR intervention is immediate BLOCK_AND_NOTIFY
[22m[39m[agent-supervisor] stopped

[90mstdout[2m | tests/agent-supervisor.test.mjs[2m > [22m[2magent-supervisor[2m > [22m[2mauth/config/policy/sandbox situation detection[2m > [22m[2mINVALID_CONFIG intervention is immediate BLOCK_AND_NOTIFY
[22m[39m[agent-supervisor] stopped

 [32mΓ£ô[39m tests/agent-supervisor.test.mjs [2m([22m[2m114 tests[22m[2m)[22m[32m 75[2mms[22m[39m
[90mstdout[2m | tests/worktree-manager.test.mjs[2m > [22m[2mworktree-manager[2m > [22m[2macquireWorktree[2m > [22m[2mcreates new worktree when none exists for branch
[22m[39m[worktree-manager] Created worktree for ve/abc-feat at F:\fake\repo\.cache\worktrees\ve-abc-feat

stderr | tests/voice-action-dispatcher.test.mjs > voice-action-dispatcher > task actions > returns error for missing task
[voice-action-dispatcher] task.get error: Task nonexistent not found

[90mstdout[2m | tests/worktree-manager.test.mjs[2m > [22m[2mworktree-manager[2m > [22m[2macquireWorktree[2m > [22m[2mregisters worktree with taskKey
[22m[39m[worktree-manager] Created worktree for ve/xyz-task at F:\fake\repo\.cache\worktrees\ve-xyz-task

stderr | tests/voice-action-dispatcher.test.mjs > voice-action-dispatcher > task actions > requires title for task creation
[voice-action-dispatcher] task.create error: title is required

[90mstdout[2m | tests/worktree-manager.test.mjs[2m > [22m[2mworktree-manager[2m > [22m[2macquireWorktree[2m > [22m[2mregisters with owner
[22m[39m[worktree-manager] Created worktree for ve/own-test at F:\fake\repo\.cache\worktrees\ve-own-test

stderr | tests/worktree-manager.test.mjs > worktree-manager > acquireWorktree > handles git worktree add failure gracefully
[worktree-manager] Failed to create worktree for ve/fail: fatal: some git error

stderr | tests/voice-action-dispatcher.test.mjs > voice-action-dispatcher > agent actions > rejects invalid executor
[voice-action-dispatcher] agent.switch error: Invalid executor: invalid-agent. Valid: codex-sdk, copilot-sdk, claude-sdk, gemini-sdk, opencode-sdk

stderr | tests/worktree-manager.test.mjs > worktree-manager > acquireWorktree > retries with --detach when branch is already checked out
[worktree-manager] Failed to create worktree for ve/checked-out: fatal: 've/checked-out' is already checked out

[90mstdout[2m | tests/worktree-manager.test.mjs[2m > [22m[2mworktree-manager[2m > [22m[2macquireWorktree[2m > [22m[2mretries with --detach when branch is already checked out
[22m[39m[worktree-manager] Created worktree for ve/checked-out at F:\fake\repo\.cache\worktrees\ve-checked-out

stderr | tests/voice-action-dispatcher.test.mjs > voice-action-dispatcher > agent actions > rejects invalid mode
[voice-action-dispatcher] agent.setMode error: Invalid mode: invalid. Valid: ask, agent, plan, web, instant

[90mstdout[2m | tests/worktree-manager.test.mjs[2m > [22m[2mworktree-manager[2m > [22m[2macquireWorktree[2m > [22m[2mreuses existing local branch instead of creating with -b
[22m[39m[worktree-manager] Created worktree for ve/existing at F:\fake\repo\.cache\worktrees\ve-existing

[90mstdout[2m | tests/worktree-manager.test.mjs[2m > [22m[2mworktree-manager[2m > [22m[2mreleaseWorktree[2m > [22m[2mremoves worktree and clears registry entry
[22m[39m[worktree-manager] Released worktree: /fake/repo/.cache/worktrees/ve-rel

stderr | tests/worktree-manager.test.mjs > worktree-manager > releaseWorktree > handles git worktree remove failure gracefully
[worktree-manager] Failed to remove worktree at /fake/repo/.cache/worktrees/ve-rfail: error: cannot remove

[90mstdout[2m | tests/worktree-manager.test.mjs[2m > [22m[2mworktree-manager[2m > [22m[2mreleaseWorktree[2m > [22m[2mhandles git worktree remove failure gracefully
[22m[39m[worktree-manager] Released worktree: /fake/repo/.cache/worktrees/ve-rfail

[90mstdout[2m | tests/worktree-manager.test.mjs[2m > [22m[2mworktree-manager[2m > [22m[2mreleaseWorktreeByBranch[2m > [22m[2mremoves worktree by branch name
[22m[39m[worktree-manager] Released worktree: /fake/repo/.cache/worktrees/ve-rb

stderr | tests/voice-action-dispatcher.test.mjs > voice-action-dispatcher > tool call passthrough > requires toolName
[voice-action-dispatcher] tool.call error: toolName is required

stderr | tests/voice-action-dispatcher.test.mjs > voice-action-dispatcher > workflow actions > returns error for missing workflow
[voice-action-dispatcher] workflow.get error: Workflow template "nonexistent" not found

[90mstdout[2m | tests/worktree-manager.test.mjs[2m > [22m[2mworktree-manager[2m > [22m[2mpruneStaleWorktrees[2m > [22m[2mruns 'git worktree prune'
[22m[39m[worktree-manager] git worktree prune completed

[90mstdout[2m | tests/worktree-manager.test.mjs[2m > [22m[2mworktree-manager[2m > [22m[2mpruneStaleWorktrees[2m > [22m[2mremoves VK worktrees older than MAX_WORKTREE_AGE_MS
[22m[39m[worktree-manager] git worktree prune completed
[worktree-manager] removing stale VK worktree: /fake/repo/.cache/worktrees/ve-stale

[90mstdout[2m | tests/worktree-manager.test.mjs[2m > [22m[2mworktree-manager[2m > [22m[2mpruneStaleWorktrees[2m > [22m[2mremoves copilot-worktree entries older than 7 days
[22m[39m[worktree-manager] git worktree prune completed
[worktree-manager] removing old copilot worktree: /fake/repo/.cache/worktrees/copilot-worktree-2026-02-25

[90mstdout[2m | tests/worktree-manager.test.mjs[2m > [22m[2mworktree-manager[2m > [22m[2mpruneStaleWorktrees[2m > [22m[2mevicts registry entries whose paths no longer exist
[22m[39m[worktree-manager] git worktree prune completed
[worktree-manager] evicting orphaned registry entry: task-ghost ΓåÆ /gone/path

[90mstdout[2m | tests/worktree-manager.test.mjs[2m > [22m[2mworktree-manager[2m > [22m[2mpruneStaleWorktrees[2m > [22m[2mrespects dryRun option
[22m[39m[worktree-manager] git worktree prune completed (dry-run)
[worktree-manager] [dry-run] would evict orphaned registry entry: task-dry ΓåÆ /gone/dry

[90mstdout[2m | tests/worktree-manager.test.mjs[2m > [22m[2mworktree-manager[2m > [22m[2mpruneStaleWorktrees[2m > [22m[2mreturns { pruned, evicted } counts
[22m[39m[worktree-manager] git worktree prune completed

 [32mΓ£ô[39m tests/worktree-manager.test.mjs [2m([22m[2m72 tests[22m[2m)[22m[32m 37[2mms[22m[39m
 [32mΓ£ô[39m tests/workflow-templates.test.mjs [2m([22m[2m79 tests[22m[2m)[22m[33m 643[2mms[22m[39m
stderr | tests/voice-action-dispatcher.test.mjs > voice-action-dispatcher > batch actions > rejects empty batch
[voice-action-dispatcher] batch error: actions array is required

stderr | tests/voice-action-dispatcher.test.mjs > voice-action-dispatcher > batch actions > limits batch size
[voice-action-dispatcher] batch error: Maximum 10 actions per batch

 [32mΓ£ô[39m tests/voice-action-dispatcher.test.mjs [2m([22m[2m51 tests[22m[2m)[22m[32m 42[2mms[22m[39m
 [32mΓ£ô[39m tests/streaming-agent-status.test.mjs [2m([22m[2m1 test[22m[2m)[22m[32m 108[2mms[22m[39m
[90mstdout[2m | tests/agent-event-bus.test.mjs[2m > [22m[2magent-event-bus[2m > [22m[2mcreateAgentEventBus[2m > [22m[2mreturns an AgentEventBus instance
[22m[39m[agent-event-bus] stopped

[90mstdout[2m | tests/agent-event-bus.test.mjs[2m > [22m[2magent-event-bus[2m > [22m[2mcreateAgentEventBus[2m > [22m[2mhas correct AGENT_EVENT constants
[22m[39m[agent-event-bus] stopped

[90mstdout[2m | tests/agent-event-bus.test.mjs[2m > [22m[2magent-event-bus[2m > [22m[2mstart / stop[2m > [22m[2mstarts and reports status
[22m[39m[agent-event-bus] started (stale-check=2000ms, log-cap=20)

[90mstdout[2m | tests/agent-event-bus.test.mjs[2m > [22m[2magent-event-bus[2m > [22m[2mstart / stop[2m > [22m[2mstarts and reports status
[22m[39m[agent-event-bus] stopped

[90mstdout[2m | tests/agent-event-bus.test.mjs[2m > [22m[2magent-event-bus[2m > [22m[2mstart / stop[2m > [22m[2mstops cleanly
[22m[39m[agent-event-bus] started (stale-check=2000ms, log-cap=20)
[agent-event-bus] stopped

[90mstdout[2m | tests/agent-event-bus.test.mjs[2m > [22m[2magent-event-bus[2m > [22m[2mstart / stop[2m > [22m[2mstops cleanly
[22m[39m[agent-event-bus] stopped

[90mstdout[2m | tests/agent-event-bus.test.mjs[2m > [22m[2magent-event-bus[2m > [22m[2mstart / stop[2m > [22m[2mis idempotent ΓÇö double start
[22m[39m[agent-event-bus] started (stale-check=2000ms, log-cap=20)

[90mstdout[2m | tests/agent-event-bus.test.mjs[2m > [22m[2magent-event-bus[2m > [22m[2mstart / stop[2m > [22m[2mis idempotent ΓÇö double start
[22m[39m[agent-event-bus] stopped

[90mstdout[2m | tests/agent-event-bus.test.mjs[2m > [22m[2magent-event-bus[2m > [22m[2memit[2m > [22m[2mrecords events in the log
[22m[39m[agent-event-bus] stopped

[90mstdout[2m | tests/agent-event-bus.test.mjs[2m > [22m[2magent-event-bus[2m > [22m[2memit[2m > [22m[2mbroadcasts to UI via broadcastUiEvent
[22m[39m[agent-event-bus] stopped

[90mstdout[2m | tests/agent-event-bus.test.mjs[2m > [22m[2magent-event-bus[2m > [22m[2memit[2m > [22m[2mskips broadcast when opts.skipBroadcast is true
[22m[39m[agent-event-bus] stopped

[90mstdout[2m | tests/agent-event-bus.test.mjs[2m > [22m[2magent-event-bus[2m > [22m[2memit[2m > [22m[2mdeduplicates events within the dedup window
[22m[39m[agent-event-bus] stopped

[90mstdout[2m | tests/agent-event-bus.test.mjs[2m > [22m[2magent-event-bus[2m > [22m[2memit[2m > [22m[2mallows same event type after dedup window expires
[22m[39m[agent-event-bus] stopped

[90mstdout[2m | tests/agent-event-bus.test.mjs[2m > [22m[2magent-event-bus[2m > [22m[2memit[2m > [22m[2menforces ring buffer max size
[22m[39m[agent-event-bus] stopped

[90mstdout[2m | tests/agent-event-bus.test.mjs[2m > [22m[2magent-event-bus[2m > [22m[2maddListener[2m > [22m[2mnotifies external listeners
[22m[39m[agent-event-bus] stopped

stderr | tests/agent-event-bus.test.mjs > agent-event-bus > addListener > handles listener errors gracefully
[agent-event-bus] listener error: listener boom

[90mstdout[2m | tests/agent-event-bus.test.mjs[2m > [22m[2magent-event-bus[2m > [22m[2maddListener[2m > [22m[2mallows unsubscribing
[22m[39m[agent-event-bus] stopped

[90mstdout[2m | tests/agent-event-bus.test.mjs[2m > [22m[2magent-event-bus[2m > [22m[2maddListener[2m > [22m[2mhandles listener errors gracefully
[22m[39m[agent-event-bus] stopped

[90mstdout[2m | tests/agent-event-bus.test.mjs[2m > [22m[2magent-event-bus[2m > [22m[2monTaskStarted[2m > [22m[2memits TASK_STARTED with task details
[22m[39m[agent-event-bus] stopped

[90mstdout[2m | tests/agent-event-bus.test.mjs[2m > [22m[2magent-event-bus[2m > [22m[2monTaskCompleted[2m > [22m[2memits TASK_COMPLETED
[22m[39m[agent-event-bus] stopped

[90mstdout[2m | tests/agent-event-bus.test.mjs[2m > [22m[2magent-event-bus[2m > [22m[2monTaskCompleted[2m > [22m[2mtriggers auto-review when review agent is available
[22m[39m[agent-event-bus] auto-review queued for task-1

[90mstdout[2m | tests/agent-event-bus.test.mjs[2m > [22m[2magent-event-bus[2m > [22m[2monTaskCompleted[2m > [22m[2mtriggers auto-review when review agent is available
[22m[39m[agent-event-bus] stopped

[90mstdout[2m | tests/agent-event-bus.test.mjs[2m > [22m[2magent-event-bus[2m > [22m[2monTaskCompleted[2m > [22m[2mdoes not trigger review on failure
[22m[39m[agent-event-bus] stopped

[90mstdout[2m | tests/agent-event-bus.test.mjs[2m > [22m[2magent-event-bus[2m > [22m[2monTaskFailed[2m > [22m[2memits TASK_FAILED with error message
[22m[39m[agent-event-bus] stopped

[90mstdout[2m | tests/agent-event-bus.test.mjs[2m > [22m[2magent-event-bus[2m > [22m[2monTaskFailed[2m > [22m[2mclassifies errors when errorDetector is available
[22m[39m[agent-event-bus] auto-retry #1/3 for task-1 (build_failure)

[90mstdout[2m | tests/agent-event-bus.test.mjs[2m > [22m[2magent-event-bus[2m > [22m[2monTaskFailed[2m > [22m[2mclassifies errors when errorDetector is available
[22m[39m[agent-event-bus] stopped

[90mstdout[2m | tests/agent-event-bus.test.mjs[2m > [22m[2magent-event-bus[2m > [22m[2monAgentComplete[2m > [22m[2memits AGENT_COMPLETE
[22m[39m[agent-event-bus] stopped

[90mstdout[2m | tests/agent-event-bus.test.mjs[2m > [22m[2magent-event-bus[2m > [22m[2monAgentComplete[2m > [22m[2msets task status to inreview when hasCommits
[22m[39m[agent-event-bus] stopped

[90mstdout[2m | tests/agent-event-bus.test.mjs[2m > [22m[2magent-event-bus[2m > [22m[2monAgentError[2m > [22m[2memits AGENT_ERROR
[22m[39m[agent-event-bus] stopped

[90mstdout[2m | tests/agent-event-bus.test.mjs[2m > [22m[2magent-event-bus[2m > [22m[2monAgentHeartbeat[2m > [22m[2memits AGENT_HEARTBEAT and updates heartbeats map
[22m[39m[agent-event-bus] stopped

[90mstdout[2m | tests/agent-event-bus.test.mjs[2m > [22m[2magent-event-bus[2m > [22m[2monStatusChange[2m > [22m[2memits TASK_STATUS_CHANGE
[22m[39m[agent-event-bus] stopped

[90mstdout[2m | tests/agent-event-bus.test.mjs[2m > [22m[2magent-event-bus[2m > [22m[2monStatusChange[2m > [22m[2msends telegram on blocked status
[22m[39m[agent-event-bus] stopped

[90mstdout[2m | tests/agent-event-bus.test.mjs[2m > [22m[2magent-event-bus[2m > [22m[2monExecutorPaused / onExecutorResumed[2m > [22m[2memits EXECUTOR_PAUSED
[22m[39m[agent-event-bus] stopped

[90mstdout[2m | tests/agent-event-bus.test.mjs[2m > [22m[2magent-event-bus[2m > [22m[2monExecutorPaused / onExecutorResumed[2m > [22m[2memits EXECUTOR_RESUMED
[22m[39m[agent-event-bus] stopped

[90mstdout[2m | tests/agent-event-bus.test.mjs[2m > [22m[2magent-event-bus[2m > [22m[2monHookResult[2m > [22m[2memits HOOK_PASSED for passed hooks
[22m[39m[agent-event-bus] stopped

[90mstdout[2m | tests/agent-event-bus.test.mjs[2m > [22m[2magent-event-bus[2m > [22m[2monHookResult[2m > [22m[2memits HOOK_FAILED for failed hooks
[22m[39m[agent-event-bus] stopped

[90mstdout[2m | tests/agent-event-bus.test.mjs[2m > [22m[2magent-event-bus[2m > [22m[2mgetEventLog[2m > [22m[2mreturns all events with no filter
[22m[39m[agent-event-bus] stopped

[90mstdout[2m | tests/agent-event-bus.test.mjs[2m > [22m[2magent-event-bus[2m > [22m[2mgetEventLog[2m > [22m[2mfilters by taskId
[22m[39m[agent-event-bus] stopped

[90mstdout[2m | tests/agent-event-bus.test.mjs[2m > [22m[2magent-event-bus[2m > [22m[2mgetEventLog[2m > [22m[2mfilters by type
[22m[39m[agent-event-bus] stopped

[90mstdout[2m | tests/agent-event-bus.test.mjs[2m > [22m[2magent-event-bus[2m > [22m[2mgetEventLog[2m > [22m[2mlimits results
[22m[39m[agent-event-bus] stopped

[90mstdout[2m | tests/agent-event-bus.test.mjs[2m > [22m[2magent-event-bus[2m > [22m[2mgetErrorHistory[2m > [22m[2mreturns empty array for unknown task
[22m[39m[agent-event-bus] stopped

[90mstdout[2m | tests/agent-event-bus.test.mjs[2m > [22m[2magent-event-bus[2m > [22m[2mgetErrorHistory[2m > [22m[2mrecords error history via classification
[22m[39m[agent-event-bus] auto-retry #1/3 for task-1 (build_failure)

[90mstdout[2m | tests/agent-event-bus.test.mjs[2m > [22m[2magent-event-bus[2m > [22m[2mgetErrorHistory[2m > [22m[2mrecords error history via classification
[22m[39m[agent-event-bus] stopped

[90mstdout[2m | tests/agent-event-bus.test.mjs[2m > [22m[2magent-event-bus[2m > [22m[2mgetErrorPatternSummary[2m > [22m[2mreturns empty when no errors
[22m[39m[agent-event-bus] stopped

[90mstdout[2m | tests/agent-event-bus.test.mjs[2m > [22m[2magent-event-bus[2m > [22m[2mgetAgentLiveness[2m > [22m[2mreturns empty when no heartbeats
[22m[39m[agent-event-bus] stopped

[90mstdout[2m | tests/task-executor.test.mjs[2m > [22m[2mtask-executor[2m > [22m[2mTaskExecutor constructor[2m > [22m[2msets default options when none provided
[22m[39m[task-executor] initialized (mode=internal, maxParallel=3, baseBranchParallelLimit=0, sdk=auto)

[90mstdout[2m | tests/agent-event-bus.test.mjs[2m > [22m[2magent-event-bus[2m > [22m[2mgetAgentLiveness[2m > [22m[2mreports alive agents
[22m[39m[agent-event-bus] stopped

[90mstdout[2m | tests/agent-event-bus.test.mjs[2m > [22m[2magent-event-bus[2m > [22m[2mgetAgentLiveness[2m > [22m[2mreports stale agents after threshold
[22m[39m[agent-event-bus] stopped

[90mstdout[2m | tests/agent-event-bus.test.mjs[2m > [22m[2magent-event-bus[2m > [22m[2mgetStatus[2m > [22m[2mreturns full system status
[22m[39m[agent-event-bus] started (stale-check=2000ms, log-cap=20)

[90mstdout[2m | tests/agent-event-bus.test.mjs[2m > [22m[2magent-event-bus[2m > [22m[2mgetStatus[2m > [22m[2mreturns full system status
[22m[39m[agent-event-bus] stopped

[90mstdout[2m | tests/agent-event-bus.test.mjs[2m > [22m[2magent-event-bus[2m > [22m[2mstale agent detection[2m > [22m[2memits AGENT_STALE when heartbeat is overdue
[22m[39m[agent-event-bus] started (stale-check=2000ms, log-cap=20)

[90mstdout[2m | tests/agent-event-bus.test.mjs[2m > [22m[2magent-event-bus[2m > [22m[2mstale agent detection[2m > [22m[2memits AGENT_STALE when heartbeat is overdue
[22m[39m[agent-event-bus] stopped

[90mstdout[2m | tests/task-executor.test.mjs[2m > [22m[2mtask-executor[2m > [22m[2mTaskExecutor constructor[2m > [22m[2moverrides defaults with provided options
[22m[39m[task-executor] initialized (mode=internal, maxParallel=5, baseBranchParallelLimit=0, sdk=copilot)

[90mstdout[2m | tests/task-executor.test.mjs[2m > [22m[2mtask-executor[2m > [22m[2mTaskExecutor constructor[2m > [22m[2minitializes empty _activeSlots Map
[22m[39m[task-executor] initialized (mode=internal, maxParallel=3, baseBranchParallelLimit=0, sdk=auto)

[90mstdout[2m | tests/task-executor.test.mjs[2m > [22m[2mtask-executor[2m > [22m[2mTaskExecutor constructor[2m > [22m[2msets _running to false initially
[22m[39m[task-executor] initialized (mode=internal, maxParallel=3, baseBranchParallelLimit=0, sdk=auto)

[90mstdout[2m | tests/agent-event-bus.test.mjs[2m > [22m[2magent-event-bus[2m > [22m[2mauto-actions[2m > [22m[2memits AUTO_RETRY when action is retry_with_prompt
[22m[39m[agent-event-bus] auto-retry #1/3 for task-1 (build_failure)

[90mstdout[2m | tests/agent-event-bus.test.mjs[2m > [22m[2magent-event-bus[2m > [22m[2mauto-actions[2m > [22m[2memits AUTO_RETRY when action is retry_with_prompt
[22m[39m[agent-event-bus] stopped

[90mstdout[2m | tests/agent-event-bus.test.mjs[2m > [22m[2magent-event-bus[2m > [22m[2mauto-actions[2m > [22m[2memits AUTO_COOLDOWN when action is cooldown
[22m[39m[agent-event-bus] cooldown 60000ms for task-1 (rate_limit)

[90mstdout[2m | tests/agent-event-bus.test.mjs[2m > [22m[2magent-event-bus[2m > [22m[2mauto-actions[2m > [22m[2memits AUTO_COOLDOWN when action is cooldown
[22m[39m[agent-event-bus] stopped

[90mstdout[2m | tests/agent-event-bus.test.mjs[2m > [22m[2magent-event-bus[2m > [22m[2mauto-actions[2m > [22m[2mescalates to block after max retries exhausted
[22m[39m[agent-event-bus] auto-retry #1/3 for task-1 (build_failure)
[agent-event-bus] auto-retry #2/3 for task-1 (build_failure)
[agent-event-bus] auto-retry #3/3 for task-1 (build_failure)
[agent-event-bus] task-1 exhausted retries (3)
[agent-event-bus] auto-blocked task-1: threshold

[90mstdout[2m | tests/agent-event-bus.test.mjs[2m > [22m[2magent-event-bus[2m > [22m[2mauto-actions[2m > [22m[2mescalates to block after max retries exhausted
[22m[39m[agent-event-bus] stopped

[90mstdout[2m | tests/agent-event-bus.test.mjs[2m > [22m[2magent-event-bus[2m > [22m[2mauto-actions[2m > [22m[2msends telegram on auto-block
[22m[39m[agent-event-bus] auto-blocked task-1: too many errors

[90mstdout[2m | tests/agent-event-bus.test.mjs[2m > [22m[2magent-event-bus[2m > [22m[2mauto-actions[2m > [22m[2msends telegram on auto-block
[22m[39m[agent-event-bus] stopped

[90mstdout[2m | tests/task-executor.test.mjs[2m > [22m[2mtask-executor[2m > [22m[2mTaskExecutor constructor[2m > [22m[2minitializes backlog replenishment config and project requirements
[22m[39m[task-executor] initialized (mode=internal, maxParallel=3, baseBranchParallelLimit=0, sdk=auto)

[90mstdout[2m | tests/task-executor.test.mjs[2m > [22m[2mtask-executor[2m > [22m[2mTaskExecutor constructor[2m > [22m[2m_ensureTaskClaimsInitialized returns false (legacy stub)
[22m[39m[task-executor] initialized (mode=internal, maxParallel=3, baseBranchParallelLimit=0, sdk=auto)

[90mstdout[2m | tests/agent-event-bus.test.mjs[2m > [22m[2magent-event-bus[2m > [22m[2mpattern trend detection[2m > [22m[2mdetects repeated error patterns
[22m[39m[agent-event-bus] manual review needed for task-1: build error 0
[agent-event-bus] manual review needed for task-1: build error 1
[agent-event-bus] manual review needed for task-1: build error 2
[agent-event-bus] manual review needed for task-1: build error 3

[90mstdout[2m | tests/agent-event-bus.test.mjs[2m > [22m[2magent-event-bus[2m > [22m[2mpattern trend detection[2m > [22m[2mdetects repeated error patterns
[22m[39m[agent-event-bus] stopped

[90mstdout[2m | tests/task-executor.test.mjs[2m > [22m[2mtask-executor[2m > [22m[2mTaskExecutor constructor[2m > [22m[2mkeeps explicit instance id when provided in env
[22m[39m[task-executor] initialized (mode=internal, maxParallel=3, baseBranchParallelLimit=0, sdk=auto)

[90mstdout[2m | tests/task-executor.test.mjs[2m > [22m[2mtask-executor[2m > [22m[2mTaskExecutor constructor[2m > [22m[2mdefaults workflowOwnsTaskLifecycle to true
[22m[39m[task-executor] initialized (mode=internal, maxParallel=3, baseBranchParallelLimit=0, sdk=auto)

[90mstdout[2m | tests/task-executor.test.mjs[2m > [22m[2mtask-executor[2m > [22m[2mgetStatus[2m > [22m[2mreturns running state
[22m[39m[task-executor] initialized (mode=internal, maxParallel=3, baseBranchParallelLimit=0, sdk=auto)

 [32mΓ£ô[39m tests/hook-profiles.test.mjs [2m([22m[2m9 tests[22m[2m)[22m[32m 41[2mms[22m[39m
 [32mΓ£ô[39m tests/agent-event-bus.test.mjs [2m([22m[2m47 tests[22m[2m)[22m[32m 28[2mms[22m[39m
[90mstdout[2m | tests/task-executor.test.mjs[2m > [22m[2mtask-executor[2m > [22m[2mgetStatus[2m > [22m[2mreturns correct mode, maxParallel, sdk
[22m[39m[task-executor] initialized (mode=hybrid, maxParallel=7, baseBranchParallelLimit=0, sdk=auto)

[90mstdout[2m | tests/task-executor.test.mjs[2m > [22m[2mtask-executor[2m > [22m[2mgetStatus[2m > [22m[2mreturns empty slots when none active
[22m[39m[task-executor] initialized (mode=internal, maxParallel=3, baseBranchParallelLimit=0, sdk=auto)

[90mstdout[2m | tests/task-executor.test.mjs[2m > [22m[2mtask-executor[2m > [22m[2mgetStatus[2m > [22m[2mreturns correct slot info when tasks are running
[22m[39m[task-executor] initialized (mode=internal, maxParallel=3, baseBranchParallelLimit=0, sdk=auto)

[90mstdout[2m | tests/task-executor.test.mjs[2m > [22m[2mtask-executor[2m > [22m[2mstart / stop[2m > [22m[2mstart() sets _running to true; skips poll timer when workflow-owned
[22m[39m[task-executor] initialized (mode=internal, maxParallel=3, baseBranchParallelLimit=0, sdk=auto)
[task-store] No store file found ΓÇö initialised empty store
[agent-hooks] no hook config file found ΓÇö using built-in hooks only
[agent-hooks] registered hook "builtin-prepush-preflight" for event "PrePush" (blocking)
[agent-hooks] registered hook "builtin-task-complete-validation" for event "TaskComplete" (blocking)
[agent-hooks] registered hook "builtin-session-health-check" for event "SessionStart"
[agent-hooks] registered hook "builtin-prepush-fetch" for event "PrePush"
[agent-hooks] built-in hooks registered
[task-executor] agent lifecycle hooks initialized
[task-executor] stream-based watchdog started ΓÇö analyzing agent health every 60s (idle threshold: 5min, stalled kill: 20min, max continues: 5, absolute limit: 370min)
[task-executor] started ΓÇö workflow-owned lifecycle active, poll loop disabled (workflows handle task dispatch)

[90mstdout[2m | tests/task-executor.test.mjs[2m > [22m[2mtask-executor[2m > [22m[2mstart / stop[2m > [22m[2mstart() creates poll timer when workflowOwnsTaskLifecycle is false
[22m[39m[task-executor] initialized (mode=internal, maxParallel=3, baseBranchParallelLimit=0, sdk=auto)
[task-store] No store file found ΓÇö initialised empty store
[agent-hooks] no hook config file found ΓÇö using built-in hooks only
[agent-hooks] updated hook "builtin-prepush-preflight" for event "PrePush"
[agent-hooks] updated hook "builtin-task-complete-validation" for event "TaskComplete"
[agent-hooks] updated hook "builtin-session-health-check" for event "SessionStart"
[agent-hooks] updated hook "builtin-prepush-fetch" for event "PrePush"
[agent-hooks] built-in hooks registered
[task-executor] agent lifecycle hooks initialized
[task-executor] stream-based watchdog started ΓÇö analyzing agent health every 60s (idle threshold: 5min, stalled kill: 20min, max continues: 5, absolute limit: 370min)
[task-executor] started ΓÇö polling every 10s for up to 3 parallel tasks

[90mstdout[2m | tests/task-executor.test.mjs[2m > [22m[2mtask-executor[2m > [22m[2mstart / stop[2m > [22m[2mstart() waits for thread registry load before in-progress recovery
[22m[39m[task-executor] initialized (mode=internal, maxParallel=3, baseBranchParallelLimit=0, sdk=auto)
[task-store] No store file found ΓÇö initialised empty store
[agent-hooks] no hook config file found ΓÇö using built-in hooks only
[agent-hooks] updated hook "builtin-prepush-preflight" for event "PrePush"
[agent-hooks] updated hook "builtin-task-complete-validation" for event "TaskComplete"
[agent-hooks] updated hook "builtin-session-health-check" for event "SessionStart"
[agent-hooks] updated hook "builtin-prepush-fetch" for event "PrePush"
[agent-hooks] built-in hooks registered
[task-executor] agent lifecycle hooks initialized
[task-executor] stream-based watchdog started ΓÇö analyzing agent health every 60s (idle threshold: 5min, stalled kill: 20min, max continues: 5, absolute limit: 370min)
[task-executor] started ΓÇö workflow-owned lifecycle active, poll loop disabled (workflows handle task dispatch)

[90mstdout[2m | tests/task-executor.test.mjs[2m > [22m[2mtask-executor[2m > [22m[2mstart / stop[2m > [22m[2mstop() sets _running to false and clears poll timer
[22m[39m[task-executor] initialized (mode=internal, maxParallel=3, baseBranchParallelLimit=0, sdk=auto)
[task-store] No store file found ΓÇö initialised empty store
[agent-hooks] no hook config file found ΓÇö using built-in hooks only
[agent-hooks] updated hook "builtin-prepush-preflight" for event "PrePush"
[agent-hooks] updated hook "builtin-task-complete-validation" for event "TaskComplete"
[agent-hooks] updated hook "builtin-session-health-check" for event "SessionStart"
[agent-hooks] updated hook "builtin-prepush-fetch" for event "PrePush"
[agent-hooks] built-in hooks registered
[task-executor] agent lifecycle hooks initialized
[task-executor] stream-based watchdog started ΓÇö analyzing agent health every 60s (idle threshold: 5min, stalled kill: 20min, max continues: 5, absolute limit: 370min)
[task-executor] started ΓÇö workflow-owned lifecycle active, poll loop disabled (workflows handle task dispatch)
[task-executor] stopped (0 tasks were active)

[90mstdout[2m | tests/task-executor.test.mjs[2m > [22m[2mtask-executor[2m > [22m[2mstart / stop[2m > [22m[2mstop() waits for active slots gracefully
[22m[39m[task-executor] initialized (mode=internal, maxParallel=3, baseBranchParallelLimit=0, sdk=auto)
[task-store] No store file found ΓÇö initialised empty store
[agent-hooks] no hook config file found ΓÇö using built-in hooks only
[agent-hooks] updated hook "builtin-prepush-preflight" for event "PrePush"
[agent-hooks] updated hook "builtin-task-complete-validation" for event "TaskComplete"
[agent-hooks] updated hook "builtin-session-health-check" for event "SessionStart"
[agent-hooks] updated hook "builtin-prepush-fetch" for event "PrePush"
[agent-hooks] built-in hooks registered
[task-executor] agent lifecycle hooks initialized
[task-executor] stream-based watchdog started ΓÇö analyzing agent health every 60s (idle threshold: 5min, stalled kill: 20min, max continues: 5, absolute limit: 370min)
[task-executor] started ΓÇö workflow-owned lifecycle active, poll loop disabled (workflows handle task dispatch)
[task-executor] stopping ΓÇö waiting for 1 active task(s) to finish (300s grace)...

[90mstdout[2m | tests/task-executor.test.mjs[2m > [22m[2mtask-executor[2m > [22m[2mstart / stop[2m > [22m[2mstop() waits for active slots gracefully
[22m[39m[task-executor] stopped (0 tasks were active)

[90mstdout[2m | tests/task-executor.test.mjs[2m > [22m[2mtask-executor[2m > [22m[2min-progress recovery[2m > [22m[2mresumes fresh in-progress tasks on startup recovery
[22m[39m[task-executor] initialized (mode=internal, maxParallel=2, baseBranchParallelLimit=0, sdk=auto)

stderr | tests/task-executor.test.mjs > task-executor > in-progress recovery > resumes fresh in-progress tasks on startup recovery
[task-store] Failed to save store: [vitest] No "renameSync" export is defined on the "node:fs" mock. Did you forget to return it from "vi.mock"?
If you need to partially mock a module, you can use "importOriginal" helper inside:


[90mstdout[2m | tests/task-executor.test.mjs[2m > [22m[2mtask-executor[2m > [22m[2min-progress recovery[2m > [22m[2mresumes fresh in-progress tasks on startup recovery
[22m[39m[task-store] Added task resume-1: Resume this
[task-executor] in-progress recovery: resumed 1, reset 0 stale task(s) to todo

[90mstdout[2m | tests/task-executor.test.mjs[2m > [22m[2mtask-executor[2m > [22m[2min-progress recovery[2m > [22m[2mmoves stale in-progress tasks back to todo when no resumable thread exists
[22m[39m[task-executor] initialized (mode=internal, maxParallel=2, baseBranchParallelLimit=0, sdk=auto)

[90mstdout[2m | tests/task-executor.test.mjs[2m > [22m[2mtask-executor[2m > [22m[2min-progress recovery[2m > [22m[2mmoves stale in-progress tasks back to todo when no resumable thread exists
[22m[39m[task-executor] in-progress recovery: resumed 0, reset 1 stale task(s) to todo
stderr | tests/task-executor.test.mjs > task-executor > in-progress recovery > moves stale in-progress tasks back to todo when no resumable thread exists
[task-store] setTaskStatus: task stale-1 not found


[90mstdout[2m | tests/task-executor.test.mjs[2m > [22m[2mtask-executor[2m > [22m[2min-progress recovery[2m > [22m[2mdoes not resume in-progress tasks already blocked for no-commit thrash
[22m[39m[task-executor] initialized (mode=internal, maxParallel=2, baseBranchParallelLimit=0, sdk=auto)

[90mstdout[2m | tests/task-executor.test.mjs[2m > [22m[2mtask-executor[2m > [22m[2min-progress recovery[2m > [22m[2mdoes not resume in-progress tasks already blocked for no-commit thrash
[22m[39m[task-executor] in-progress recovery: resumed 0, reset 0 stale task(s) to todo, skipped 1 no-commit blocked task(s)

stderr | tests/task-executor.test.mjs > task-executor > in-progress recovery > does not resume in-progress tasks already blocked for no-commit thrash
[task-store] setTaskStatus: task blocked-1 not found

[90mstdout[2m | tests/task-executor.test.mjs[2m > [22m[2mtask-executor[2m > [22m[2min-progress recovery[2m > [22m[2mstill resumes in-progress tasks when no-commit count is below block threshold
[22m[39m[task-executor] initialized (mode=internal, maxParallel=2, baseBranchParallelLimit=0, sdk=auto)

[90mstdout[2m | tests/task-executor.test.mjs[2m > [22m[2mtask-executor[2m > [22m[2min-progress recovery[2m > [22m[2mstill resumes in-progress tasks when no-commit count is below block threshold
[22m[39m[task-store] Added task resume-2: Still eligible
[task-executor] in-progress recovery: resumed 1, reset 0 stale task(s) to todo
stderr | tests/task-executor.test.mjs > task-executor > in-progress recovery > still resumes in-progress tasks when no-commit count is below block threshold
[task-store] Failed to save store: [vitest] No "renameSync" export is defined on the "node:fs" mock. Did you forget to return it from "vi.mock"?
If you need to partially mock a module, you can use "importOriginal" helper inside:



[90mstdout[2m | tests/task-executor.test.mjs[2m > [22m[2mtask-executor[2m > [22m[2min-progress recovery[2m > [22m[2mkeeps no-commit block precedence even when a resumable thread exists
[22m[39m[task-executor] initialized (mode=internal, maxParallel=2, baseBranchParallelLimit=0, sdk=auto)

[90mstdout[2m | tests/task-executor.test.mjs[2m > [22m[2mtask-executor[2m > [22m[2min-progress recovery[2m > [22m[2mkeeps no-commit block precedence even when a resumable thread exists
[22m[39m[task-executor] in-progress recovery: resumed 0, reset 0 stale task(s) to todo, skipped 1 no-commit blocked task(s)

stderr | tests/task-executor.test.mjs > task-executor > in-progress recovery > keeps no-commit block precedence even when a resumable thread exists
[task-store] setTaskStatus: task blocked-thread-1 not found

 [32mΓ£ô[39m tests/monitor-duplicate-lock-handling.test.mjs [2m([22m[2m24 tests[22m[2m)[22m[32m 9[2mms[22m[39m
[90mstdout[2m | tests/kanban-github-projects.test.mjs[2m > [22m[2mGitHub Projects v2 integration[2m > [22m[2mgetProjectNodeId()[2m > [22m[2mresolves org project node ID via GraphQL and caches it
[22m[39m[kanban] switched to github backend

[90mstdout[2m | tests/kanban-github-projects.test.mjs[2m > [22m[2mGitHub Projects v2 integration[2m > [22m[2mgetProjectNodeId()[2m > [22m[2mresolves org project node ID via GraphQL and caches it
[22m[39m[kanban] using github backend

 [32mΓ£ô[39m tests/maintenance-warning-throttle.test.mjs [2m([22m[2m14 tests[22m[2m)[22m[32m 22[2mms[22m[39m
[90mstdout[2m | tests/task-executor.test.mjs[2m > [22m[2mtask-executor[2m > [22m[2min-progress recovery[2m > [22m[2mdoes not crash recovery when resetting blocked no-commit task fails
[22m[39m[task-executor] initialized (mode=internal, maxParallel=2, baseBranchParallelLimit=0, sdk=auto)
stderr | tests/task-executor.test.mjs > task-executor > in-progress recovery > does not crash recovery when resetting blocked no-commit task fails
[task-store] setTaskStatus: task blocked-err-1 not found


[90mstdout[2m | tests/task-executor.test.mjs[2m > [22m[2mtask-executor[2m > [22m[2min-progress recovery[2m > [22m[2mdoes not crash recovery when resetting blocked no-commit task fails
[22m[39m[task-executor] in-progress recovery: resumed 0, reset 0 stale task(s) to todo, skipped 1 no-commit blocked task(s)

 [32mΓ£ô[39m tests/task-debt-ledger.test.mjs [2m([22m[2m3 tests[22m[2m)[22m[32m 16[2mms[22m[39m
[90mstdout[2m | tests/kanban-github-projects.test.mjs[2m > [22m[2mGitHub Projects v2 integration[2m > [22m[2mgetProjectNodeId()[2m > [22m[2mresolves user project node ID when org returns null
[22m[39m[kanban] switched to github backend

[90mstdout[2m | tests/kanban-github-projects.test.mjs[2m > [22m[2mGitHub Projects v2 integration[2m > [22m[2mgetProjectNodeId()[2m > [22m[2mresolves user project node ID when org returns null
[22m[39m[kanban] using github backend

[90mstdout[2m | tests/kanban-github-projects.test.mjs[2m > [22m[2mGitHub Projects v2 integration[2m > [22m[2mgetProjectNodeId()[2m > [22m[2mreturns null and does not cache on failure
[22m[39m[kanban] switched to github backend

[90mstdout[2m | tests/kanban-github-projects.test.mjs[2m > [22m[2mGitHub Projects v2 integration[2m > [22m[2mgetProjectNodeId()[2m > [22m[2mreturns null and does not cache on failure
[22m[39m[kanban] using github backend

[90mstdout[2m | tests/kanban-github-projects.test.mjs[2m > [22m[2mGitHub Projects v2 integration[2m > [22m[2mgetProjectNodeId()[2m > [22m[2mreturns null for empty projectNumber
[22m[39m[kanban] switched to github backend

[90mstdout[2m | tests/kanban-github-projects.test.mjs[2m > [22m[2mGitHub Projects v2 integration[2m > [22m[2mgetProjectNodeId()[2m > [22m[2mreturns null for empty projectNumber
[22m[39m[kanban] using github backend

 [32mΓ£ô[39m tests/error-detector-patterns.test.mjs [2m([22m[2m62 tests[22m[2m)[22m[32m 22[2mms[22m[39m
[90mstdout[2m | tests/kanban-github-projects.test.mjs[2m > [22m[2mGitHub Projects v2 integration[2m > [22m[2mgetProjectFields()[2m > [22m[2mreturns full field Map keyed by lowercase name
[22m[39m[kanban] switched to github backend

[90mstdout[2m | tests/kanban-github-projects.test.mjs[2m > [22m[2mGitHub Projects v2 integration[2m > [22m[2mgetProjectFields()[2m > [22m[2mreturns full field Map keyed by lowercase name
[22m[39m[kanban] using github backend

[90mstdout[2m | tests/kanban-github-projects.test.mjs[2m > [22m[2mGitHub Projects v2 integration[2m > [22m[2mgetProjectFields()[2m > [22m[2mcaches field data and reuses on second call
[22m[39m[kanban] switched to github backend

[90mstdout[2m | tests/kanban-github-projects.test.mjs[2m > [22m[2mGitHub Projects v2 integration[2m > [22m[2mgetProjectFields()[2m > [22m[2mcaches field data and reuses on second call
[22m[39m[kanban] using github backend

[90mstdout[2m | tests/kanban-github-projects.test.mjs[2m > [22m[2mGitHub Projects v2 integration[2m > [22m[2mgetProjectFields()[2m > [22m[2mreturns empty Map for null projectNumber
[22m[39m[kanban] switched to github backend

[90mstdout[2m | tests/kanban-github-projects.test.mjs[2m > [22m[2mGitHub Projects v2 integration[2m > [22m[2mgetProjectFields()[2m > [22m[2mreturns empty Map for null projectNumber
[22m[39m[kanban] using github backend

[90mstdout[2m | tests/kanban-github-projects.test.mjs[2m > [22m[2mGitHub Projects v2 integration[2m > [22m[2m_normaliseProjectItem()[2m > [22m[2mnormalizes a project item with content and status
[22m[39m[kanban] switched to github backend

[90mstdout[2m | tests/kanban-github-projects.test.mjs[2m > [22m[2mGitHub Projects v2 integration[2m > [22m[2m_normaliseProjectItem()[2m > [22m[2mnormalizes a project item with content and status
[22m[39m[kanban] using github backend

[90mstdout[2m | tests/kanban-github-projects.test.mjs[2m > [22m[2mGitHub Projects v2 integration[2m > [22m[2m_normaliseProjectItem()[2m > [22m[2mextracts issue number from URL when content.number is missing
[22m[39m[kanban] switched to github backend

[90mstdout[2m | tests/kanban-github-projects.test.mjs[2m > [22m[2mGitHub Projects v2 integration[2m > [22m[2m_normaliseProjectItem()[2m > [22m[2mextracts issue number from URL when content.number is missing
[22m[39m[kanban] using github backend

[90mstdout[2m | tests/kanban-github-projects.test.mjs[2m > [22m[2mGitHub Projects v2 integration[2m > [22m[2m_normaliseProjectItem()[2m > [22m[2mreturns null for draft items without content number or URL
[22m[39m[kanban] switched to github backend

[90mstdout[2m | tests/kanban-github-projects.test.mjs[2m > [22m[2mGitHub Projects v2 integration[2m > [22m[2m_normaliseProjectItem()[2m > [22m[2mreturns null for draft items without content number or URL
[22m[39m[kanban] using github backend

[90mstdout[2m | tests/kanban-github-projects.test.mjs[2m > [22m[2mGitHub Projects v2 integration[2m > [22m[2m_normaliseProjectItem()[2m > [22m[2mfalls back to label-based status when project status is missing
[22m[39m[kanban] switched to github backend

[90mstdout[2m | tests/kanban-github-projects.test.mjs[2m > [22m[2mGitHub Projects v2 integration[2m > [22m[2m_normaliseProjectItem()[2m > [22m[2mfalls back to label-based status when project status is missing
[22m[39m[kanban] using github backend

[90mstdout[2m | tests/kanban-github-projects.test.mjs[2m > [22m[2mGitHub Projects v2 integration[2m > [22m[2m_normaliseProjectItem()[2m > [22m[2mdetects codex meta flags from labels
[22m[39m[kanban] switched to github backend

[90mstdout[2m | tests/kanban-github-projects.test.mjs[2m > [22m[2mGitHub Projects v2 integration[2m > [22m[2m_normaliseProjectItem()[2m > [22m[2mdetects codex meta flags from labels
[22m[39m[kanban] using github backend

[90mstdout[2m | tests/kanban-github-projects.test.mjs[2m > [22m[2mGitHub Projects v2 integration[2m > [22m[2m_normalizeProjectStatus()[2m > [22m[2mmaps project status name ΓåÆ internal status (default mapping)
[22m[39m[kanban] switched to github backend

[90mstdout[2m | tests/kanban-github-projects.test.mjs[2m > [22m[2mGitHub Projects v2 integration[2m > [22m[2m_normalizeProjectStatus()[2m > [22m[2mmaps project status name ΓåÆ internal status (default mapping)
[22m[39m[kanban] using github backend

[90mstdout[2m | tests/kanban-github-projects.test.mjs[2m > [22m[2mGitHub Projects v2 integration[2m > [22m[2m_normalizeProjectStatus()[2m > [22m[2mmaps internal status ΓåÆ project status name (reverse)
[22m[39m[kanban] switched to github backend

[90mstdout[2m | tests/kanban-github-projects.test.mjs[2m > [22m[2mGitHub Projects v2 integration[2m > [22m[2m_normalizeProjectStatus()[2m > [22m[2mmaps internal status ΓåÆ project status name (reverse)
[22m[39m[kanban] using github backend

[90mstdout[2m | tests/kanban-github-projects.test.mjs[2m > [22m[2mGitHub Projects v2 integration[2m > [22m[2m_normalizeProjectStatus()[2m > [22m[2mis case-insensitive for project ΓåÆ internal
[22m[39m[kanban] switched to github backend

[90mstdout[2m | tests/kanban-github-projects.test.mjs[2m > [22m[2mGitHub Projects v2 integration[2m > [22m[2m_normalizeProjectStatus()[2m > [22m[2mis case-insensitive for project ΓåÆ internal
[22m[39m[kanban] using github backend

[90mstdout[2m | tests/kanban-github-projects.test.mjs[2m > [22m[2mGitHub Projects v2 integration[2m > [22m[2m_normalizeProjectStatus()[2m > [22m[2mfalls back to 'todo' for unknown project statuses
[22m[39m[kanban] switched to github backend

[90mstdout[2m | tests/kanban-github-projects.test.mjs[2m > [22m[2mGitHub Projects v2 integration[2m > [22m[2m_normalizeProjectStatus()[2m > [22m[2mfalls back to 'todo' for unknown project statuses
[22m[39m[kanban] using github backend

[90mstdout[2m | tests/kanban-github-projects.test.mjs[2m > [22m[2mGitHub Projects v2 integration[2m > [22m[2m_normalizeProjectStatus()[2m > [22m[2mfalls back to project Todo for unknown internal statuses
[22m[39m[kanban] switched to github backend

[90mstdout[2m | tests/kanban-github-projects.test.mjs[2m > [22m[2mGitHub Projects v2 integration[2m > [22m[2m_normalizeProjectStatus()[2m > [22m[2mfalls back to project Todo for unknown internal statuses
[22m[39m[kanban] using github backend

[90mstdout[2m | tests/kanban-github-projects.test.mjs[2m > [22m[2mGitHub Projects v2 integration[2m > [22m[2mconfigurable status mapping via env vars[2m > [22m[2muses default mappings when env vars are not set
[22m[39m[kanban] switched to github backend

[90mstdout[2m | tests/kanban-github-projects.test.mjs[2m > [22m[2mGitHub Projects v2 integration[2m > [22m[2mconfigurable status mapping via env vars[2m > [22m[2muses default mappings when env vars are not set
[22m[39m[kanban] using github backend

[90mstdout[2m | tests/kanban-github-projects.test.mjs[2m > [22m[2mGitHub Projects v2 integration[2m > [22m[2mconfigurable status mapping via env vars[2m > [22m[2m_syncStatusToProject uses configurable mapping
[22m[39m[kanban] switched to github backend

[90mstdout[2m | tests/kanban-github-projects.test.mjs[2m > [22m[2mGitHub Projects v2 integration[2m > [22m[2mconfigurable status mapping via env vars[2m > [22m[2m_syncStatusToProject uses configurable mapping
[22m[39m[kanban] using github backend

[90mstdout[2m | tests/kanban-github-projects.test.mjs[2m > [22m[2mGitHub Projects v2 integration[2m > [22m[2mconfigurable status mapping via env vars[2m > [22m[2m_syncStatusToProject uses configurable mapping
[22m[39m[kanban] synced issue https://github.com/acme/widgets/issues/42 to project status: In Progress

[90mstdout[2m | tests/kanban-github-projects.test.mjs[2m > [22m[2mGitHub Projects v2 integration[2m > [22m[2mGITHUB_PROJECT_AUTO_SYNC toggle[2m > [22m[2mskips project sync when GITHUB_PROJECT_AUTO_SYNC=false
[22m[39m[kanban] switched to github backend

[90mstdout[2m | tests/kanban-github-projects.test.mjs[2m > [22m[2mGitHub Projects v2 integration[2m > [22m[2mGITHUB_PROJECT_AUTO_SYNC toggle[2m > [22m[2mskips project sync when GITHUB_PROJECT_AUTO_SYNC=false
[22m[39m[kanban] switched to github backend
[kanban] using github backend

[90mstdout[2m | tests/task-executor.test.mjs[2m > [22m[2mtask-executor[2m > [22m[2mgetTaskExecutor singleton[2m > [22m[2mreturns a TaskExecutor instance
[22m[39m[task-executor] initialized (mode=vk, maxParallel=3, baseBranchParallelLimit=0, sdk=auto)

[90mstdout[2m | tests/kanban-github-projects.test.mjs[2m > [22m[2mGitHub Projects v2 integration[2m > [22m[2mGITHUB_PROJECT_AUTO_SYNC toggle[2m > [22m[2mperforms project sync when GITHUB_PROJECT_AUTO_SYNC is not set (default true)
[22m[39m[kanban] switched to github backend

[90mstdout[2m | tests/kanban-github-projects.test.mjs[2m > [22m[2mGitHub Projects v2 integration[2m > [22m[2mGITHUB_PROJECT_AUTO_SYNC toggle[2m > [22m[2mperforms project sync when GITHUB_PROJECT_AUTO_SYNC is not set (default true)
[22m[39m[kanban] switched to github backend
[kanban] using github backend

[90mstdout[2m | tests/kanban-github-projects.test.mjs[2m > [22m[2mGitHub Projects v2 integration[2m > [22m[2m_getProjectItemIdForIssue()[2m > [22m[2mresolves item ID via GraphQL and caches it
[22m[39m[kanban] switched to github backend

[90mstdout[2m | tests/kanban-github-projects.test.mjs[2m > [22m[2mGitHub Projects v2 integration[2m > [22m[2m_getProjectItemIdForIssue()[2m > [22m[2mresolves item ID via GraphQL and caches it
[22m[39m[kanban] using github backend

[90mstdout[2m | tests/kanban-github-projects.test.mjs[2m > [22m[2mGitHub Projects v2 integration[2m > [22m[2m_getProjectItemIdForIssue()[2m > [22m[2mreturns null when issue not in project
[22m[39m[kanban] switched to github backend

[90mstdout[2m | tests/kanban-github-projects.test.mjs[2m > [22m[2mGitHub Projects v2 integration[2m > [22m[2m_getProjectItemIdForIssue()[2m > [22m[2mreturns null when issue not in project
[22m[39m[kanban] using github backend

[90mstdout[2m | tests/kanban-github-projects.test.mjs[2m > [22m[2mGitHub Projects v2 integration[2m > [22m[2m_getProjectItemIdForIssue()[2m > [22m[2mreturns null for missing parameters
[22m[39m[kanban] switched to github backend

[90mstdout[2m | tests/kanban-github-projects.test.mjs[2m > [22m[2mGitHub Projects v2 integration[2m > [22m[2m_getProjectItemIdForIssue()[2m > [22m[2mreturns null for missing parameters
[22m[39m[kanban] using github backend

[90mstdout[2m | tests/kanban-github-projects.test.mjs[2m > [22m[2mGitHub Projects v2 integration[2m > [22m[2msyncFieldToProject()[2m > [22m[2mupdates a SINGLE_SELECT field
[22m[39m[kanban] switched to github backend

[90mstdout[2m | tests/kanban-github-projects.test.mjs[2m > [22m[2mGitHub Projects v2 integration[2m > [22m[2msyncFieldToProject()[2m > [22m[2mupdates a SINGLE_SELECT field
[22m[39m[kanban] using github backend

[90mstdout[2m | tests/kanban-github-projects.test.mjs[2m > [22m[2mGitHub Projects v2 integration[2m > [22m[2msyncFieldToProject()[2m > [22m[2mupdates a SINGLE_SELECT field
[22m[39m[kanban] synced field "Status" = "In Progress" for issue #42

[90mstdout[2m | tests/kanban-github-projects.test.mjs[2m > [22m[2mGitHub Projects v2 integration[2m > [22m[2msyncFieldToProject()[2m > [22m[2mupdates a NUMBER field
[22m[39m[kanban] switched to github backend

[90mstdout[2m | tests/kanban-github-projects.test.mjs[2m > [22m[2mGitHub Projects v2 integration[2m > [22m[2msyncFieldToProject()[2m > [22m[2mupdates a NUMBER field
[22m[39m[kanban] using github backend

[90mstdout[2m | tests/kanban-github-projects.test.mjs[2m > [22m[2mGitHub Projects v2 integration[2m > [22m[2msyncFieldToProject()[2m > [22m[2mupdates a NUMBER field
[22m[39m[kanban] synced field "Estimate" = "5" for issue #42

[90mstdout[2m | tests/kanban-github-projects.test.mjs[2m > [22m[2mGitHub Projects v2 integration[2m > [22m[2msyncFieldToProject()[2m > [22m[2mupdates a DATE field
[22m[39m[kanban] switched to github backend

[90mstdout[2m | tests/kanban-github-projects.test.mjs[2m > [22m[2mGitHub Projects v2 integration[2m > [22m[2msyncFieldToProject()[2m > [22m[2mupdates a DATE field
[22m[39m[kanban] using github backend

[90mstdout[2m | tests/kanban-github-projects.test.mjs[2m > [22m[2mGitHub Projects v2 integration[2m > [22m[2msyncFieldToProject()[2m > [22m[2mupdates a DATE field
[22m[39m[kanban] synced field "Due Date" = "2026-03-01" for issue #42

[90mstdout[2m | tests/kanban-github-projects.test.mjs[2m > [22m[2mGitHub Projects v2 integration[2m > [22m[2msyncFieldToProject()[2m > [22m[2mupdates a TEXT field
[22m[39m[kanban] switched to github backend

[90mstdout[2m | tests/kanban-github-projects.test.mjs[2m > [22m[2mGitHub Projects v2 integration[2m > [22m[2msyncFieldToProject()[2m > [22m[2mupdates a TEXT field
[22m[39m[kanban] using github backend

[90mstdout[2m | tests/kanban-github-projects.test.mjs[2m > [22m[2mGitHub Projects v2 integration[2m > [22m[2msyncFieldToProject()[2m > [22m[2mupdates a TEXT field
[22m[39m[kanban] synced field "Notes" = "Hello world" for issue #42

[90mstdout[2m | tests/kanban-github-projects.test.mjs[2m > [22m[2mGitHub Projects v2 integration[2m > [22m[2msyncFieldToProject()[2m > [22m[2mreturns false for unknown field name
[22m[39m[kanban] switched to github backend

[90mstdout[2m | tests/kanban-github-projects.test.mjs[2m > [22m[2mGitHub Projects v2 integration[2m > [22m[2msyncFieldToProject()[2m > [22m[2mreturns false for unknown field name
[22m[39m[kanban] using github backend

[90mstdout[2m | tests/kanban-github-projects.test.mjs[2m > [22m[2mGitHub Projects v2 integration[2m > [22m[2msyncFieldToProject()[2m > [22m[2mreturns false for unknown option in SINGLE_SELECT
[22m[39m[kanban] switched to github backend

[90mstdout[2m | tests/kanban-github-projects.test.mjs[2m > [22m[2mGitHub Projects v2 integration[2m > [22m[2msyncFieldToProject()[2m > [22m[2mreturns false for unknown option in SINGLE_SELECT
[22m[39m[kanban] using github backend

[90mstdout[2m | tests/kanban-github-projects.test.mjs[2m > [22m[2mGitHub Projects v2 integration[2m > [22m[2msyncFieldToProject()[2m > [22m[2mreturns false for missing parameters
[22m[39m[kanban] switched to github backend

[90mstdout[2m | tests/kanban-github-projects.test.mjs[2m > [22m[2mGitHub Projects v2 integration[2m > [22m[2msyncFieldToProject()[2m > [22m[2mreturns false for missing parameters
[22m[39m[kanban] using github backend

[90mstdout[2m | tests/kanban-github-projects.test.mjs[2m > [22m[2mGitHub Projects v2 integration[2m > [22m[2msyncFieldToProject()[2m > [22m[2msyncIterationToProject resolves iteration by name
[22m[39m[kanban] switched to github backend

[90mstdout[2m | tests/kanban-github-projects.test.mjs[2m > [22m[2mGitHub Projects v2 integration[2m > [22m[2msyncFieldToProject()[2m > [22m[2msyncIterationToProject resolves iteration by name
[22m[39m[kanban] using github backend

[90mstdout[2m | tests/kanban-github-projects.test.mjs[2m > [22m[2mGitHub Projects v2 integration[2m > [22m[2msyncFieldToProject()[2m > [22m[2msyncIterationToProject resolves iteration by name
[22m[39m[kanban] synced field "Iteration" = "Sprint 24" for issue #42

[90mstdout[2m | tests/kanban-github-projects.test.mjs[2m > [22m[2mGitHub Projects v2 integration[2m > [22m[2mrate limit retry in _gh()[2m > [22m[2mretries once after rate limit error and succeeds
[22m[39m[kanban] switched to github backend

[90mstdout[2m | tests/kanban-github-projects.test.mjs[2m > [22m[2mGitHub Projects v2 integration[2m > [22m[2mrate limit retry in _gh()[2m > [22m[2mretries once after rate limit error and succeeds
[22m[39m[kanban] using github backend

[90mstdout[2m | tests/sync-engine.test.mjs[2m > [22m[2msync-engine backward external status handling[2m > [22m[2mre-pushes backward move when internal equals old external status
[22m[39m[sync-engine] External reverted task-1: inprogress ΓåÆ todo but internal=inprogress is ahead ΓÇö will re-push

stderr | tests/workflow-guaranteed.test.mjs > guaranteed: all templates execute without engine errors > template-frontend-agent
[workflow-nodes] Frontend verification failed for TASK-1: evidenceDir=.bosun/evidence reason=no_evidence evidenceCount=0

[90mstdout[2m | tests/sync-engine.test.mjs[2m > [22m[2msync-engine backward external status handling[2m > [22m[2mre-pushes external backward move when internal task is dirty
[22m[39m[sync-engine] External reverted task-2: inprogress ΓåÆ todo but internal=inprogress is ahead ΓÇö will re-push

 [32mΓ£ô[39m tests/voice-tools.test.mjs [2m([22m[2m35 tests[22m[2m)[22m[32m 41[2mms[22m[39m
[90mstdout[2m | tests/task-executor.test.mjs[2m > [22m[2mtask-executor[2m > [22m[2mgetTaskExecutor singleton[2m > [22m[2mreturns same instance on second call
[22m[39m[task-executor] initialized (mode=internal, maxParallel=3, baseBranchParallelLimit=0, sdk=auto)

[90mstdout[2m | tests/kanban-github-projects.test.mjs[2m > [22m[2mGitHub Projects v2 integration[2m > [22m[2mrate limit retry in _gh()[2m > [22m[2mthrows after rate limit retry also fails
[22m[39m[kanban] switched to github backend

[90mstdout[2m | tests/kanban-github-projects.test.mjs[2m > [22m[2mGitHub Projects v2 integration[2m > [22m[2mrate limit retry in _gh()[2m > [22m[2mthrows after rate limit retry also fails
[22m[39m[kanban] using github backend

[90mstdout[2m | tests/task-executor.test.mjs[2m > [22m[2mtask-executor[2m > [22m[2mlegacy method stubs[2m > [22m[2mexecuteTask returns legacy_removed stub
[22m[39m[task-executor] initialized (mode=internal, maxParallel=3, baseBranchParallelLimit=0, sdk=auto)

[90mstdout[2m | tests/task-executor.test.mjs[2m > [22m[2mtask-executor[2m > [22m[2mlegacy method stubs[2m > [22m[2m_pollLoop is a no-op
[22m[39m[task-executor] initialized (mode=internal, maxParallel=3, baseBranchParallelLimit=0, sdk=auto)

[90mstdout[2m | tests/sync-engine.test.mjs[2m > [22m[2msync-engine backward external status handling[2m > [22m[2mdoes not cancel internal tasks deleted externally under internal-primary policy
[22m[39m[sync-engine] External task missing for task-survives ΓÇö preserving internal task (syncPolicy=internal-primary)

[90mstdout[2m | tests/task-executor.test.mjs[2m > [22m[2mtask-executor[2m > [22m[2mlegacy method stubs[2m > [22m[2m_buildTaskPrompt returns empty string
[22m[39m[task-executor] initialized (mode=internal, maxParallel=3, baseBranchParallelLimit=0, sdk=auto)

[90mstdout[2m | tests/kanban-github-projects.test.mjs[2m > [22m[2mGitHub Projects v2 integration[2m > [22m[2mrate limit retry in _gh()[2m > [22m[2mretries transient gh CLI failures and succeeds
[22m[39m[kanban] switched to github backend

[90mstdout[2m | tests/task-executor.test.mjs[2m > [22m[2mtask-executor[2m > [22m[2mlegacy method stubs[2m > [22m[2m_pushBranch returns legacy_removed
[22m[39m[task-executor] initialized (mode=internal, maxParallel=3, baseBranchParallelLimit=0, sdk=auto)

[90mstdout[2m | tests/sync-engine.test.mjs[2m > [22m[2msync-engine external status normalization[2m > [22m[2mnormalizes external closed to cancelled and updates internal status
[22m[39m[sync-engine] External advanced past internal task-closed: inprogress ΓåÆ cancelled

[90mstdout[2m | tests/kanban-github-projects.test.mjs[2m > [22m[2mGitHub Projects v2 integration[2m > [22m[2mrate limit retry in _gh()[2m > [22m[2mretries transient gh CLI failures and succeeds
[22m[39m[kanban] using github backend

[90mstdout[2m | tests/task-executor.test.mjs[2m > [22m[2mtask-executor[2m > [22m[2mlegacy method stubs[2m > [22m[2m_hasUnpushedCommits returns false
[22m[39m[task-executor] initialized (mode=internal, maxParallel=3, baseBranchParallelLimit=0, sdk=auto)

[90mstdout[2m | tests/task-executor.test.mjs[2m > [22m[2mtask-executor[2m > [22m[2mlegacy method stubs[2m > [22m[2m_shouldAutoResume returns false
[22m[39m[task-executor] initialized (mode=internal, maxParallel=3, baseBranchParallelLimit=0, sdk=auto)

[90mstdout[2m | tests/task-executor.test.mjs[2m > [22m[2mtask-executor[2m > [22m[2mlegacy method stubs[2m > [22m[2m_createPR returns null
[22m[39m[task-executor] initialized (mode=internal, maxParallel=3, baseBranchParallelLimit=0, sdk=auto)

[90mstdout[2m | tests/sync-engine.test.mjs[2m > [22m[2msync-engine external status normalization[2m > [22m[2mnormalizes external merged to done and updates internal status
[22m[39m[sync-engine] External advanced past internal task-merged: inreview ΓåÆ done

[90mstdout[2m | tests/kanban-github-projects.test.mjs[2m > [22m[2mGitHub Projects v2 integration[2m > [22m[2mrate limit retry in _gh()[2m > [22m[2mthrows after transient retry budget is exhausted
[22m[39m[kanban] switched to github backend

[90mstdout[2m | tests/sync-engine.test.mjs[2m > [22m[2msync-engine external status normalization[2m > [22m[2mnormalizes mixed-case and spacing/hyphen variants
[22m[39m[sync-engine] External advanced past internal task-normalized: todo ΓåÆ inreview

[90mstdout[2m | tests/kanban-github-projects.test.mjs[2m > [22m[2mGitHub Projects v2 integration[2m > [22m[2mrate limit retry in _gh()[2m > [22m[2mthrows after transient retry budget is exhausted
[22m[39m[kanban] using github backend

 [32mΓ£ô[39m tests/task-executor.test.mjs [2m([22m[2m51 tests[22m[2m)[22m[32m 54[2mms[22m[39m
[90mstdout[2m | tests/kanban-github-projects.test.mjs[2m > [22m[2mGitHub Projects v2 integration[2m > [22m[2mrate limit retry in _gh()[2m > [22m[2mretries transient invalid JSON responses and succeeds
[22m[39m[kanban] switched to github backend

[90mstdout[2m | tests/kanban-github-projects.test.mjs[2m > [22m[2mGitHub Projects v2 integration[2m > [22m[2mrate limit retry in _gh()[2m > [22m[2mretries transient invalid JSON responses and succeeds
[22m[39m[kanban] using github backend

[90mstdout[2m | tests/sync-engine.test.mjs[2m > [22m[2msync-engine push 404 orphan handling[2m > [22m[2mremoves orphaned task from internal store on 404 push error
[22m[39m[sync-engine] Pushing 1 dirty task(s) to external (backend=vk)

stderr | tests/sync-engine.test.mjs > sync-engine push 404 orphan handling > removes orphaned task from internal store on 404 push error
[sync-engine] Task orphan-1 returned 404 ΓÇö removing orphaned task from internal store

[90mstdout[2m | tests/kanban-github-projects.test.mjs[2m > [22m[2mGitHub Projects v2 integration[2m > [22m[2mrate limit retry in _gh()[2m > [22m[2mdoes not retry on non-rate-limit errors
[22m[39m[kanban] switched to github backend

[90mstdout[2m | tests/kanban-github-projects.test.mjs[2m > [22m[2mGitHub Projects v2 integration[2m > [22m[2mrate limit retry in _gh()[2m > [22m[2mdoes not retry on non-rate-limit errors
[22m[39m[kanban] using github backend

[90mstdout[2m | tests/kanban-github-projects.test.mjs[2m > [22m[2mGitHub Projects v2 integration[2m > [22m[2mlistTasksFromProject()[2m > [22m[2mnormalizes project items without individual issue fetches
[22m[39m[kanban] switched to github backend

[90mstdout[2m | tests/sync-engine.test.mjs[2m > [22m[2msync-engine push 404 orphan handling[2m > [22m[2mdoes not remove task on non-404 push errors
[22m[39m[sync-engine] Pushing 1 dirty task(s) to external (backend=vk)

stderr | tests/sync-engine.test.mjs > sync-engine push 404 orphan handling > does not remove task on non-404 push errors
[sync-engine] Push failed for task-x: VK API PUT /api/tasks/task-x failed: 500

[90mstdout[2m | tests/sync-engine.test.mjs[2m > [22m[2msync-engine UUID-to-GitHub ID mismatch handling[2m > [22m[2mskips UUID tasks when backend is github
[22m[39m[sync-engine] Pushing 2 dirty task(s) to external (backend=github)

[90mstdout[2m | tests/sync-engine.test.mjs[2m > [22m[2msync-engine UUID-to-GitHub ID mismatch handling[2m > [22m[2mskips UUID tasks when backend is github
[22m[39m[sync-engine] Skipped 28c1b2e9-0e9e-4eeb-83ac-90c80e7f4a2e ΓÇö ID format incompatible with github backend

[90mstdout[2m | tests/sync-engine.test.mjs[2m > [22m[2msync-engine UUID-to-GitHub ID mismatch handling[2m > [22m[2mskips UUID tasks when backend is github
[22m[39m[sync-engine] Skipped ab411a51-5428-4075-a47d-9f208c7421eb ΓÇö ID format incompatible with github backend

[90mstdout[2m | tests/sync-engine.test.mjs[2m > [22m[2msync-engine UUID-to-GitHub ID mismatch handling[2m > [22m[2mpushes numeric ID tasks when backend is github
[22m[39m[sync-engine] Pushing 1 dirty task(s) to external (backend=github)

[90mstdout[2m | tests/kanban-github-projects.test.mjs[2m > [22m[2mGitHub Projects v2 integration[2m > [22m[2mlistTasksFromProject()[2m > [22m[2mnormalizes project items without individual issue fetches
[22m[39m[kanban] using github backend

[90mstdout[2m | tests/kanban-github-projects.test.mjs[2m > [22m[2mGitHub Projects v2 integration[2m > [22m[2mlistTasksFromProject()[2m > [22m[2mresolves shared-state comment fetches using task issue URL repo
[22m[39m[kanban] switched to github backend

[90mstdout[2m | tests/sync-engine.test.mjs[2m > [22m[2msync-engine UUID-to-GitHub ID mismatch handling[2m > [22m[2mpushes numeric ID tasks when backend is github
[22m[39m[sync-engine] Pushed 42 ΓåÆ done

[90mstdout[2m | tests/kanban-github-projects.test.mjs[2m > [22m[2mGitHub Projects v2 integration[2m > [22m[2mlistTasksFromProject()[2m > [22m[2mresolves shared-state comment fetches using task issue URL repo
[22m[39m[kanban] using github backend

[90mstdout[2m | tests/sync-engine.test.mjs[2m > [22m[2msync-engine UUID-to-GitHub ID mismatch handling[2m > [22m[2mpushes UUID tasks when backend is vk
[22m[39m[sync-engine] Pushing 1 dirty task(s) to external (backend=vk)

[90mstdout[2m | tests/sync-engine.test.mjs[2m > [22m[2msync-engine UUID-to-GitHub ID mismatch handling[2m > [22m[2mpushes UUID tasks when backend is vk
[22m[39m[sync-engine] Pushed 28c1b2e9-0e9e-4eeb-83ac-90c80e7f4a2e ΓåÆ inprogress

[90mstdout[2m | tests/sync-engine.test.mjs[2m > [22m[2msync-engine UUID-to-GitHub ID mismatch handling[2m > [22m[2muses externalId over id when available for github push
[22m[39m[sync-engine] Pushing 1 dirty task(s) to external (backend=github)

[90mstdout[2m | tests/sync-engine.test.mjs[2m > [22m[2msync-engine UUID-to-GitHub ID mismatch handling[2m > [22m[2muses externalId over id when available for github push
[22m[39m[sync-engine] Pushed 28c1b2e9-0e9e-4eeb-83ac-90c80e7f4a2e ΓåÆ done

[90mstdout[2m | tests/kanban-github-projects.test.mjs[2m > [22m[2mGitHub Projects v2 integration[2m > [22m[2mlistTasksFromProject()[2m > [22m[2muses cached cross-repo locator for later getTask issue-view fetches
[22m[39m[kanban] switched to github backend

[90mstdout[2m | tests/kanban-github-projects.test.mjs[2m > [22m[2mGitHub Projects v2 integration[2m > [22m[2mlistTasksFromProject()[2m > [22m[2muses cached cross-repo locator for later getTask issue-view fetches
[22m[39m[kanban] using github backend

[90mstdout[2m | tests/sync-engine.test.mjs[2m > [22m[2msync-engine UUID-to-GitHub ID mismatch handling[2m > [22m[2mcreates external task for planner-marked internal tasks before push
[22m[39m[sync-engine] Pushing 1 dirty task(s) to external (backend=github)

[90mstdout[2m | tests/sync-engine.test.mjs[2m > [22m[2msync-engine UUID-to-GitHub ID mismatch handling[2m > [22m[2mcreates external task for planner-marked internal tasks before push
[22m[39m[sync-engine] Created external task for 28c1b2e9-0e9e-4eeb-83ac-90c80e7f4a2e ΓåÆ 212 (github)

[90mstdout[2m | tests/sync-engine.test.mjs[2m > [22m[2msync-engine UUID-to-GitHub ID mismatch handling[2m > [22m[2mcreates external task for planner-marked internal tasks before push
[22m[39m[sync-engine] Pushed 28c1b2e9-0e9e-4eeb-83ac-90c80e7f4a2e ΓåÆ inreview

[90mstdout[2m | tests/kanban-github-projects.test.mjs[2m > [22m[2mGitHub Projects v2 integration[2m > [22m[2mlistTasksFromProject()[2m > [22m[2mreturns empty array for null projectNumber
[22m[39m[kanban] switched to github backend

[90mstdout[2m | tests/kanban-github-projects.test.mjs[2m > [22m[2mGitHub Projects v2 integration[2m > [22m[2mlistTasksFromProject()[2m > [22m[2mreturns empty array for null projectNumber
[22m[39m[kanban] using github backend

[90mstdout[2m | tests/kanban-github-projects.test.mjs[2m > [22m[2mGitHub Projects v2 integration[2m > [22m[2mlistTasksFromProject()[2m > [22m[2mcaches project item IDs from list results
[22m[39m[kanban] switched to github backend

[90mstdout[2m | tests/kanban-github-projects.test.mjs[2m > [22m[2mGitHub Projects v2 integration[2m > [22m[2mlistTasksFromProject()[2m > [22m[2mcaches project item IDs from list results
[22m[39m[kanban] using github backend

[90mstdout[2m | tests/kanban-github-projects.test.mjs[2m > [22m[2mGitHub Projects v2 integration[2m > [22m[2mlistTasksFromProject()[2m > [22m[2mfilters project items by filters.projectField
[22m[39m[kanban] switched to github backend

[90mstdout[2m | tests/kanban-github-projects.test.mjs[2m > [22m[2mGitHub Projects v2 integration[2m > [22m[2mlistTasksFromProject()[2m > [22m[2mfilters project items by filters.projectField
[22m[39m[kanban] using github backend

[90mstdout[2m | tests/kanban-github-projects.test.mjs[2m > [22m[2mGitHub Projects v2 integration[2m > [22m[2mstatus+field batch mutations and draft flow[2m > [22m[2mbatches status + project field updates with GraphQL aliases
[22m[39m[kanban] switched to github backend

[90mstdout[2m | tests/kanban-github-projects.test.mjs[2m > [22m[2mGitHub Projects v2 integration[2m > [22m[2mstatus+field batch mutations and draft flow[2m > [22m[2mbatches status + project field updates with GraphQL aliases
[22m[39m[kanban] using github backend

[90mstdout[2m | tests/kanban-github-projects.test.mjs[2m > [22m[2mGitHub Projects v2 integration[2m > [22m[2mstatus+field batch mutations and draft flow[2m > [22m[2mbatches status + project field updates with GraphQL aliases
[22m[39m[kanban] synced issue https://github.com/acme/widgets/issues/42 to project status: Done

[90mstdout[2m | tests/kanban-github-projects.test.mjs[2m > [22m[2mGitHub Projects v2 integration[2m > [22m[2mstatus+field batch mutations and draft flow[2m > [22m[2mlistTasks applies projectField filter in project mode
[22m[39m[kanban] switched to github backend

[90mstdout[2m | tests/kanban-github-projects.test.mjs[2m > [22m[2mGitHub Projects v2 integration[2m > [22m[2mstatus+field batch mutations and draft flow[2m > [22m[2mlistTasks applies projectField filter in project mode
[22m[39m[kanban] using github backend

[90mstdout[2m | tests/kanban-github-projects.test.mjs[2m > [22m[2mGitHub Projects v2 integration[2m > [22m[2mstatus+field batch mutations and draft flow[2m > [22m[2mcreateTask supports addProjectV2DraftIssue without conversion
[22m[39m[kanban] switched to github backend

[90mstdout[2m | tests/kanban-github-projects.test.mjs[2m > [22m[2mGitHub Projects v2 integration[2m > [22m[2mstatus+field batch mutations and draft flow[2m > [22m[2mcreateTask supports addProjectV2DraftIssue without conversion
[22m[39m[kanban] using github backend

[90mstdout[2m | tests/kanban-github-projects.test.mjs[2m > [22m[2mGitHub Projects v2 integration[2m > [22m[2mstatus+field batch mutations and draft flow[2m > [22m[2mcreateTask can convert a project draft issue to repository issue
[22m[39m[kanban] switched to github backend

[90mstdout[2m | tests/kanban-github-projects.test.mjs[2m > [22m[2mGitHub Projects v2 integration[2m > [22m[2mstatus+field batch mutations and draft flow[2m > [22m[2mcreateTask can convert a project draft issue to repository issue
[22m[39m[kanban] switched to github backend
[kanban] using github backend

[90mstdout[2m | tests/sync-engine.test.mjs[2m > [22m[2msync-engine UUID-to-GitHub ID mismatch handling[2m > [22m[2mhandles invalid-id-format error gracefully as fallback
[22m[39m[sync-engine] Pushing 1 dirty task(s) to external (backend=github)

[90mstdout[2m | tests/sync-engine.test.mjs[2m > [22m[2msync-engine UUID-to-GitHub ID mismatch handling[2m > [22m[2mhandles invalid-id-format error gracefully as fallback
[22m[39m[sync-engine] Skipped 123 ΓÇö invalid ID format for current backend

[90mstdout[2m | tests/sync-engine.test.mjs[2m > [22m[2msync-engine syncTask backend ID handling[2m > [22m[2msyncTask uses externalId for github backend
[22m[39m[sync-engine] Force-synced task 28c1b2e9-0e9e-4eeb-83ac-90c80e7f4a2e (151) ΓåÆ done

[90mstdout[2m | tests/sync-engine.test.mjs[2m > [22m[2msync-engine syncTask backend ID handling[2m > [22m[2msyncTask skips incompatible IDs for github backend
[22m[39m[sync-engine] Skipped 28c1b2e9-0e9e-4eeb-83ac-90c80e7f4a2e ΓÇö ID format incompatible with github backend

[90mstdout[2m | tests/sync-engine.test.mjs[2m > [22m[2msync-engine monitoring counters and alerts[2m > [22m[2mincrements success/failure metrics across full sync cycles
[22m[39m[sync-engine] Starting full syncΓÇª

[90mstdout[2m | tests/sync-engine.test.mjs[2m > [22m[2msync-engine monitoring counters and alerts[2m > [22m[2mincrements success/failure metrics across full sync cycles
[22m[39m[sync-engine] Full sync complete in 0ms ΓÇö pulled=0 pushed=0 conflicts=0 errors=0

[90mstdout[2m | tests/sync-engine.test.mjs[2m > [22m[2msync-engine monitoring counters and alerts[2m > [22m[2mincrements success/failure metrics across full sync cycles
[22m[39m[sync-engine] Starting full syncΓÇª

stderr | tests/sync-engine.test.mjs > sync-engine monitoring counters and alerts > increments success/failure metrics across full sync cycles
[sync-engine] Pull failed ΓÇö could not list external tasks: list failed

[90mstdout[2m | tests/sync-engine.test.mjs[2m > [22m[2msync-engine monitoring counters and alerts[2m > [22m[2mincrements success/failure metrics across full sync cycles
[22m[39m[sync-engine] Full sync complete in 0ms ΓÇö pulled=0 pushed=0 conflicts=0 errors=1

[90mstdout[2m | tests/sync-engine.test.mjs[2m > [22m[2msync-engine monitoring counters and alerts[2m > [22m[2mtracks rate-limit usage and emits alert hook
[22m[39m[sync-engine] Pushing 1 dirty task(s) to external (backend=github)

stderr | tests/sync-engine.test.mjs > sync-engine monitoring counters and alerts > tracks rate-limit usage and emits alert hook
[sync-engine] Rate limited ΓÇö backing off for 0s
[sync-engine] [alert:rate_limit] Sync engine observed 1 rate-limit event(s)

 [32mΓ£ô[39m tests/error-detector-enhanced.test.mjs [2m([22m[2m63 tests[22m[2m)[22m[32m 17[2mms[22m[39m
 [32mΓ£ô[39m tests/session-tracker.test.mjs [2m([22m[2m26 tests[22m[2m)[22m[32m 12[2mms[22m[39m
 [32mΓ£ô[39m tests/kanban-github-projects.test.mjs [2m([22m[2m48 tests[22m[2m)[22m[32m 42[2mms[22m[39m
 [32mΓ£ô[39m tests/task-complexity.test.mjs [2m([22m[2m71 tests[22m[2m)[22m[32m 16[2mms[22m[39m
[90mstdout[2m | tests/sync-engine.test.mjs[2m > [22m[2msync-engine monitoring counters and alerts[2m > [22m[2mtracks rate-limit usage and emits alert hook
[22m[39m[sync-engine] Pushed 42 ΓåÆ inprogress (after rate-limit retry)

 [32mΓ£ô[39m tests/sync-engine.test.mjs [2m([22m[2m19 tests[22m[2m)[22m[32m 28[2mms[22m[39m
[90mstdout[2m | tests/task-assessment.test.mjs[2m > [22m[2mtask-assessment[2m > [22m[2massessTask[2m > [22m[2mreturns parsed decision from execCodex output
[22m[39m[assessment(task-001)] running assessment (trigger: agent_completed)

[90mstdout[2m | tests/task-assessment.test.mjs[2m > [22m[2mtask-assessment[2m > [22m[2massessTask[2m > [22m[2mreturns parsed decision from execCodex output
[22m[39m[assessment(task-001)] decision: reprompt_same ΓÇö small fix needed

[90mstdout[2m | tests/task-assessment.test.mjs[2m > [22m[2mtask-assessment[2m > [22m[2massessTask[2m > [22m[2mfalls back to manual_review on invalid action in response
[22m[39m[assessment(task-002)] running assessment (trigger: rebase_failed)

stderr | tests/task-assessment.test.mjs > task-assessment > assessTask > falls back to manual_review on invalid action in response
[assessment(task-002)] invalid/missing action in response ΓÇö defaulting to manual_review
[90mstdout[2m | tests/task-assessment.test.mjs[2m > [22m[2mtask-assessment[2m > [22m[2massessTask[2m > [22m[2mdeduplicates repeated assessments within cooldown window
[22m[39m[assessment(task-003)] running assessment (trigger: ci_failed)


[90mstdout[2m | tests/task-assessment.test.mjs[2m > [22m[2mtask-assessment[2m > [22m[2massessTask[2m > [22m[2mdeduplicates repeated assessments within cooldown window
[22m[39m[assessment(task-003)] decision: wait ΓÇö CI running

[90mstdout[2m | tests/task-assessment.test.mjs[2m > [22m[2mtask-assessment[2m > [22m[2massessTask[2m > [22m[2mdeduplicates repeated assessments within cooldown window
[22m[39m[assessment(task-003)] skipping ΓÇö assessed 0s ago

[90mstdout[2m | tests/task-assessment.test.mjs[2m > [22m[2mtask-assessment[2m > [22m[2massessTask[2m > [22m[2mreturns noop on execCodex failure
[22m[39m[assessment(task-004)] running assessment (trigger: agent_failed)

stderr | tests/task-assessment.test.mjs > task-assessment > assessTask > returns noop on execCodex failure
[assessment(task-004)] assessment error: SDK timeout

[90mstdout[2m | tests/task-assessment.test.mjs[2m > [22m[2mtask-assessment[2m > [22m[2massessTask[2m > [22m[2mcalls onTelegram callback with decision summary
[22m[39m[assessment(task-005)] running assessment (trigger: agent_completed)

[90mstdout[2m | tests/task-assessment.test.mjs[2m > [22m[2mtask-assessment[2m > [22m[2massessTask[2m > [22m[2mcalls onTelegram callback with decision summary
[22m[39m[assessment(task-005)] decision: merge ΓÇö all good

[90mstdout[2m | tests/task-assessment.test.mjs[2m > [22m[2mtask-assessment[2m > [22m[2massessTask[2m > [22m[2mextracts waitSeconds from decision
[22m[39m[assessment(task-006)] running assessment (trigger: ci_failed)

[90mstdout[2m | tests/task-assessment.test.mjs[2m > [22m[2mtask-assessment[2m > [22m[2massessTask[2m > [22m[2mextracts waitSeconds from decision
[22m[39m[assessment(task-006)] decision: wait ΓÇö building

[90mstdout[2m | tests/task-assessment.test.mjs[2m > [22m[2mtask-assessment[2m > [22m[2massessTask[2m > [22m[2mextracts agentType from new_attempt decision
[22m[39m[assessment(task-007)] running assessment (trigger: agent_failed)

[90mstdout[2m | tests/task-assessment.test.mjs[2m > [22m[2mtask-assessment[2m > [22m[2massessTask[2m > [22m[2mextracts agentType from new_attempt decision
[22m[39m[assessment(task-007)] decision: new_attempt ΓÇö switch agent

[90mstdout[2m | tests/task-assessment.test.mjs[2m > [22m[2mtask-assessment[2m > [22m[2massessTask[2m > [22m[2mextracts normalized debtItems from accept_with_debt decisions
[22m[39m[assessment(task-008)] running assessment (trigger: agent_completed)

[90mstdout[2m | tests/task-assessment.test.mjs[2m > [22m[2mtask-assessment[2m > [22m[2massessTask[2m > [22m[2mextracts normalized debtItems from accept_with_debt decisions
[22m[39m[assessment(task-008)] decision: accept_with_debt ΓÇö core flow fixed, edge cases deferred

[90mstdout[2m | tests/task-assessment.test.mjs[2m > [22m[2mtask-assessment[2m > [22m[2massessTask[2m > [22m[2mextracts normalized splitTasks from split_task decisions
[22m[39m[assessment(task-009)] running assessment (trigger: agent_failed)

[90mstdout[2m | tests/task-assessment.test.mjs[2m > [22m[2mtask-assessment[2m > [22m[2massessTask[2m > [22m[2mextracts normalized splitTasks from split_task decisions
[22m[39m[assessment(task-009)] decision: split_task ΓÇö scope too broad

 [32mΓ£ô[39m tests/task-assessment.test.mjs [2m([22m[2m33 tests[22m[2m)[22m[32m 14[2mms[22m[39m
[90mstdout[2m | tests/task-store-path.test.mjs[2m > [22m[2mtask-store path configuration[2m > [22m[2mreconfigure resets in-memory load state without throwing
[22m[39m[task-store] No store file found ΓÇö initialised empty store
[task-store] Added task task-1: One
[task-store] No store file found ΓÇö initialised empty store

 [32mΓ£ô[39m tests/task-store-path.test.mjs [2m([22m[2m3 tests[22m[2m)[22m[32m 14[2mms[22m[39m
[90mstdout[2m | tests/task-archiver.test.mjs[2m > [22m[2marchiveCompletedTasks[2m > [22m[2mskips tasks that are too recent
[22m[39m[archiver] Scanning for completed tasks older than 24h...

[90mstdout[2m | tests/task-archiver.test.mjs[2m > [22m[2marchiveCompletedTasks[2m > [22m[2mskips tasks that are too recent
[22m[39m[archiver] No old completed tasks to archive

[90mstdout[2m | tests/task-archiver.test.mjs[2m > [22m[2marchiveCompletedTasks[2m > [22m[2mdry-run archives but doesn't delete
[22m[39m[archiver] Scanning for completed tasks older than 24h...

[90mstdout[2m | tests/task-archiver.test.mjs[2m > [22m[2marchiveCompletedTasks[2m > [22m[2mdry-run archives but doesn't delete
[22m[39m[archiver] Found 1 tasks to archive (limit: 50)

[90mstdout[2m | tests/task-archiver.test.mjs[2m > [22m[2marchiveCompletedTasks[2m > [22m[2mdry-run archives but doesn't delete
[22m[39m[archiver] Archived task "Test task" (dryrun-1)

[90mstdout[2m | tests/task-archiver.test.mjs[2m > [22m[2marchiveCompletedTasks[2m > [22m[2mskips already-archived tasks (idempotent)
[22m[39m[archiver] Scanning for completed tasks older than 24h...

[90mstdout[2m | tests/task-archiver.test.mjs[2m > [22m[2marchiveCompletedTasks[2m > [22m[2mskips already-archived tasks (idempotent)
[22m[39m[archiver] Found 1 tasks to archive (limit: 50)

[90mstdout[2m | tests/task-archiver.test.mjs[2m > [22m[2marchiveCompletedTasks[2m > [22m[2mrespects maxArchive limit
[22m[39m[archiver] Scanning for completed tasks older than 24h...

[90mstdout[2m | tests/task-archiver.test.mjs[2m > [22m[2marchiveCompletedTasks[2m > [22m[2mrespects maxArchive limit
[22m[39m[archiver] Found 10 tasks to archive (limit: 3)

 [32mΓ£ô[39m tests/context-shredding-config.test.mjs [2m([22m[2m32 tests[22m[2m)[22m[32m 14[2mms[22m[39m
[90mstdout[2m | tests/task-archiver.test.mjs[2m > [22m[2marchiveCompletedTasks[2m > [22m[2mrespects maxArchive limit
[22m[39m[archiver] Archived task "Test task" (limit-0)

 [32mΓ£ô[39m tests/analyze-agent-work.test.mjs [2m([22m[2m16 tests[22m[2m)[22m[32m 14[2mms[22m[39m
 [32mΓ£ô[39m tests/telegram-buttons.test.mjs [2m([22m[2m7 tests[22m[2m)[22m[32m 14[2mms[22m[39m
stderr | tests/codex-shell.test.mjs > codex-shell stream safeguards > retries when first stream event never arrives
[codex-shell] transient stream error (attempt 1/2): stream disconnected before completion: no stream events within 1000ms ΓÇö retrying in 0ms

[90mstdout[2m | tests/kanban-adapter.test.mjs[2m > [22m[2mkanban-adapter github backend[2m > [22m[2maddComment posts a comment on a github issue
[22m[39m[kanban] switched to github backend

[90mstdout[2m | tests/kanban-adapter.test.mjs[2m > [22m[2mkanban-adapter github backend[2m > [22m[2maddComment posts a comment on a github issue
[22m[39m[kanban] using github backend

[90mstdout[2m | tests/kanban-adapter.test.mjs[2m > [22m[2mkanban-adapter github backend[2m > [22m[2maddComment returns false for invalid issue number
[22m[39m[kanban] switched to github backend

[90mstdout[2m | tests/kanban-adapter.test.mjs[2m > [22m[2mkanban-adapter github backend[2m > [22m[2maddComment returns false for invalid issue number
[22m[39m[kanban] using github backend

[90mstdout[2m | tests/kanban-adapter.test.mjs[2m > [22m[2mkanban-adapter github backend[2m > [22m[2maddComment returns false when body is empty
[22m[39m[kanban] switched to github backend

[90mstdout[2m | tests/kanban-adapter.test.mjs[2m > [22m[2mkanban-adapter github backend[2m > [22m[2maddComment returns false when body is empty
[22m[39m[kanban] using github backend

[90mstdout[2m | tests/kanban-adapter.test.mjs[2m > [22m[2mkanban-adapter github backend[2m > [22m[2mcaches missing GitHub issues and avoids repeated fetch/log spam
[22m[39m[kanban] switched to github backend

[90mstdout[2m | tests/kanban-adapter.test.mjs[2m > [22m[2mkanban-adapter github backend[2m > [22m[2mcaches missing GitHub issues and avoids repeated fetch/log spam
[22m[39m[kanban] using github backend

[90mstdout[2m | tests/kanban-adapter.test.mjs[2m > [22m[2mkanban-adapter github backend[2m > [22m[2maddComment returns false when gh CLI fails
[22m[39m[kanban] switched to github backend

[90mstdout[2m | tests/kanban-adapter.test.mjs[2m > [22m[2mkanban-adapter github backend[2m > [22m[2maddComment returns false when gh CLI fails
[22m[39m[kanban] using github backend

[90mstdout[2m | tests/kanban-adapter.test.mjs[2m > [22m[2mkanban-adapter vk backend fallback fetch[2m > [22m[2mthrows a descriptive error for invalid fetch response objects
[22m[39m[kanban] switched to vk backend

[90mstdout[2m | tests/codex-shell.test.mjs[2m > [22m[2mcodex-shell stream safeguards[2m > [22m[2mretries when first stream event never arrives
[22m[39m[codex-shell] thread reset

[90mstdout[2m | tests/codex-shell.test.mjs[2m > [22m[2mcodex-shell stream safeguards[2m > [22m[2mcaps retained items and truncates oversized item payloads
[22m[39m[codex-shell] thread reset

[90mstdout[2m | tests/codex-shell.test.mjs[2m > [22m[2mcodex-shell stream safeguards[2m > [22m[2mcaps retained items and truncates oversized item payloads
[22m[39m[codex-shell] new thread started: codex-test-thread-caps (priming deferred to first user turn, cwd=F:\bosun)

[90mstdout[2m | tests/kanban-adapter.test.mjs[2m > [22m[2mkanban-adapter vk backend fallback fetch[2m > [22m[2mthrows a descriptive error for invalid fetch response objects
[22m[39m[kanban] using vk backend

[90mstdout[2m | tests/workflow-guaranteed.test.mjs[2m > [22m[2mguaranteed: all templates execute without engine errors[2m > [22m[2mtemplate-agent-session-monitor
[22m[39m[workflow-nodes] All active agent sessions are healthy

[90mstdout[2m | tests/codex-shell.test.mjs[2m > [22m[2mcodex-shell stream safeguards[2m > [22m[2mcaps retained items and truncates oversized item payloads
[22m[39m[codex-shell] thread reset

[90mstdout[2m | tests/codex-shell.test.mjs[2m > [22m[2mcodex-shell stream safeguards[2m > [22m[2mresets thread and retries when API reports broken reasoning chain
[22m[39m[codex-shell] thread reset

[90mstdout[2m | tests/codex-shell.test.mjs[2m > [22m[2mcodex-shell stream safeguards[2m > [22m[2mresets thread and retries when API reports broken reasoning chain
[22m[39m[codex-shell] new thread started: codex-test-thread-recoverable-1772683076215-0.11382207033803482 (priming deferred to first user turn, cwd=F:\bosun)

stderr | tests/codex-shell.test.mjs > codex-shell stream safeguards > resets thread and retries when API reports broken reasoning chain
[codex-shell] recoverable thread error: Item 'rs_test' of type 'reasoning' was provided without its required following item. ΓÇö resetting thread

[90mstdout[2m | tests/codex-shell.test.mjs[2m > [22m[2mcodex-shell stream safeguards[2m > [22m[2mresets thread and retries when API reports broken reasoning chain
[22m[39m[codex-shell] thread reset

[90mstdout[2m | tests/codex-shell.test.mjs[2m > [22m[2mcodex-shell stream safeguards[2m > [22m[2mresets thread and retries when API reports broken reasoning chain
[22m[39m[codex-shell] new thread started: codex-test-thread-recoverable-1772683076215-0.8979932374854503 (priming deferred to first user turn, cwd=F:\bosun)

[90mstdout[2m | tests/codex-shell.test.mjs[2m > [22m[2mcodex-shell stream safeguards[2m > [22m[2mresets thread and retries when API reports broken reasoning chain
[22m[39m[codex-shell] thread reset

 [32mΓ£ô[39m tests/codex-shell.test.mjs [2m([22m[2m3 tests[22m[2m)[22m[33m 1037[2mms[22m[39m
     [33m[2mΓ£ô[22m[39m retries when first stream event never arrives [33m 1033[2mms[22m[39m
[90mstdout[2m | tests/kanban-adapter.test.mjs[2m > [22m[2mkanban-adapter vk backend fallback fetch[2m > [22m[2maccepts JSON payloads mislabeled as text/plain
[22m[39m[kanban] switched to vk backend

[90mstdout[2m | tests/kanban-adapter.test.mjs[2m > [22m[2mkanban-adapter vk backend fallback fetch[2m > [22m[2maccepts JSON payloads mislabeled as text/plain
[22m[39m[kanban] using vk backend

 [32mΓ£ô[39m tests/continue-detection.test.mjs [2m([22m[2m27 tests[22m[2m)[22m[32m 11[2mms[22m[39m
[90mstdout[2m | tests/kanban-adapter.test.mjs[2m > [22m[2mkanban-adapter vk backend fallback fetch[2m > [22m[2mnormalizes nested /api/projects payloads before mapping
[22m[39m[kanban] switched to vk backend

[90mstdout[2m | tests/kanban-adapter.test.mjs[2m > [22m[2mkanban-adapter vk backend fallback fetch[2m > [22m[2mnormalizes nested /api/projects payloads before mapping
[22m[39m[kanban] using vk backend

[90mstdout[2m | tests/kanban-adapter.test.mjs[2m > [22m[2mkanban-adapter vk backend fallback fetch[2m > [22m[2mnormalizes object-map /api/projects payloads before mapping
[22m[39m[kanban] switched to vk backend

[90mstdout[2m | tests/kanban-adapter.test.mjs[2m > [22m[2mkanban-adapter vk backend fallback fetch[2m > [22m[2mnormalizes object-map /api/projects payloads before mapping
[22m[39m[kanban] using vk backend

[90mstdout[2m | tests/kanban-adapter.test.mjs[2m > [22m[2mkanban-adapter vk backend fallback fetch[2m > [22m[2mnormalizes nested /api/tasks payloads before mapping
[22m[39m[kanban] switched to vk backend

[90mstdout[2m | tests/kanban-adapter.test.mjs[2m > [22m[2mkanban-adapter vk backend fallback fetch[2m > [22m[2mnormalizes nested /api/tasks payloads before mapping
[22m[39m[kanban] using vk backend

[90mstdout[2m | tests/gemini-shell.test.mjs[2m > [22m[2mgemini-shell[2m > [22m[2muses Gemini SDK when configured
[22m[39m[gemini-shell] SDK loaded successfully

stderr | tests/gemini-shell.test.mjs > gemini-shell > falls back to CLI in auto mode when SDK key is missing
[gemini-shell] GEMINI_API_KEY/GOOGLE_API_KEY is not set
[90mstdout[2m | tests/kanban-adapter.test.mjs[2m > [22m[2mkanban-adapter jira backend[2m > [22m[2minitializes jira adapter and tracks configured Jira credentials
[22m[39m[kanban] switched to jira backend


[90mstdout[2m | tests/kanban-adapter.test.mjs[2m > [22m[2mkanban-adapter jira backend[2m > [22m[2minitializes jira adapter and tracks configured Jira credentials
[22m[39m[kanban] using jira backend

[90mstdout[2m | tests/kanban-adapter.test.mjs[2m > [22m[2mkanban-adapter jira backend[2m > [22m[2mlists and filters tasks by jira status/labels/projectField
[22m[39m[kanban] switched to jira backend

[90mstdout[2m | tests/kanban-adapter.test.mjs[2m > [22m[2mkanban-adapter jira backend[2m > [22m[2mlists and filters tasks by jira status/labels/projectField
[22m[39m[kanban] using jira backend

[90mstdout[2m | tests/kanban-adapter.test.mjs[2m > [22m[2mkanban-adapter jira backend[2m > [22m[2mupdates jira task status via transitions and supports wrapper delegation
[22m[39m[kanban] switched to jira backend

[90mstdout[2m | tests/kanban-adapter.test.mjs[2m > [22m[2mkanban-adapter jira backend[2m > [22m[2mupdates jira task status via transitions and supports wrapper delegation
[22m[39m[kanban] using jira backend

[90mstdout[2m | tests/kanban-adapter.test.mjs[2m > [22m[2mkanban-adapter jira backend[2m > [22m[2mcreates, patches, comments, and marks ignored jira tasks
[22m[39m[kanban] switched to jira backend

[90mstdout[2m | tests/kanban-adapter.test.mjs[2m > [22m[2mkanban-adapter jira backend[2m > [22m[2mcreates, patches, comments, and marks ignored jira tasks
[22m[39m[kanban] using jira backend

[90mstdout[2m | tests/kanban-adapter.test.mjs[2m > [22m[2mkanban-adapter jira backend[2m > [22m[2mpersists and reads shared state from Jira comments
[22m[39m[kanban] switched to jira backend

[90mstdout[2m | tests/kanban-adapter.test.mjs[2m > [22m[2mkanban-adapter jira backend[2m > [22m[2mpersists and reads shared state from Jira comments
[22m[39m[kanban] using jira backend

[90mstdout[2m | tests/kanban-adapter.test.mjs[2m > [22m[2mkanban-adapter jira backend[2m > [22m[2mthrows on invalid jira issue keys
[22m[39m[kanban] switched to jira backend

[90mstdout[2m | tests/kanban-adapter.test.mjs[2m > [22m[2mkanban-adapter jira backend[2m > [22m[2mthrows on invalid jira issue keys
[22m[39m[kanban] using jira backend

[90mstdout[2m | tests/kanban-adapter.test.mjs[2m > [22m[2mkanban-adapter internal backend[2m > [22m[2muses internal backend by default when configured
[22m[39m[task-store] No store file found ΓÇö initialised empty store
[kanban] switched to internal backend

[90mstdout[2m | tests/kanban-adapter.test.mjs[2m > [22m[2mkanban-adapter internal backend[2m > [22m[2mcreates, lists, updates, comments, and deletes internal tasks
[22m[39m[task-store] No store file found ΓÇö initialised empty store
[kanban] switched to internal backend

 [32mΓ£ô[39m tests/gemini-shell.test.mjs [2m([22m[2m5 tests[22m[2m)[22m[32m 7[2mms[22m[39m
 [32mΓ£ô[39m tests/voice-tool-capability-injection-regression.test.mjs [2m([22m[2m5 tests[22m[2m)[22m[32m 7[2mms[22m[39m
[90mstdout[2m | tests/kanban-adapter.test.mjs[2m > [22m[2mkanban-adapter internal backend[2m > [22m[2mcreates, lists, updates, comments, and deletes internal tasks
[22m[39m[kanban] using internal backend
[task-store] Added task dc33cefa-ce96-4f7d-a2e5-4594acce50d6: Internal task

[90mstdout[2m | tests/kanban-adapter.test.mjs[2m > [22m[2mkanban-adapter internal backend[2m > [22m[2mcreates, lists, updates, comments, and deletes internal tasks
[22m[39m[task-store] Task dc33cefa-ce96-4f7d-a2e5-4594acce50d6 status: todo ΓåÆ inprogress (source: orchestrator)

 [32mΓ£ô[39m tests/logger.test.mjs [2m([22m[2m20 tests[22m[2m)[22m[32m 6[2mms[22m[39m
[90mstdout[2m | tests/kanban-adapter.test.mjs[2m > [22m[2mkanban-adapter internal backend[2m > [22m[2mcreates, lists, updates, comments, and deletes internal tasks
[22m[39m[task-store] Removed task dc33cefa-ce96-4f7d-a2e5-4594acce50d6

[90mstdout[2m | tests/kanban-adapter.test.mjs[2m > [22m[2mkanban-adapter internal backend[2m > [22m[2mrecovers title/description from legacy malformed planner payloads
[22m[39m[task-store] No store file found ΓÇö initialised empty store
[kanban] switched to internal backend

[90mstdout[2m | tests/kanban-adapter.test.mjs[2m > [22m[2mkanban-adapter internal backend[2m > [22m[2mrecovers title/description from legacy malformed planner payloads
[22m[39m[kanban] using internal backend
[task-store] Added task legacy-malformed-1: Untitled task

 [32mΓ£ô[39m tests/fleet-tab-render.test.mjs [2m([22m[2m15 tests[22m[2m)[22m[32m 6[2mms[22m[39m
[90mstdout[2m | tests/github-shared-state.test.mjs[2m > [22m[2mgithub-shared-state[2m > [22m[2mpersistSharedStateToIssue[2m > [22m[2mreturns false after max retries
[22m[39m[kanban] switched to github backend
[kanban] using github backend

[90mstdout[2m | tests/workflow-guaranteed.test.mjs[2m > [22m[2mguaranteed: all templates execute without engine errors[2m > [22m[2mtemplate-backend-agent
[22m[39m[workflow-nodes] Backend agent completed task ΓÇö PR lifecycle handoff recorded

 [32mΓ£ô[39m tests/git-safety.test.mjs [2m([22m[2m3 tests[22m[2m)[22m[32m 5[2mms[22m[39m
 [32mΓ£ô[39m tests/voice-mic-release.test.mjs [2m([22m[2m26 tests[22m[2m)[22m[32m 8[2mms[22m[39m
[90mstdout[2m | tests/branch-cleanup.test.mjs[2m > [22m[2mcleanupStaleBranches[2m > [22m[2mshould delete old merged branches
[22m[39m[maintenance] deleted stale branch: ve/old-merged
[maintenance] branch cleanup: 1 deleted, 0 skipped, 0 errors

[90mstdout[2m | tests/branch-cleanup.test.mjs[2m > [22m[2mcleanupStaleBranches[2m > [22m[2mshould support dry-run mode
[22m[39m[maintenance] would delete stale branch: ve/dry-run-test
[maintenance] branch cleanup: 1 deleted, 0 skipped, 0 errors

[90mstdout[2m | tests/branch-cleanup.test.mjs[2m > [22m[2mcleanupStaleBranches[2m > [22m[2mshould only target specified patterns
[22m[39m[maintenance] deleted stale branch: ve/should-target
[maintenance] branch cleanup: 1 deleted, 0 skipped, 0 errors

[90mstdout[2m | tests/branch-cleanup.test.mjs[2m > [22m[2mcleanupStaleBranches[2m > [22m[2mshould handle custom patterns
[22m[39m[maintenance] deleted stale branch: custom/old-branch
[maintenance] branch cleanup: 1 deleted, 0 skipped, 0 errors

[90mstdout[2m | tests/branch-cleanup.test.mjs[2m > [22m[2mcleanupStaleBranches[2m > [22m[2mshould respect custom minAgeMs
[22m[39m[maintenance] deleted stale branch: ve/hour-old
[maintenance] branch cleanup: 1 deleted, 0 skipped, 0 errors

 [32mΓ£ô[39m tests/restart-controller.test.mjs [2m([22m[2m6 tests[22m[2m)[22m[32m 6[2mms[22m[39m
 [32mΓ£ô[39m tests/utils.test.mjs [2m([22m[2m20 tests[22m[2m)[22m[32m 6[2mms[22m[39m
 [32mΓ£ô[39m tests/kanban-adapter.test.mjs [2m([22m[2m30 tests[22m[2m)[22m[33m 1075[2mms[22m[39m
     [33m[2mΓ£ô[22m[39m returns false when shared state persistence exhausts retries [33m 1003[2mms[22m[39m
 [32mΓ£ô[39m tests/branch-cleanup.test.mjs [2m([22m[2m11 tests[22m[2m)[22m[32m 10[2mms[22m[39m
 [32mΓ£ô[39m tests/conflict-resolver.test.mjs [2m([22m[2m52 tests[22m[2m)[22m[32m 15[2mms[22m[39m
 [31mΓ¥»[39m tests/demo-load-smoke.test.mjs [2m([22m[2m5 tests[22m[2m | [22m[31m1 failed[39m[2m)[22m[33m 1855[2mms[22m[39m
     [32mΓ£ô[39m serves the landing page and demo page[32m 25[2mms[22m[39m
     [32mΓ£ô[39m serves all local assets required by landing and demo entrypoints[32m 14[2mms[22m[39m
     [32mΓ£ô[39m has syntactically valid inline scripts and entry modules[32m 7[2mms[22m[39m
[31m     [31m├ù[31m miniapp local module graph has valid imports/exports and syntax[39m[33m 1798[2mms[22m[39m
     [32mΓ£ô[39m landing demo tabs activate and lazy initializers run[32m 3[2mms[22m[39m
 [32mΓ£ô[39m tests/github-auth-manager.test.mjs [2m([22m[2m5 tests[22m[2m)[22m[32m 8[2mms[22m[39m
 [32mΓ£ô[39m tests/conflict-resolution.test.mjs [2m([22m[2m11 tests[22m[2m)[22m[32m 6[2mms[22m[39m
 [32mΓ£ô[39m tests/workspace-registry.test.mjs [2m([22m[2m25 tests[22m[2m)[22m[32m 7[2mms[22m[39m
 [32mΓ£ô[39m tests/monitor-exception-resilience.test.mjs [2m([22m[2m3 tests[22m[2m)[22m[32m 4[2mms[22m[39m
 [32mΓ£ô[39m tests/preflight.test.mjs [2m([22m[2m4 tests[22m[2m)[22m[32m 6[2mms[22m[39m
 [32mΓ£ô[39m tests/mic-track-registry.test.mjs [2m([22m[2m3 tests[22m[2m)[22m[32m 4[2mms[22m[39m
 [32mΓ£ô[39m tests/ui-voice-externalize-regression.test.mjs [2m([22m[2m3 tests[22m[2m)[22m[32m 4[2mms[22m[39m
 [32mΓ£ô[39m tests/library-agent-type-tools-regression.test.mjs [2m([22m[2m3 tests[22m[2m)[22m[32m 5[2mms[22m[39m
 [32mΓ£ô[39m tests/session-insights.test.mjs [2m([22m[2m2 tests[22m[2m)[22m[32m 5[2mms[22m[39m
 [32mΓ£ô[39m tests/session-theme-regression.test.mjs [2m([22m[2m5 tests[22m[2m)[22m[32m 3[2mms[22m[39m
 [32mΓ£ô[39m tests/ui-modular.test.mjs [2m([22m[2m24 tests[22m[2m)[22m[32m 4[2mms[22m[39m
 [32mΓ£ô[39m tests/mui-theme-binding-regression.test.mjs [2m([22m[2m2 tests[22m[2m)[22m[32m 3[2mms[22m[39m
 [32mΓ£ô[39m tests/agent-endpoint-kill-guard.test.mjs [2m([22m[2m3 tests[22m[2m)[22m[32m 3[2mms[22m[39m
 [32mΓ£ô[39m tests/maintenance-lock-classification.test.mjs [2m([22m[2m9 tests[22m[2m)[22m[32m 4[2mms[22m[39m
 [32mΓ£ô[39m tests/telegram-async-safety.test.mjs [2m([22m[2m5 tests[22m[2m)[22m[32m 4[2mms[22m[39m
 [32mΓ£ô[39m tests/ui-realtime.test.mjs [2m([22m[2m2 tests[22m[2m)[22m[32m 5[2mms[22m[39m
 [32mΓ£ô[39m tests/task-context.test.mjs [2m([22m[2m11 tests[22m[2m)[22m[32m 10[2mms[22m[39m
 [32mΓ£ô[39m tests/ui-vendor-fallback-regression.test.mjs [2m([22m[2m1 test[22m[2m)[22m[32m 7[2mms[22m[39m
 [32mΓ£ô[39m tests/session-history-filter-render.test.mjs [2m([22m[2m8 tests[22m[2m)[22m[32m 6[2mms[22m[39m
 [32mΓ£ô[39m tests/chat-session-regressions.test.mjs [2m([22m[2m3 tests[22m[2m)[22m[32m 3[2mms[22m[39m
 [32mΓ£ô[39m tests/voice-mic-teardown-regression.test.mjs [2m([22m[2m2 tests[22m[2m)[22m[32m 4[2mms[22m[39m
 [32mΓ£ô[39m tests/async-safety-guards.test.mjs [2m([22m[2m5 tests[22m[2m)[22m[32m 6[2mms[22m[39m
 [32mΓ£ô[39m tests/monitor-is-branch-merged-guard.test.mjs [2m([22m[2m4 tests[22m[2m)[22m[32m 5[2mms[22m[39m
 [32mΓ£ô[39m tests/daemon-restart-policy.test.mjs [2m([22m[2m4 tests[22m[2m)[22m[32m 3[2mms[22m[39m
[90mstdout[2m | tests/workflow-guaranteed.test.mjs[2m > [22m[2mguaranteed: all templates execute without engine errors[2m > [22m[2mtemplate-task-planner
[22m[39m[workflow-nodes] Task planner triggered: 0 tasks remaining (threshold: 3)

 [32mΓ£ô[39m tests/monitor-workflow-startup-guards.test.mjs [2m([22m[2m3 tests[22m[2m)[22m[32m 3[2mms[22m[39m
 [32mΓ£ô[39m tests/native-call-parity-checklist.test.mjs [2m([22m[2m2 tests[22m[2m)[22m[32m 3[2mms[22m[39m
 [32mΓ£ô[39m tests/monitor-self-restart-defer-cap.test.mjs [2m([22m[2m5 tests[22m[2m)[22m[32m 5[2mms[22m[39m
 [32mΓ£ô[39m tests/cli-daemon-pid-files.test.mjs [2m([22m[2m6 tests[22m[2m)[22m[32m 5[2mms[22m[39m
 [32mΓ£ô[39m tests/monitor-epic-pr-guards.test.mjs [2m([22m[2m3 tests[22m[2m)[22m[32m 3[2mms[22m[39m
 [32mΓ£ô[39m tests/git-commit-helpers.test.mjs [2m([22m[2m4 tests[22m[2m)[22m[32m 3[2mms[22m[39m
 [32mΓ£ô[39m tests/ui-root-precedence.test.mjs [2m([22m[2m2 tests[22m[2m)[22m[32m 3[2mms[22m[39m
 [32mΓ£ô[39m tests/telegram-poll-conflict-cooldown.test.mjs [2m([22m[2m3 tests[22m[2m)[22m[32m 2[2mms[22m[39m
 [32mΓ£ô[39m tests/logger-benign-stream-errors.test.mjs [2m([22m[2m2 tests[22m[2m)[22m[32m 2[2mms[22m[39m
 [32mΓ£ô[39m tests/telegram-sentinel-poll-owner.test.mjs [2m([22m[2m4 tests[22m[2m)[22m[32m 2[2mms[22m[39m
 [32mΓ£ô[39m tests/voice-barge-in.test.mjs [2m([22m[2m2 tests[22m[2m)[22m[32m 1[2mms[22m[39m
 [32mΓ£ô[39m tests/tab-swipe-guard.test.mjs [2m([22m[2m4 tests[22m[2m)[22m[32m 1[2mms[22m[39m
[90mstdout[2m | tests/workflow-guaranteed.test.mjs[2m > [22m[2mguaranteed: all templates execute without engine errors[2m > [22m[2mtemplate-sprint-retrospective
[22m[39m[workflow-nodes] Sprint retrospective complete ΓÇö no action items generated

[90mstdout[2m | tests/workflow-guaranteed.test.mjs[2m > [22m[2mguaranteed: all templates execute without engine errors[2m > [22m[2mtemplate-error-recovery
[22m[39m[workflow-nodes] Task TASK-4 recovered automatically by error-recovery workflow

[90mstdout[2m | tests/workspace-manager.test.mjs[2m > [22m[2mpullWorkspaceRepos[2m > [22m[2mrecovers non-git repo directory by backing it up and recloning
[22m[39m[workspace-manager] Recovering non-git workspace directory for bosun: moving C:\Users\Sean\AppData\Local\Temp\workspace-manager-tests-WkCadL\workspaces\alpha\bosun to C:\Users\Sean\AppData\Local\Temp\workspace-manager-tests-WkCadL\workspaces\alpha\bosun.non-git-backup-2026-03-05T03-57-56-510Z
[workspace-manager] Recovered bosun by recloning into C:\Users\Sean\AppData\Local\Temp\workspace-manager-tests-WkCadL\workspaces\alpha\bosun

 [32mΓ£ô[39m tests/workspace-manager.test.mjs [2m([22m[2m5 tests[22m[2m)[22m[33m 1773[2mms[22m[39m
     [33m[2mΓ£ô[22m[39m updates existing workspaces without duplicating repos and keeps the active workspace [33m 571[2mms[22m[39m
     [33m[2mΓ£ô[22m[39m recovers non-git repo directory by backing it up and recloning [33m 1017[2mms[22m[39m
[90mstdout[2m | tests/workflow-guaranteed.test.mjs[2m > [22m[2mguaranteed: all templates execute without engine errors[2m > [22m[2mtemplate-workspace-hygiene
[22m[39m[workflow-nodes] Workspace hygiene sweep completed (max worktree age target: 48h)

[90mstdout[2m | tests/shared-state-integration.test.mjs[2m > [22m[2mshared-state-integration[2m > [22m[2mmulti-agent conflict scenario[2m > [22m[2mcoordinates through GitHub state comments
[22m[39m[kanban] switched to github backend
[kanban] using github backend

[90mstdout[2m | tests/shared-state-integration.test.mjs[2m > [22m[2mshared-state-integration[2m > [22m[2mrecovery scenario: stale task sweep and reclaim[2m > [22m[2msweeps stale task and allows reclaim
[22m[39m[kanban] switched to github backend
[kanban] using github backend

[90mstdout[2m | tests/workflow-guaranteed.test.mjs[2m > [22m[2mguaranteed: all templates execute without engine errors[2m > [22m[2mtemplate-task-orphan-worktree-recovery
[22m[39m[workflow-nodes] Orphan recovery: no recoverable orphaned worktrees found (scanned={{parse-recovery.data.scanned}}, skipped={{parse-recovery.data.skipped}}).

stderr | tests/workflow-guaranteed.test.mjs > guaranteed: all templates execute without engine errors > template-task-status-transition-manager
[workflow-nodes] Task TASK-1 transition ignored: unsupported target status '{{targetStatus}}'

[90mstdout[2m | tests/task-archiver.test.mjs[2m > [22m[2marchiveCompletedTasks[2m > [22m[2mrespects maxArchive limit
[22m[39m[archiver] Archived task "Test task" (limit-1)

[90mstdout[2m | tests/workflow-guaranteed.test.mjs[2m > [22m[2mguaranteed: all templates execute without engine errors[2m > [22m[2mtemplate-sync-engine
[22m[39m[workflow-nodes] Kanban sync complete ΓÇö pulled: {{pullCount}}, pushed: {{pushCount}}, conflicts: {{conflictCount}}

[90mstdout[2m | tests/workflow-guaranteed.test.mjs[2m > [22m[2mguaranteed: all templates execute without engine errors[2m > [22m[2mtemplate-secret-scanner
[22m[39m[workflow-nodes] Secret scanner flagged findings but all classified as false positives

[90mstdout[2m | tests/github-shared-state.test.mjs[2m > [22m[2mgithub-shared-state[2m > [22m[2mpersistSharedStateToIssue[2m > [22m[2mhandles stale status
[22m[39m[kanban] switched to github backend
[kanban] using github backend

[90mstdout[2m | tests/github-shared-state.test.mjs[2m > [22m[2mgithub-shared-state[2m > [22m[2mpersistSharedStateToIssue[2m > [22m[2mrejects invalid issue number
[22m[39m[kanban] switched to github backend
[kanban] using github backend

[90mstdout[2m | tests/github-shared-state.test.mjs[2m > [22m[2mgithub-shared-state[2m > [22m[2mreadSharedStateFromIssue[2m > [22m[2mparses structured comment correctly
[22m[39m[kanban] switched to github backend
[kanban] using github backend

[90mstdout[2m | tests/github-shared-state.test.mjs[2m > [22m[2mgithub-shared-state[2m > [22m[2mreadSharedStateFromIssue[2m > [22m[2mreturns null when no state comment exists
[22m[39m[kanban] switched to github backend
[kanban] using github backend

[90mstdout[2m | tests/github-shared-state.test.mjs[2m > [22m[2mgithub-shared-state[2m > [22m[2mreadSharedStateFromIssue[2m > [22m[2mreturns latest state when multiple comments exist
[22m[39m[kanban] switched to github backend
[kanban] using github backend

[90mstdout[2m | tests/github-shared-state.test.mjs[2m > [22m[2mgithub-shared-state[2m > [22m[2mreadSharedStateFromIssue[2m > [22m[2mreturns null for malformed JSON
[22m[39m[kanban] switched to github backend
[kanban] using github backend

[90mstdout[2m | tests/github-shared-state.test.mjs[2m > [22m[2mgithub-shared-state[2m > [22m[2mreadSharedStateFromIssue[2m > [22m[2mreturns null for missing required fields
[22m[39m[kanban] switched to github backend
[kanban] using github backend

[90mstdout[2m | tests/github-shared-state.test.mjs[2m > [22m[2mgithub-shared-state[2m > [22m[2mreadSharedStateFromIssue[2m > [22m[2mhandles gh CLI errors gracefully
[22m[39m[kanban] switched to github backend
[kanban] using github backend

[90mstdout[2m | tests/github-shared-state.test.mjs[2m > [22m[2mgithub-shared-state[2m > [22m[2mreadSharedStateFromIssue[2m > [22m[2mrejects invalid issue number
[22m[39m[kanban] switched to github backend
[kanban] using github backend

[90mstdout[2m | tests/github-shared-state.test.mjs[2m > [22m[2mgithub-shared-state[2m > [22m[2mmarkTaskIgnored[2m > [22m[2madds ignore label and comment
[22m[39m[kanban] switched to github backend
[kanban] using github backend

[90mstdout[2m | tests/github-shared-state.test.mjs[2m > [22m[2mgithub-shared-state[2m > [22m[2mmarkTaskIgnored[2m > [22m[2mincludes reason in comment
[22m[39m[kanban] switched to github backend
[kanban] using github backend

[90mstdout[2m | tests/github-shared-state.test.mjs[2m > [22m[2mgithub-shared-state[2m > [22m[2mmarkTaskIgnored[2m > [22m[2mreturns false on error
[22m[39m[kanban] switched to github backend
[kanban] using github backend

[90mstdout[2m | tests/github-shared-state.test.mjs[2m > [22m[2mgithub-shared-state[2m > [22m[2mmarkTaskIgnored[2m > [22m[2mrejects invalid issue number
[22m[39m[kanban] switched to github backend
[kanban] using github backend

[90mstdout[2m | tests/github-shared-state.test.mjs[2m > [22m[2mgithub-shared-state[2m > [22m[2mlistTasks with shared state enrichment[2m > [22m[2menriches tasks with shared state from comments
[22m[39m[kanban] switched to github backend
[kanban] using github backend

[90mstdout[2m | tests/github-shared-state.test.mjs[2m > [22m[2mgithub-shared-state[2m > [22m[2mlistTasks with shared state enrichment[2m > [22m[2mhandles tasks without shared state
[22m[39m[kanban] switched to github backend
[kanban] using github backend

[90mstdout[2m | tests/github-shared-state.test.mjs[2m > [22m[2mgithub-shared-state[2m > [22m[2merror handling[2m > [22m[2mhandles network timeouts with retry
[22m[39m[kanban] switched to github backend
[kanban] using github backend

[90mstdout[2m | tests/task-archiver.test.mjs[2m > [22m[2marchiveCompletedTasks[2m > [22m[2mrespects maxArchive limit
[22m[39m[archiver] Archived task "Test task" (limit-2)

 [32mΓ£ô[39m tests/workflow-task-lifecycle.test.mjs [2m([22m[2m107 tests[22m[2m)[22m[33m 2454[2mms[22m[39m
     [33m[2mΓ£ô[22m[39m detects no commits when HEAD unchanged [33m 513[2mms[22m[39m
     [33m[2mΓ£ô[22m[39m detects new commits when HEAD changed [33m 1291[2mms[22m[39m
[90mstdout[2m | tests/task-archiver.test.mjs[2m > [22m[2marchiveCompletedTasks[2m > [22m[2mhandles fetchVk error gracefully (caught by fetchCompletedTasks)
[22m[39m[archiver] Scanning for completed tasks older than 24h...

[90mstdout[2m | tests/task-archiver.test.mjs[2m > [22m[2marchiveCompletedTasks[2m > [22m[2mhandles fetchVk error gracefully (caught by fetchCompletedTasks)
[22m[39m[archiver] No old completed tasks to archive

[90mstdout[2m | tests/task-archiver.test.mjs[2m > [22m[2marchiveCompletedTasks[2m > [22m[2mreturns zero result for empty completed tasks
[22m[39m[archiver] Scanning for completed tasks older than 24h...

[90mstdout[2m | tests/task-archiver.test.mjs[2m > [22m[2marchiveCompletedTasks[2m > [22m[2mreturns zero result for empty completed tasks
[22m[39m[archiver] No old completed tasks to archive

[90mstdout[2m | tests/task-archiver.test.mjs[2m > [22m[2mmigrateLegacyArchives[2m > [22m[2mconsolidates legacy per-task files into daily files
[22m[39m[archiver] Migrated 3 legacy files into daily archives

[90mstdout[2m | tests/task-archiver.test.mjs[2m > [22m[2mmigrateLegacyArchives[2m > [22m[2mmerges legacy files into existing daily file without duplicates
[22m[39m[archiver] Migrated 1 legacy files into daily archives

[90mstdout[2m | tests/task-archiver.test.mjs[2m > [22m[2mmigrateLegacyArchives[2m > [22m[2mis idempotent ΓÇö running twice produces same result
[22m[39m[archiver] Migrated 1 legacy files into daily archives

 [32mΓ£ô[39m tests/task-archiver.test.mjs [2m([22m[2m70 tests[22m[2m)[22m[33m 3233[2mms[22m[39m
     [33m[2mΓ£ô[22m[39m archives old tasks and deletes from VK [33m 1070[2mms[22m[39m
     [33m[2mΓ£ô[22m[39m respects maxArchive limit [33m 2066[2mms[22m[39m
[90mstdout[2m | tests/shared-state-integration.test.mjs[2m > [22m[2mshared-state-integration[2m > [22m[2mrecovery scenario: stale task sweep and reclaim[2m > [22m[2mtracks abandonment in GitHub
[22m[39m[kanban] switched to github backend
[kanban] using github backend

 [32mΓ£ô[39m tests/workflow-engine.test.mjs [2m([22m[2m67 tests[22m[2m)[22m[33m 3851[2mms[22m[39m
     [33m[2mΓ£ô[22m[39m runs multi-candidate selector mode when candidateCount > 1 and restores selected branch [33m 1245[2mms[22m[39m
     [33m[2mΓ£ô[22m[39m defaults to 1000ms base when retryDelayMs not set [33m 1016[2mms[22m[39m
     [33m[2mΓ£ô[22m[39m honors timeoutMs from node config [33m 1011[2mms[22m[39m
[90mstdout[2m | tests/github-shared-state.test.mjs[2m > [22m[2mgithub-shared-state[2m > [22m[2merror handling[2m > [22m[2mhandles API rate limiting
[22m[39m[kanban] switched to github backend
[kanban] using github backend

[90mstdout[2m | tests/github-shared-state.test.mjs[2m > [22m[2mgithub-shared-state[2m > [22m[2merror handling[2m > [22m[2mhandles malformed gh CLI responses
[22m[39m[kanban] switched to github backend
[kanban] using github backend

[90mstdout[2m | tests/github-shared-state.test.mjs[2m > [22m[2mgithub-shared-state[2m > [22m[2mexported convenience functions[2m > [22m[2mexports persistSharedStateToIssue
[22m[39m[kanban] switched to github backend
[kanban] using github backend

[90mstdout[2m | tests/github-shared-state.test.mjs[2m > [22m[2mgithub-shared-state[2m > [22m[2mexported convenience functions[2m > [22m[2mexports readSharedStateFromIssue
[22m[39m[kanban] switched to github backend
[kanban] using github backend

[90mstdout[2m | tests/github-shared-state.test.mjs[2m > [22m[2mgithub-shared-state[2m > [22m[2mexported convenience functions[2m > [22m[2mexports markTaskIgnored
[22m[39m[kanban] switched to github backend
[kanban] using github backend

 [32mΓ£ô[39m tests/github-shared-state.test.mjs [2m([22m[2m26 tests[22m[2m)[22m[33m 4317[2mms[22m[39m
       [33m[2mΓ£ô[22m[39m retries on failure [33m 1009[2mms[22m[39m
       [33m[2mΓ£ô[22m[39m returns false after max retries [33m 1016[2mms[22m[39m
       [33m[2mΓ£ô[22m[39m handles network timeouts with retry [33m 2006[2mms[22m[39m
[90mstdout[2m | tests/shared-state-integration.test.mjs[2m > [22m[2mshared-state-integration[2m > [22m[2mignore flag prevents retry[2m > [22m[2mprevents claim of ignored task
[22m[39m[kanban] switched to github backend
[kanban] using github backend

[90mstdout[2m | tests/shared-state-integration.test.mjs[2m > [22m[2mshared-state-integration[2m > [22m[2mignore flag prevents retry[2m > [22m[2msyncs ignore flag to GitHub
[22m[39m[kanban] switched to github backend
[kanban] using github backend

[90mstdout[2m | tests/shared-state-integration.test.mjs[2m > [22m[2mshared-state-integration[2m > [22m[2mignore flag prevents retry[2m > [22m[2mprevents retry when ignore flag is set
[22m[39m[kanban] switched to github backend
[kanban] using github backend

[90mstdout[2m | tests/shared-state-integration.test.mjs[2m > [22m[2mshared-state-integration[2m > [22m[2mignore flag prevents retry[2m > [22m[2mallows retry after clearing ignore flag
[22m[39m[kanban] switched to github backend
[kanban] using github backend

[90mstdout[2m | tests/shared-state-integration.test.mjs[2m > [22m[2mshared-state-integration[2m > [22m[2mmax retries exhaustion[2m > [22m[2mprevents retry after max attempts
[22m[39m[kanban] switched to github backend
[kanban] using github backend

[90mstdout[2m | tests/shared-state-integration.test.mjs[2m > [22m[2mshared-state-integration[2m > [22m[2mmax retries exhaustion[2m > [22m[2mmarks exhausted task in GitHub
[22m[39m[kanban] switched to github backend
[kanban] using github backend

[90mstdout[2m | tests/shared-state-integration.test.mjs[2m > [22m[2mshared-state-integration[2m > [22m[2mmax retries exhaustion[2m > [22m[2mtracks retry count across takeovers
[22m[39m[kanban] switched to github backend
[kanban] using github backend

[90mstdout[2m | tests/shared-state-integration.test.mjs[2m > [22m[2mshared-state-integration[2m > [22m[2mstatistics and monitoring[2m > [22m[2mtracks overall state statistics
[22m[39m[kanban] switched to github backend
[kanban] using github backend

[90mstdout[2m | tests/shared-state-integration.test.mjs[2m > [22m[2mshared-state-integration[2m > [22m[2mstatistics and monitoring[2m > [22m[2mtracks state by owner
[22m[39m[kanban] switched to github backend
[kanban] using github backend

[90mstdout[2m | tests/shared-state-integration.test.mjs[2m > [22m[2mshared-state-integration[2m > [22m[2merror scenarios[2m > [22m[2mhandles GitHub API failures gracefully
[22m[39m[kanban] switched to github backend
[kanban] using github backend

[90mstdout[2m | tests/shared-state-integration.test.mjs[2m > [22m[2mshared-state-integration[2m > [22m[2merror scenarios[2m > [22m[2mrecovers from corrupted registry
[22m[39m[kanban] switched to github backend
[kanban] using github backend

[90mstdout[2m | tests/shared-state-integration.test.mjs[2m > [22m[2mshared-state-integration[2m > [22m[2merror scenarios[2m > [22m[2mrecovers from corrupted registry
[22m[39m[SharedStateManager] Corrupted registry backed up to: C:\Users\Sean\AppData\Local\Temp\shared-state-integration-hBzwLE\.cache\bosun\shared-task-states.json.corrupt-1772683080967.bak

 [32mΓ£ô[39m tests/shared-state-integration.test.mjs [2m([22m[2m18 tests[22m[2m)[22m[33m 5972[2mms[22m[39m
       [33m[2mΓ£ô[22m[39m completes full lifecycle with local and GitHub sync [33m 305[2mms[22m[39m
       [33m[2mΓ£ô[22m[39m allows takeover when first agent becomes stale [33m 1515[2mms[22m[39m
       [33m[2mΓ£ô[22m[39m sweeps stale task and allows reclaim [33m 1511[2mms[22m[39m
       [33m[2mΓ£ô[22m[39m tracks abandonment in GitHub [33m 1520[2mms[22m[39m
       [33m[2mΓ£ô[22m[39m handles GitHub API failures gracefully [33m 1013[2mms[22m[39m
 [32mΓ£ô[39m tests/workflow-nodes-security.test.mjs [2m([22m[2m52 tests[22m[2m)[22m[33m 6420[2mms[22m[39m
     [33m[2mΓ£ô[22m[39m dangerous input strings are contained ΓÇö either rejected or safely handed off [33m 6213[2mms[22m[39m
must provide `--title` and `--body` (or `--fill` or `fill-first` or `--fillverbose`) when not running interactively

Usage:  gh pr create [flags]

Flags:
  -a, --assignee login       Assign people by their login. Use "@me" to self-assign.
  -B, --base branch          The branch into which you want your code merged
  -b, --body string          Body for the pull request
  -F, --body-file file       Read body text from file (use "-" to read from standard input)
  -d, --draft                Mark pull request as a draft
      --dry-run              Print details instead of creating the PR. May still push git changes.
  -e, --editor               Skip prompts and open the text editor to write the title and body in. The first line is the title and the remaining text is the body.
  -f, --fill                 Use commit info for title and body
      --fill-first           Use first commit info for title and body
      --fill-verbose         Use commits msg+body for description
  -H, --head branch          The branch that contains commits for your pull request (default [current branch])
  -l, --label name           Add labels by name
  -m, --milestone name       Add the pull request to a milestone by name
      --no-maintainer-edit   Disable maintainer's ability to modify pull request
  -p, --project title        Add the pull request to projects by title
      --recover string       Recover input from a failed run of create
  -r, --reviewer handle      Request reviews from people or teams by their handle
  -T, --template file        Template file to use as starting body text
  -t, --title string         Title for the pull request
  -w, --web                  Open the web browser to create a pull request
  
must provide `--title` and `--body` (or `--fill` or `fill-first` or `--fillverbose`) when not running interactively

Usage:  gh pr create [flags]

Flags:
  -a, --assignee login       Assign people by their login. Use "@me" to self-assign.
  -B, --base branch          The branch into which you want your code merged
  -b, --body string          Body for the pull request
  -F, --body-file file       Read body text from file (use "-" to read from standard input)
  -d, --draft                Mark pull request as a draft
      --dry-run              Print details instead of creating the PR. May still push git changes.
  -e, --editor               Skip prompts and open the text editor to write the title and body in. The first line is the title and the remaining text is the body.
  -f, --fill                 Use commit info for title and body
      --fill-first           Use first commit info for title and body
      --fill-verbose         Use commits msg+body for description
  -H, --head branch          The branch that contains commits for your pull request (default [current branch])
  -l, --label name           Add labels by name
  -m, --milestone name       Add the pull request to a milestone by name
      --no-maintainer-edit   Disable maintainer's ability to modify pull request
  -p, --project title        Add the pull request to projects by title
      --recover string       Recover input from a failed run of create
  -r, --reviewer handle      Request reviews from people or teams by their handle
  -T, --template file        Template file to use as starting body text
  -t, --title string         Title for the pull request
  -w, --web                  Open the web browser to create a pull request
  
pull request create failed: GraphQL: Head sha can't be blank, Base sha can't be blank, No commits between main and feat/safety-test, Head ref must be a branch (createPullRequest)
pull request create failed: GraphQL: Head sha can't be blank, Base sha can't be blank, No commits between main and feat/safety-test, Head ref must be a branch (createPullRequest)
pull request create failed: GraphQL: Head sha can't be blank, Base sha can't be blank, No commits between main and feat/safety-test, Head ref must be a branch (createPullRequest)
pull request create failed: GraphQL: Head sha can't be blank, Base sha can't be blank, No commits between main and feat/safety-test, Head ref must be a branch (createPullRequest)
pull request create failed: GraphQL: Head sha can't be blank, Base sha can't be blank, No commits between main and feat/safety-test, Head ref must be a branch (createPullRequest)
pull request create failed: GraphQL: Head sha can't be blank, Base sha can't be blank, No commits between main and feat/safety-test, Head ref must be a branch (createPullRequest)
[90mstdout[2m | tests/shared-state-manager.test.mjs[2m > [22m[2mshared-state-manager[2m > [22m[2mcorruption recovery[2m > [22m[2mrecovers from corrupted JSON
[22m[39m[SharedStateManager] Corrupted registry backed up to: C:\Users\Sean\AppData\Local\Temp\shared-state-test-x2GdmC\.cache\bosun\shared-task-states.json.corrupt-1772683084497.bak

[90mstdout[2m | tests/shared-state-manager.test.mjs[2m > [22m[2mshared-state-manager[2m > [22m[2mcleanup operations[2m > [22m[2mcleans up old completed tasks
[22m[39m[SharedStateManager] Cleaned up 1 old task states

 [32mΓ£ô[39m tests/shared-state-manager.test.mjs [2m([22m[2m46 tests[22m[2m)[22m[33m 11142[2mms[22m[39m
       [33m[2mΓ£ô[22m[39m allows takeover when existing owner heartbeat is stale [33m 1525[2mms[22m[39m
       [33m[2mΓ£ô[22m[39m marks stale tasks as abandoned [33m 1513[2mms[22m[39m
       [33m[2mΓ£ô[22m[39m does not sweep already completed tasks [33m 1518[2mms[22m[39m
       [33m[2mΓ£ô[22m[39m does not sweep ignored tasks [33m 1517[2mms[22m[39m
       [33m[2mΓ£ô[22m[39m sweeps multiple stale tasks [33m 1512[2mms[22m[39m
       [33m[2mΓ£ô[22m[39m returns true when task claim is stale [33m 1514[2mms[22m[39m
       [33m[2mΓ£ô[22m[39m counts stale tasks correctly [33m 1513[2mms[22m[39m
[90mstdout[2m | tests/workflow-templates-e2e.test.mjs[2m > [22m[2mworkflow-templates E2E execution[2m > [22m[2mall templates execute without engine errors[2m > [22m[2mtemplate-task-lifecycle installs, executes, and returns valid context
[22m[39m[workflow-nodes] Task "{{taskTitle}}" ({{taskId}}) ΓÇö already claimed, skipping

[90mstdout[2m | tests/workflow-guaranteed.test.mjs[2m > [22m[2mguaranteed: all templates execute without engine errors[2m > [22m[2mtemplate-task-lifecycle
[22m[39m[workflow-nodes] Task "{{taskTitle}}" (TASK-7) ΓÇö already claimed, skipping

[90mstdout[2m | tests/workflow-templates-e2e.test.mjs[2m > [22m[2mworkflow-templates E2E execution[2m > [22m[2mall templates execute without engine errors[2m > [22m[2mtemplate-ve-orchestrator-lite installs, executes, and returns valid context
[22m[39m[workflow-nodes] Task {{taskTitle}} already claimed ΓÇö skipping

[90mstdout[2m | tests/workflow-templates-e2e.test.mjs[2m > [22m[2mworkflow-templates E2E execution[2m > [22m[2mPR Conflict Resolver (template-pr-conflict-resolver)[2m > [22m[2mexecutes conflict resolution flow
[22m[39m[workflow-nodes] PR Conflict Resolver: no unhandled bosun-attached conflicts found

[90mstdout[2m | tests/workflow-templates-e2e.test.mjs[2m > [22m[2mworkflow-templates E2E execution[2m > [22m[2mStale PR Reaper (template-stale-pr-reaper)[2m > [22m[2mexecutes stale PR cleanup flow
[22m[39m[workflow-nodes] No stale PRs found

[90mstdout[2m | tests/workflow-templates-e2e.test.mjs[2m > [22m[2mworkflow-templates E2E execution[2m > [22m[2mRelease Drafter (template-release-drafter)[2m > [22m[2mdrafts a release from recent commits
[22m[39m[workflow-nodes] Release notes draft saved to RELEASE_DRAFT.md ΓÇö review and publish when ready

[90mstdout[2m | tests/workflow-templates-e2e.test.mjs[2m > [22m[2mworkflow-templates E2E execution[2m > [22m[2mBosun PR Watchdog (template-bosun-pr-watchdog)[2m > [22m[2mmonitors and processes bosun-attached PRs
[22m[39m[workflow-nodes] Bosun PR Watchdog: no open bosun-attached PRs found ΓÇö idle

[90mstdout[2m | tests/workflow-templates-e2e.test.mjs[2m > [22m[2mworkflow-templates E2E execution[2m > [22m[2mGitHub Kanban Sync (template-github-kanban-sync)[2m > [22m[2msyncs GitHub issues with kanban board
[22m[39m[workflow-nodes] No bosun PR changes to sync this cycle

stderr | tests/workflow-templates-e2e.test.mjs > workflow-templates E2E execution > Frontend Agent (template-frontend-agent) > runs frontend agent workflow with screenshot validation
[workflow-nodes] Frontend verification failed for TASK-101: evidenceDir=.bosun/evidence reason=no_evidence evidenceCount=0

[90mstdout[2m | tests/workflow-templates-e2e.test.mjs[2m > [22m[2mworkflow-templates E2E execution[2m > [22m[2mAgent Session Monitor (template-agent-session-monitor)[2m > [22m[2mmonitors agent sessions for anomalies
[22m[39m[workflow-nodes] No active agent sessions to monitor

[90mstdout[2m | tests/workflow-templates-e2e.test.mjs[2m > [22m[2mworkflow-templates E2E execution[2m > [22m[2mBackend Agent (template-backend-agent)[2m > [22m[2mruns backend agent with test validation
[22m[39m[workflow-nodes] Backend agent completed task ΓÇö PR lifecycle handoff recorded

[90mstdout[2m | tests/workflow-templates-e2e.test.mjs[2m > [22m[2mworkflow-templates E2E execution[2m > [22m[2mTask Planner (template-task-planner)[2m > [22m[2mexecutes task planning flow
[22m[39m[workflow-nodes] Task planner triggered: 0 tasks remaining (threshold: 3)

[90mstdout[2m | tests/workflow-templates-e2e.test.mjs[2m > [22m[2mworkflow-templates E2E execution[2m > [22m[2mSprint Retrospective (template-sprint-retrospective)[2m > [22m[2mruns sprint retrospective analysis
[22m[39m[workflow-nodes] Sprint retrospective complete ΓÇö no action items generated

[90mstdout[2m | tests/workflow-templates-e2e.test.mjs[2m > [22m[2mworkflow-templates E2E execution[2m > [22m[2mError Recovery (template-error-recovery)[2m > [22m[2mprocesses error recovery with retry chain
[22m[39m[workflow-nodes] Task TASK-ERR-1 recovered automatically by error-recovery workflow

[90mstdout[2m | tests/workflow-templates-e2e.test.mjs[2m > [22m[2mworkflow-templates E2E execution[2m > [22m[2mWorkspace Hygiene (template-workspace-hygiene)[2m > [22m[2mcleans up stale worktrees and branches
[22m[39m[workflow-nodes] Workspace hygiene sweep completed (max worktree age target: 48h)

stderr | tests/workflow-templates-e2e.test.mjs > workflow-templates E2E execution > Task Status Transition Manager (template-task-status-transition-manager) > manages task status transitions
[workflow-nodes] Task TASK-ST-1 transition ignored: unsupported target status '{{targetStatus}}'

[90mstdout[2m | tests/workflow-templates-e2e.test.mjs[2m > [22m[2mworkflow-templates E2E execution[2m > [22m[2mTask Archiver (template-task-archiver)[2m > [22m[2marchives completed tasks
[22m[39m[workflow-nodes] Task TASK-ARC-1 not yet old enough to archive (threshold: 24h)

[90mstdout[2m | tests/workflow-templates-e2e.test.mjs[2m > [22m[2mworkflow-templates E2E execution[2m > [22m[2mSync Engine (template-sync-engine)[2m > [22m[2msyncs kanban state with external sources
[22m[39m[workflow-nodes] Kanban sync complete ΓÇö pulled: {{pullCount}}, pushed: {{pushCount}}, conflicts: {{conflictCount}}

[90mstdout[2m | tests/workflow-templates-e2e.test.mjs[2m > [22m[2mworkflow-templates E2E execution[2m > [22m[2mDependency Audit (template-dependency-audit)[2m > [22m[2maudits project dependencies
[22m[39m[workflow-nodes] Dependency audit clean ΓÇö no vulnerabilities found

[90mstdout[2m | tests/workflow-templates-e2e.test.mjs[2m > [22m[2mworkflow-templates E2E execution[2m > [22m[2mSecret Scanner (template-secret-scanner)[2m > [22m[2mscans for leaked secrets
[22m[39m[workflow-nodes] Secret scanner: no secrets found in recent commits (exclude paths: node_modules,.git,*.lock,*.min.js)

[90mstdout[2m | tests/workflow-guaranteed.test.mjs[2m > [22m[2mguaranteed: all templates execute without engine errors[2m > [22m[2mtemplate-ve-orchestrator-lite
[22m[39m[workflow-nodes] Task {{taskTitle}} already claimed ΓÇö skipping

[90mstdout[2m | tests/workflow-guaranteed.test.mjs[2m > [22m[2mguaranteed: behavioral contracts[2m > [22m[2mtemplate-release-drafter: produces output from merged-PR list
[22m[39m[workflow-nodes] Release notes draft saved to RELEASE_DRAFT.md ΓÇö review and publish when ready

[90mstdout[2m | tests/workflow-guaranteed.test.mjs[2m > [22m[2mguaranteed: behavioral contracts[2m > [22m[2mtemplate-bosun-pr-watchdog: runs watch cycle without crashing
[22m[39m[workflow-nodes] Bosun PR Watchdog: no open bosun-attached PRs found ΓÇö idle

[90mstdout[2m | tests/workflow-guaranteed.test.mjs[2m > [22m[2mguaranteed: behavioral contracts[2m > [22m[2mtemplate-github-kanban-sync: syncs kanban state with GitHub without errors
[22m[39m[workflow-nodes] No bosun PR changes to sync this cycle

stderr | tests/workflow-guaranteed.test.mjs > guaranteed: behavioral contracts > template-frontend-agent: dispatches frontend task to agent
[workflow-nodes] Frontend verification failed for TASK-1: evidenceDir=.bosun/evidence reason=no_evidence evidenceCount=0

[90mstdout[2m | tests/workflow-guaranteed.test.mjs[2m > [22m[2mguaranteed: behavioral contracts[2m > [22m[2mtemplate-backend-agent: dispatches backend task to agent
[22m[39m[workflow-nodes] Backend agent completed task ΓÇö PR lifecycle handoff recorded

[90mstdout[2m | tests/workflow-guaranteed.test.mjs[2m > [22m[2mguaranteed: behavioral contracts[2m > [22m[2mtemplate-agent-session-monitor: monitors session without errors
[22m[39m[workflow-nodes] All active agent sessions are healthy

[90mstdout[2m | tests/workflow-guaranteed.test.mjs[2m > [22m[2mguaranteed: behavioral contracts[2m > [22m[2mtemplate-task-planner: agent generates tasks and kanban is populated
[22m[39m[workflow-nodes] Task planner triggered: 0 tasks remaining (threshold: 3)

[90mstdout[2m | tests/workflow-guaranteed.test.mjs[2m > [22m[2mguaranteed: behavioral contracts[2m > [22m[2mtemplate-sprint-retrospective: runs full retro without crash
[22m[39m[workflow-nodes] Sprint retrospective complete ΓÇö no action items generated

[90mstdout[2m | tests/workflow-guaranteed.test.mjs[2m > [22m[2mguaranteed: behavioral contracts[2m > [22m[2mtemplate-error-recovery: handles build failure gracefully
[22m[39m[workflow-nodes] Task TASK-4 recovered automatically by error-recovery workflow

[90mstdout[2m | tests/workflow-guaranteed.test.mjs[2m > [22m[2mguaranteed: behavioral contracts[2m > [22m[2mtemplate-workspace-hygiene: runs hygiene checks without error
[22m[39m[workflow-nodes] Workspace hygiene sweep completed (max worktree age target: 48h)

stderr | tests/workflow-guaranteed.test.mjs > guaranteed: behavioral contracts > template-task-status-transition-manager: transitions task status
[workflow-nodes] Task TASK-1 transition ignored: unsupported target status '{{targetStatus}}'

[90mstdout[2m | tests/workflow-guaranteed.test.mjs[2m > [22m[2mguaranteed: behavioral contracts[2m > [22m[2mtemplate-sync-engine: runs sync cycle without crash
[22m[39m[workflow-nodes] Kanban sync complete ΓÇö pulled: {{pullCount}}, pushed: {{pushCount}}, conflicts: {{conflictCount}}

[90mstdout[2m | tests/workflow-guaranteed.test.mjs[2m > [22m[2mguaranteed: behavioral contracts[2m > [22m[2mtemplate-secret-scanner: scans for secrets without crash
[22m[39m[workflow-nodes] Secret scanner flagged findings but all classified as false positives

[90mstdout[2m | tests/workflow-templates-e2e.test.mjs[2m > [22m[2mworkflow-templates E2E execution[2m > [22m[2mTask Lifecycle (template-task-lifecycle)[2m > [22m[2mruns full task lifecycle from trigger to completion
[22m[39m[workflow-nodes] Task "Implement feature Y" (TASK-LC-1) ΓÇö already claimed, skipping

[90mstdout[2m | tests/workflow-guaranteed.test.mjs[2m > [22m[2mguaranteed: behavioral contracts[2m > [22m[2mtemplate-task-lifecycle: runs full task from trigger to PR
[22m[39m[workflow-nodes] Task "{{taskTitle}}" (TASK-7) ΓÇö already claimed, skipping

[90mstdout[2m | tests/workflow-templates-e2e.test.mjs[2m > [22m[2mworkflow-templates E2E execution[2m > [22m[2mVE Orchestrator Lite (template-ve-orchestrator-lite)[2m > [22m[2mruns lightweight orchestration flow
[22m[39m[workflow-nodes] Task Quick fix already claimed ΓÇö skipping

[90mstdout[2m | tests/workflow-templates-e2e.test.mjs[2m > [22m[2mworkflow-templates E2E execution[2m > [22m[2mtemplate variable resolution[2m > [22m[2mdefault variables are accessible during execution
[22m[39m[workflow-nodes] Task planner triggered: 0 tasks remaining (threshold: 3)

[90mstdout[2m | tests/workflow-templates-e2e.test.mjs[2m > [22m[2mworkflow-templates E2E execution[2m > [22m[2mfull pipeline: install all + execute all[2m > [22m[2minstalls and executes every template in sequence without cross-contamination
[22m[39m[workflow-nodes] PR Conflict Resolver: no unhandled bosun-attached conflicts found

[90mstdout[2m | tests/workflow-templates-e2e.test.mjs[2m > [22m[2mworkflow-templates E2E execution[2m > [22m[2mfull pipeline: install all + execute all[2m > [22m[2minstalls and executes every template in sequence without cross-contamination
[22m[39m[workflow-nodes] No stale PRs found

[90mstdout[2m | tests/workflow-templates-e2e.test.mjs[2m > [22m[2mworkflow-templates E2E execution[2m > [22m[2mfull pipeline: install all + execute all[2m > [22m[2minstalls and executes every template in sequence without cross-contamination
[22m[39m[workflow-nodes] Release notes draft saved to RELEASE_DRAFT.md ΓÇö review and publish when ready

[90mstdout[2m | tests/workflow-templates-e2e.test.mjs[2m > [22m[2mworkflow-templates E2E execution[2m > [22m[2mfull pipeline: install all + execute all[2m > [22m[2minstalls and executes every template in sequence without cross-contamination
[22m[39m[workflow-nodes] Bosun PR Watchdog: no open bosun-attached PRs found ΓÇö idle

[90mstdout[2m | tests/workflow-templates-e2e.test.mjs[2m > [22m[2mworkflow-templates E2E execution[2m > [22m[2mfull pipeline: install all + execute all[2m > [22m[2minstalls and executes every template in sequence without cross-contamination
[22m[39m[workflow-nodes] No bosun PR changes to sync this cycle

stderr | tests/workflow-templates-e2e.test.mjs > workflow-templates E2E execution > full pipeline: install all + execute all > installs and executes every template in sequence without cross-contamination
[workflow-nodes] Frontend verification failed for {{taskId}}: evidenceDir=.bosun/evidence reason=no_evidence evidenceCount=0

[90mstdout[2m | tests/workflow-templates-e2e.test.mjs[2m > [22m[2mworkflow-templates E2E execution[2m > [22m[2mfull pipeline: install all + execute all[2m > [22m[2minstalls and executes every template in sequence without cross-contamination
[22m[39m[workflow-nodes] No active agent sessions to monitor

[90mstdout[2m | tests/workflow-templates-e2e.test.mjs[2m > [22m[2mworkflow-templates E2E execution[2m > [22m[2mfull pipeline: install all + execute all[2m > [22m[2minstalls and executes every template in sequence without cross-contamination
[22m[39m[workflow-nodes] Backend agent completed task ΓÇö PR lifecycle handoff recorded

[90mstdout[2m | tests/workflow-templates-e2e.test.mjs[2m > [22m[2mworkflow-templates E2E execution[2m > [22m[2mfull pipeline: install all + execute all[2m > [22m[2minstalls and executes every template in sequence without cross-contamination
[22m[39m[workflow-nodes] Task planner triggered: 0 tasks remaining (threshold: 3)

[90mstdout[2m | tests/workflow-templates-e2e.test.mjs[2m > [22m[2mworkflow-templates E2E execution[2m > [22m[2mfull pipeline: install all + execute all[2m > [22m[2minstalls and executes every template in sequence without cross-contamination
[22m[39m[workflow-nodes] Sprint retrospective complete ΓÇö no action items generated

[90mstdout[2m | tests/workflow-templates-e2e.test.mjs[2m > [22m[2mworkflow-templates E2E execution[2m > [22m[2mfull pipeline: install all + execute all[2m > [22m[2minstalls and executes every template in sequence without cross-contamination
[22m[39m[workflow-nodes] Task {{taskId}} recovered automatically by error-recovery workflow

stderr | tests/workflow-templates-e2e.test.mjs > workflow-templates E2E execution > full pipeline: install all + execute all > installs and executes every template in sequence without cross-contamination
[workflow-nodes] Task repair skipped for {{taskId}} ΓÇö missing worktreePath in event payload

[90mstdout[2m | tests/workflow-templates-e2e.test.mjs[2m > [22m[2mworkflow-templates E2E execution[2m > [22m[2mfull pipeline: install all + execute all[2m > [22m[2minstalls and executes every template in sequence without cross-contamination
[22m[39m[workflow-nodes] Workspace hygiene sweep completed (max worktree age target: 48h)

stderr | tests/workflow-templates-e2e.test.mjs > workflow-templates E2E execution > full pipeline: install all + execute all > installs and executes every template in sequence without cross-contamination
[workflow-nodes] Orphan recovery workflow produced invalid JSON output. Check tools/workflow-orphan-worktree-recovery.mjs execution logs.

stderr | tests/workflow-templates-e2e.test.mjs > workflow-templates E2E execution > full pipeline: install all + execute all > installs and executes every template in sequence without cross-contamination
[workflow-nodes] Task {{taskId}} transition ignored: unsupported target status '{{targetStatus}}'

[90mstdout[2m | tests/workflow-templates-e2e.test.mjs[2m > [22m[2mworkflow-templates E2E execution[2m > [22m[2mfull pipeline: install all + execute all[2m > [22m[2minstalls and executes every template in sequence without cross-contamination
[22m[39m[workflow-nodes] Kanban sync complete ΓÇö pulled: {{pullCount}}, pushed: {{pushCount}}, conflicts: {{conflictCount}}

[90mstdout[2m | tests/workflow-templates-e2e.test.mjs[2m > [22m[2mworkflow-templates E2E execution[2m > [22m[2mfull pipeline: install all + execute all[2m > [22m[2minstalls and executes every template in sequence without cross-contamination
[22m[39m[workflow-nodes] Dependency audit clean ΓÇö no vulnerabilities found

[90mstdout[2m | tests/workflow-templates-e2e.test.mjs[2m > [22m[2mworkflow-templates E2E execution[2m > [22m[2mfull pipeline: install all + execute all[2m > [22m[2minstalls and executes every template in sequence without cross-contamination
[22m[39m[workflow-nodes] Secret scanner: no secrets found in recent commits (exclude paths: node_modules,.git,*.lock,*.min.js)

[90mstdout[2m | tests/workflow-guaranteed.test.mjs[2m > [22m[2mguaranteed: behavioral contracts[2m > [22m[2mtemplate-ve-orchestrator-lite: runs lightweight orchestration
[22m[39m[workflow-nodes] Task {{taskTitle}} already claimed ΓÇö skipping

 [32mΓ£ô[39m tests/workflow-guaranteed.test.mjs [2m([22m[2m130 tests[22m[2m)[22m[33m 59258[2mms[22m[39m
     [33m[2mΓ£ô[22m[39m template-task-lifecycle [33m 14056[2mms[22m[39m
     [33m[2mΓ£ô[22m[39m template-ve-orchestrator-lite [33m 14055[2mms[22m[39m
     [33m[2mΓ£ô[22m[39m template-task-lifecycle: runs full task from trigger to PR [33m 14054[2mms[22m[39m
     [33m[2mΓ£ô[22m[39m template-ve-orchestrator-lite: runs lightweight orchestration [33m 14049[2mms[22m[39m
[90mstdout[2m | tests/workflow-templates-e2e.test.mjs[2m > [22m[2mworkflow-templates E2E execution[2m > [22m[2mfull pipeline: install all + execute all[2m > [22m[2minstalls and executes every template in sequence without cross-contamination
[22m[39m[workflow-nodes] Task "{{taskTitle}}" ({{taskId}}) ΓÇö already claimed, skipping

[90mstdout[2m | tests/workflow-templates-e2e.test.mjs[2m > [22m[2mworkflow-templates E2E execution[2m > [22m[2mfull pipeline: install all + execute all[2m > [22m[2minstalls and executes every template in sequence without cross-contamination
[22m[39m[workflow-nodes] Task {{taskTitle}} already claimed ΓÇö skipping

 [32mΓ£ô[39m tests/workflow-templates-e2e.test.mjs [2m([22m[2m103 tests[22m[2m)[22m[33m 85637[2mms[22m[39m
       [33m[2mΓ£ô[22m[39m template-task-lifecycle installs, executes, and returns valid context [33m 14048[2mms[22m[39m
       [33m[2mΓ£ô[22m[39m template-ve-orchestrator-lite installs, executes, and returns valid context [33m 14034[2mms[22m[39m
       [33m[2mΓ£ô[22m[39m runs full task lifecycle from trigger to completion [33m 14032[2mms[22m[39m
       [33m[2mΓ£ô[22m[39m runs lightweight orchestration flow [33m 14017[2mms[22m[39m
       [33m[2mΓ£ô[22m[39m installs and executes every template in sequence without cross-contamination [33m 28393[2mms[22m[39m

ΓÄ»ΓÄ»ΓÄ»ΓÄ»ΓÄ»ΓÄ» Failed Suites 19 ΓÄ»ΓÄ»ΓÄ»ΓÄ»ΓÄ»ΓÄ»

 FAIL  tests/bosun-skills-audit.test.mjs [ tests/bosun-skills-audit.test.mjs ]
SyntaxError: Invalid or unexpected token
ΓÄ»ΓÄ»ΓÄ»ΓÄ»ΓÄ»ΓÄ»ΓÄ»ΓÄ»ΓÄ»ΓÄ»ΓÄ»ΓÄ»ΓÄ»ΓÄ»ΓÄ»ΓÄ»ΓÄ»ΓÄ»ΓÄ»ΓÄ»ΓÄ»ΓÄ»[1/177]ΓÄ»

 FAIL  tests/branch-routing.test.mjs [ tests/branch-routing.test.mjs ]
 FAIL  tests/config-agent-prompts.test.mjs [ tests/config-agent-prompts.test.mjs ]
 FAIL  tests/config-boolean-env.test.mjs [ tests/config-boolean-env.test.mjs ]
 FAIL  tests/config-scheduler.test.mjs [ tests/config-scheduler.test.mjs ]
 FAIL  tests/config-validation.test.mjs [ tests/config-validation.test.mjs ]
 FAIL  tests/meeting-workflow-service.test.mjs [ tests/meeting-workflow-service.test.mjs ]
 FAIL  tests/review-agent.test.mjs [ tests/review-agent.test.mjs ]
 FAIL  tests/sdk-conflict-resolver.test.mjs [ tests/sdk-conflict-resolver.test.mjs ]
 FAIL  tests/smoke.test.mjs [ tests/smoke.test.mjs ]
 FAIL  tests/vk-api.test.mjs [ tests/vk-api.test.mjs ]
SyntaxError: Invalid or unexpected token
ΓÄ»ΓÄ»ΓÄ»ΓÄ»ΓÄ»ΓÄ»ΓÄ»ΓÄ»ΓÄ»ΓÄ»ΓÄ»ΓÄ»ΓÄ»ΓÄ»ΓÄ»ΓÄ»ΓÄ»ΓÄ»ΓÄ»ΓÄ»ΓÄ»ΓÄ»[2/177]ΓÄ»

 FAIL  tests/setup-env-output.test.mjs [ tests/setup-env-output.test.mjs ]
 FAIL  tests/setup-platform-defaults.test.mjs [ tests/setup-platform-defaults.test.mjs ]
 FAIL  tests/setup-vscode-settings.test.mjs [ tests/setup-vscode-settings.test.mjs ]
 FAIL  tests/setup.test.mjs [ tests/setup.test.mjs ]
SyntaxError: Invalid or unexpected token
ΓÄ»ΓÄ»ΓÄ»ΓÄ»ΓÄ»ΓÄ»ΓÄ»ΓÄ»ΓÄ»ΓÄ»ΓÄ»ΓÄ»ΓÄ»ΓÄ»ΓÄ»ΓÄ»ΓÄ»ΓÄ»ΓÄ»ΓÄ»ΓÄ»ΓÄ»[3/177]ΓÄ»

 FAIL  tests/setup-web-server-env.test.mjs [ tests/setup-web-server-env.test.mjs ]
SyntaxError: Invalid or unexpected token
ΓÄ»ΓÄ»ΓÄ»ΓÄ»ΓÄ»ΓÄ»ΓÄ»ΓÄ»ΓÄ»ΓÄ»ΓÄ»ΓÄ»ΓÄ»ΓÄ»ΓÄ»ΓÄ»ΓÄ»ΓÄ»ΓÄ»ΓÄ»ΓÄ»ΓÄ»[4/177]ΓÄ»

 FAIL  tests/telegram-sentinel.test.mjs [ tests/telegram-sentinel.test.mjs ]
SyntaxError: Invalid or unexpected token
ΓÄ»ΓÄ»ΓÄ»ΓÄ»ΓÄ»ΓÄ»ΓÄ»ΓÄ»ΓÄ»ΓÄ»ΓÄ»ΓÄ»ΓÄ»ΓÄ»ΓÄ»ΓÄ»ΓÄ»ΓÄ»ΓÄ»ΓÄ»ΓÄ»ΓÄ»[5/177]ΓÄ»

 FAIL  tests/ve-kanban-native.test.mjs [ tests/ve-kanban-native.test.mjs ]
SyntaxError: Invalid or unexpected token
ΓÄ»ΓÄ»ΓÄ»ΓÄ»ΓÄ»ΓÄ»ΓÄ»ΓÄ»ΓÄ»ΓÄ»ΓÄ»ΓÄ»ΓÄ»ΓÄ»ΓÄ»ΓÄ»ΓÄ»ΓÄ»ΓÄ»ΓÄ»ΓÄ»ΓÄ»[6/177]ΓÄ»

 FAIL  tests/ve-orchestrator-native.test.mjs [ tests/ve-orchestrator-native.test.mjs ]
SyntaxError: Invalid or unexpected token
ΓÄ»ΓÄ»ΓÄ»ΓÄ»ΓÄ»ΓÄ»ΓÄ»ΓÄ»ΓÄ»ΓÄ»ΓÄ»ΓÄ»ΓÄ»ΓÄ»ΓÄ»ΓÄ»ΓÄ»ΓÄ»ΓÄ»ΓÄ»ΓÄ»ΓÄ»[7/177]ΓÄ»


ΓÄ»ΓÄ»ΓÄ»ΓÄ»ΓÄ»ΓÄ» Failed Tests 125 ΓÄ»ΓÄ»ΓÄ»ΓÄ»ΓÄ»ΓÄ»

 FAIL  tests/agent-pool.test.mjs > SDK resolution > uses AGENT_POOL_SDK env var when set
 FAIL  tests/agent-pool.test.mjs > SDK resolution > falls back to PRIMARY_AGENT env var
 FAIL  tests/agent-pool.test.mjs > SDK resolution > AGENT_POOL_SDK takes priority over PRIMARY_AGENT
 FAIL  tests/agent-pool.test.mjs > SDK resolution > skips disabled SDKs in resolution
 FAIL  tests/agent-pool.test.mjs > SDK resolution > uses fallback chain when all preferred are disabled
 FAIL  tests/agent-pool.test.mjs > SDK resolution > defaults to codex when nothing is set
 FAIL  tests/agent-pool.test.mjs > SDK resolution > defaults to codex when all SDKs are disabled
 FAIL  tests/agent-pool.test.mjs > SDK management > setPoolSdk sets the SDK name
 FAIL  tests/agent-pool.test.mjs > SDK management > setPoolSdk normalises case
 FAIL  tests/agent-pool.test.mjs > SDK management > setPoolSdk throws for unknown SDK
 FAIL  tests/agent-pool.test.mjs > SDK management > resetPoolSdkCache forces re-resolution
 FAIL  tests/agent-pool.test.mjs > SDK management > getAvailableSdks returns non-disabled SDKs
 FAIL  tests/agent-pool.test.mjs > SDK management > getAvailableSdks excludes disabled SDKs
 FAIL  tests/agent-pool.test.mjs > SDK management > getAvailableSdks returns empty when all disabled
 FAIL  tests/agent-pool.test.mjs > launchEphemeralThread > returns sdk field in result
 FAIL  tests/agent-pool.test.mjs > launchEphemeralThread > returns success/output/items/error fields
 FAIL  tests/agent-pool.test.mjs > launchEphemeralThread > uses extra.sdk override when provided
 FAIL  tests/agent-pool.test.mjs > launchEphemeralThread > returns error when SDK is not available
 FAIL  tests/agent-pool.test.mjs > launchEphemeralThread > tries fallback when primary SDK not available
 FAIL  tests/agent-pool.test.mjs > launchEphemeralThread > fails over to fallback SDK when primary times out
 FAIL  tests/agent-pool.test.mjs > launchEphemeralThread > skips a cooled-down SDK after timeout and retries it after cooldown expiry
 FAIL  tests/agent-pool.test.mjs > launchEphemeralThread > returns error when all SDKs are disabled
 FAIL  tests/agent-pool.test.mjs > launchEphemeralThread > returns error message containing the SDK name
 FAIL  tests/agent-pool.test.mjs > launchEphemeralThread > respects extra.sdk over setPoolSdk
 FAIL  tests/agent-pool.test.mjs > launchEphemeralThread > ignores invalid extra.sdk and uses resolved SDK
 FAIL  tests/agent-pool.test.mjs > launchEphemeralThread > applies envOverrides to Codex launch options per request
 FAIL  tests/agent-pool.test.mjs > launchEphemeralThread > accepts copilot output when sendAndWait times out waiting for session.idle
 FAIL  tests/agent-pool.test.mjs > launchEphemeralThread > fails copilot idle timeout when no assistant output was received
 FAIL  tests/agent-pool.test.mjs > launchEphemeralThread > prefers session.send over sendAndWait when both are available
 FAIL  tests/agent-pool.test.mjs > launchEphemeralThread > applies explicit extra.model to Copilot session config
 FAIL  tests/agent-pool.test.mjs > launchEphemeralThread > uses COPILOT_MODEL env when extra.model is not provided
 FAIL  tests/agent-pool.test.mjs > launchOrResumeThread > applies configured monitor-monitor minimum timeout bound
 FAIL  tests/agent-pool.test.mjs > launchOrResumeThread > does not apply monitor timeout bounds to non-monitor task keys
 FAIL  tests/agent-pool.test.mjs > launchOrResumeThread > uses INTERNAL_EXECUTOR_STREAM_FIRST_EVENT_TIMEOUT_MS for stalled codex streams
 FAIL  tests/agent-pool.test.mjs > launchOrResumeThread > caps and truncates stored codex stream items
 FAIL  tests/agent-pool.test.mjs > launchOrResumeThread > drops poisoned codex thread metadata when resume state is corrupted
 FAIL  tests/agent-pool.test.mjs > launchOrResumeThread > invalidateThreadAsync prevents reuse of an existing thread
 FAIL  tests/agent-pool.test.mjs > launchOrResumeThread > uses persistent Copilot session IDs without carrying stale Codex thread IDs
 FAIL  tests/agent-pool.test.mjs > launchOrResumeThread > persists and resumes Claude session IDs
 FAIL  tests/agent-pool.test.mjs > execWithRetry > retries after timeout without treating the next attempt as externally aborted
 FAIL  tests/agent-pool.test.mjs > execPooledPrompt > returns finalResponse on failure with error prefix
 FAIL  tests/agent-pool.test.mjs > execPooledPrompt > returns error message on failure
 FAIL  tests/agent-pool.test.mjs > execPooledPrompt > items is always an array
 FAIL  tests/agent-pool.test.mjs > execPooledPrompt > usage is null for ephemeral threads
 FAIL  tests/agent-pool.test.mjs > execPooledPrompt > passes options through to launchEphemeralThread
 FAIL  tests/agent-pool.test.mjs > execPooledPrompt > passes onEvent callback through
 FAIL  tests/agent-pool.test.mjs > execPooledPrompt > returns (no output) when error is null but success is false
 FAIL  tests/agent-pool.test.mjs > resolution and launch integration > setPoolSdk affects subsequent launchEphemeralThread calls
 FAIL  tests/agent-pool.test.mjs > resolution and launch integration > env var change after resetPoolSdkCache is picked up
 FAIL  tests/agent-pool.test.mjs > resolution and launch integration > disabled SDK env var is respected during launch
 FAIL  tests/agent-pool.test.mjs > resolution and launch integration > CODEX_SDK_DISABLED=1 skips codex in fallback chain
SyntaxError: Invalid or unexpected token
ΓÄ»ΓÄ»ΓÄ»ΓÄ»ΓÄ»ΓÄ»ΓÄ»ΓÄ»ΓÄ»ΓÄ»ΓÄ»ΓÄ»ΓÄ»ΓÄ»ΓÄ»ΓÄ»ΓÄ»ΓÄ»ΓÄ»ΓÄ»ΓÄ»ΓÄ»[8/177]ΓÄ»

 FAIL  tests/codex-config.test.mjs > codex-config defaults > adds Windows namespace trusted path variants for WSL-style paths
AssertionError: expected false to be true // Object.is equality

- Expected
+ Received

- true
+ false

 Γ¥» tests/codex-config.test.mjs:158:71
    156|     const result = ensureTrustedProjects([uniquePath], { dryRun: true ΓÇª
    157|     const allEntries = [...result.added, ...result.already];
    158|     expect(allEntries.some((entry) => entry.includes("\\\\?\\C:\\"))).ΓÇª
       |                                                                       ^
    159|   });
    160| });

ΓÄ»ΓÄ»ΓÄ»ΓÄ»ΓÄ»ΓÄ»ΓÄ»ΓÄ»ΓÄ»ΓÄ»ΓÄ»ΓÄ»ΓÄ»ΓÄ»ΓÄ»ΓÄ»ΓÄ»ΓÄ»ΓÄ»ΓÄ»ΓÄ»ΓÄ»[9/177]ΓÄ»

 FAIL  tests/context-overflow-steering.test.mjs > isContextOverflowError > returns true for: "context_length_exceeded"
 FAIL  tests/context-overflow-steering.test.mjs > isContextOverflowError > returns true for: "prompt_too_long"
 FAIL  tests/context-overflow-steering.test.mjs > isContextOverflowError > returns true for: "prompt is too long for this model"
 FAIL  tests/context-overflow-steering.test.mjs > isContextOverflowError > returns true for: "context too longΓÇöexceeded limit"
 FAIL  tests/context-overflow-steering.test.mjs > isContextOverflowError > returns true for: "token_budget exceeded"
 FAIL  tests/context-overflow-steering.test.mjs > isContextOverflowError > returns true for: "turn_limit_reached"
 FAIL  tests/context-overflow-steering.test.mjs > isContextOverflowError > returns true for: "conversation too long"
 FAIL  tests/context-overflow-steering.test.mjs > isContextOverflowError > returns true for: "maximum context length is 128000"
 FAIL  tests/context-overflow-steering.test.mjs > isContextOverflowError > returns true for: "max token limit reached"
 FAIL  tests/context-overflow-steering.test.mjs > isContextOverflowError > returns true for: "maximum number of tokens exceeded"
 FAIL  tests/context-overflow-steering.test.mjs > isContextOverflowError > returns true for: "string_above_max_length"
 FAIL  tests/context-overflow-steering.test.mjs > isContextOverflowError > returns true for: "input too large"
 FAIL  tests/context-overflow-steering.test.mjs > isContextOverflowError > returns true for: "reduce the length of your input"
 FAIL  tests/context-overflow-steering.test.mjs > isContextOverflowError > returns false for: null
 FAIL  tests/context-overflow-steering.test.mjs > isContextOverflowError > returns false for: undefined
 FAIL  tests/context-overflow-steering.test.mjs > isContextOverflowError > returns false for: ""
 FAIL  tests/context-overflow-steering.test.mjs > isContextOverflowError > returns false for: "Task completed successfully"
 FAIL  tests/context-overflow-steering.test.mjs > isContextOverflowError > returns false for: "rate limit exceeded"
 FAIL  tests/context-overflow-steering.test.mjs > isContextOverflowError > returns false for: "HTTP 500 Internal Server Error"
 FAIL  tests/context-overflow-steering.test.mjs > isContextOverflowError > returns false for: "invalid API key"
 FAIL  tests/context-overflow-steering.test.mjs > isContextOverflowError > handles Error objects
 FAIL  tests/context-overflow-steering.test.mjs > steerActiveThread / hasActiveSession > returns false when no active session exists
 FAIL  tests/context-overflow-steering.test.mjs > steerActiveThread / hasActiveSession > getActiveSessions returns array
 FAIL  tests/ui-server-fallback-auth.test.mjs > ui-server fallback auth > sets fallback credential, logs in, and reuses normal session cookie
 FAIL  tests/ui-server-fallback-auth.test.mjs > ui-server fallback auth > sets fallback credential, logs in, and reuses normal session cookie
 FAIL  tests/ui-server-fallback-auth.test.mjs > ui-server fallback auth > applies lockout with uniform failure response for invalid fallback secrets
 FAIL  tests/ui-server-fallback-auth.test.mjs > ui-server fallback auth > applies lockout with uniform failure response for invalid fallback secrets
 FAIL  tests/ui-server-tunnel-hostname.test.mjs > ui-server tunnel hostname + DNS helpers > normalizes tunnel mode aliases with named as the default
 FAIL  tests/ui-server-tunnel-hostname.test.mjs > ui-server tunnel hostname + DNS helpers > resolves deterministic per-user hostname and protects reserved names
 FAIL  tests/ui-server-tunnel-hostname.test.mjs > ui-server tunnel hostname + DNS helpers > keeps Cloudflare DNS orchestration idempotent for existing matching CNAME
 FAIL  tests/ui-server.test.mjs > ui-server mini app > exports mini app server helpers
 FAIL  tests/ui-server.test.mjs > ui-server mini app > exports mini app server helpers
 FAIL  tests/ui-server.test.mjs > ui-server mini app > getLocalLanIp returns a string
 FAIL  tests/ui-server.test.mjs > ui-server mini app > getLocalLanIp returns a string
 FAIL  tests/ui-server.test.mjs > ui-server mini app > preserves launch query params when exchanging session token
 FAIL  tests/ui-server.test.mjs > ui-server mini app > preserves launch query params when exchanging session token
 FAIL  tests/ui-server.test.mjs > ui-server mini app > bootstraps local static requests into a session cookie
 FAIL  tests/ui-server.test.mjs > ui-server mini app > bootstraps local static requests into a session cookie
 FAIL  tests/ui-server.test.mjs > ui-server mini app > does not auto-bootstrap local static requests when BOSUN_UI_LOCAL_BOOTSTRAP is unset
 FAIL  tests/ui-server.test.mjs > ui-server mini app > does not auto-bootstrap local static requests when BOSUN_UI_LOCAL_BOOTSTRAP is unset
 FAIL  tests/ui-server.test.mjs > ui-server mini app > prefers persisted desktop API key over stale env key during desktop bootstrap
 FAIL  tests/ui-server.test.mjs > ui-server mini app > prefers persisted desktop API key over stale env key during desktop bootstrap
 FAIL  tests/ui-server.test.mjs > ui-server mini app > starts with TELEGRAM_UI_PORT=0 by falling back to non-ephemeral default
 FAIL  tests/ui-server.test.mjs > ui-server mini app > starts with TELEGRAM_UI_PORT=0 by falling back to non-ephemeral default
 FAIL  tests/ui-server.test.mjs > ui-server mini app > uses http URL for local publicHost when TLS is disabled
 FAIL  tests/ui-server.test.mjs > ui-server mini app > uses http URL for local publicHost when TLS is disabled
 FAIL  tests/ui-server.test.mjs > ui-server mini app > hides tokenized browser URL in startup logs by default
 FAIL  tests/ui-server.test.mjs > ui-server mini app > hides tokenized browser URL in startup logs by default
 FAIL  tests/ui-server.test.mjs > ui-server mini app > can opt in to tokenized browser URL logs
 FAIL  tests/ui-server.test.mjs > ui-server mini app > can opt in to tokenized browser URL logs
 FAIL  tests/ui-server.test.mjs > ui-server mini app > returns effective settings values and sources for derived/default cases
 FAIL  tests/ui-server.test.mjs > ui-server mini app > returns effective settings values and sources for derived/default cases
 FAIL  tests/ui-server.test.mjs > ui-server mini app > reflects runtime kanban backend switches via config update
 FAIL  tests/ui-server.test.mjs > ui-server mini app > reflects runtime kanban backend switches via config update
 FAIL  tests/ui-server.test.mjs > ui-server mini app > accepts signed project webhook and triggers task sync
 FAIL  tests/ui-server.test.mjs > ui-server mini app > accepts signed project webhook and triggers task sync
 FAIL  tests/ui-server.test.mjs > ui-server mini app > rejects webhook with invalid signature
 FAIL  tests/ui-server.test.mjs > ui-server mini app > rejects webhook with invalid signature
 FAIL  tests/ui-server.test.mjs > ui-server mini app > triggers alert hook after repeated webhook sync failures
 FAIL  tests/ui-server.test.mjs > ui-server mini app > triggers alert hook after repeated webhook sync failures
 FAIL  tests/ui-server.test.mjs > ui-server mini app > returns schema field errors for invalid hook targets
 FAIL  tests/ui-server.test.mjs > ui-server mini app > returns schema field errors for invalid hook targets
 FAIL  tests/ui-server.test.mjs > ui-server mini app > writes supported settings into config file
 FAIL  tests/ui-server.test.mjs > ui-server mini app > writes supported settings into config file
 FAIL  tests/ui-server.test.mjs > ui-server mini app > does not sync unsupported settings into config file
 FAIL  tests/ui-server.test.mjs > ui-server mini app > does not sync unsupported settings into config file
 FAIL  tests/ui-server.test.mjs > ui-server mini app > returns trigger template payload with history/stat fields
 FAIL  tests/ui-server.test.mjs > ui-server mini app > returns trigger template payload with history/stat fields
 FAIL  tests/ui-server.test.mjs > ui-server mini app > persists trigger template updates to config
 FAIL  tests/ui-server.test.mjs > ui-server mini app > persists trigger template updates to config
 FAIL  tests/ui-server.test.mjs > ui-server mini app > queues /plan commands in background to avoid request timeouts
 FAIL  tests/ui-server.test.mjs > ui-server mini app > queues /plan commands in background to avoid request timeouts
 FAIL  tests/ui-server.test.mjs > ui-server mini app > binds chat session execution cwd to the active workspace repo
 FAIL  tests/ui-server.test.mjs > ui-server mini app > binds chat session execution cwd to the active workspace repo
 FAIL  tests/ui-server.test.mjs > ui-server mini app > stops an in-flight session turn via /api/sessions/:id/stop
 FAIL  tests/ui-server.test.mjs > ui-server mini app > stops an in-flight session turn via /api/sessions/:id/stop
 FAIL  tests/ui-server.test.mjs > ui-server mini app > routes sdk commands with the session workspace cwd
 FAIL  tests/ui-server.test.mjs > ui-server mini app > routes sdk commands with the session workspace cwd
 FAIL  tests/ui-server.test.mjs > ui-server mini app > scopes session listing to the active workspace by default
 FAIL  tests/ui-server.test.mjs > ui-server mini app > scopes session listing to the active workspace by default
 FAIL  tests/ui-server.test.mjs > ui-server mini app > scopes workflows and library data by active workspace
 FAIL  tests/ui-server.test.mjs > ui-server mini app > scopes workflows and library data by active workspace
 FAIL  tests/ui-server.test.mjs > ui-server mini app > exposes and executes shared bosun tools via /api/agents/tool parity endpoints
 FAIL  tests/ui-server.test.mjs > ui-server mini app > exposes and executes shared bosun tools via /api/agents/tool parity endpoints
 FAIL  tests/voice-http-routes.test.mjs > ui-server voice + vision routes > persists user and assistant transcript turns into the bound session history
 FAIL  tests/voice-http-routes.test.mjs > ui-server voice + vision routes > persists user and assistant transcript turns into the bound session history
 FAIL  tests/voice-http-routes.test.mjs > ui-server voice + vision routes > queues workflow trigger evaluation for transcript and wake phrase events
 FAIL  tests/voice-http-routes.test.mjs > ui-server voice + vision routes > queues workflow trigger evaluation for transcript and wake phrase events
 FAIL  tests/voice-http-routes.test.mjs > ui-server voice + vision routes > stores and returns voice turn trace events
 FAIL  tests/voice-http-routes.test.mjs > ui-server voice + vision routes > stores and returns voice turn trace events
 FAIL  tests/voice-http-routes.test.mjs > ui-server voice + vision routes > ingests a vision frame, analyzes once, and deduplicates repeated frames
 FAIL  tests/voice-http-routes.test.mjs > ui-server voice + vision routes > ingests a vision frame, analyzes once, and deduplicates repeated frames
 FAIL  tests/voice-provider-smoke.test.mjs > voice provider smoke matrix > validates config/token/vision routes for openai
 FAIL  tests/voice-provider-smoke.test.mjs > voice provider smoke matrix > validates config/token/vision routes for claude
 FAIL  tests/voice-provider-smoke.test.mjs > voice provider smoke matrix > validates config/token/vision routes for gemini
SyntaxError: Invalid or unexpected token
ΓÄ»ΓÄ»ΓÄ»ΓÄ»ΓÄ»ΓÄ»ΓÄ»ΓÄ»ΓÄ»ΓÄ»ΓÄ»ΓÄ»ΓÄ»ΓÄ»ΓÄ»ΓÄ»ΓÄ»ΓÄ»ΓÄ»ΓÄ»ΓÄ»[10/177]ΓÄ»

 FAIL  tests/demo-api-sync.test.mjs > demo.html :workflow: ui-server.mjs API sync > demo mock should handle all server API routes
AssertionError: demo.html is missing 1 API route(s) from ui-server.mjs:

  - /api/telegram/chat-id

Fix: Add mock handlers in demo.html's handleApi() function,
or add to INTENTIONALLY_SKIPPED in demo-api-sync.test.mjs if server-only.
 Γ¥» tests/demo-api-sync.test.mjs:213:14
    211|         "or add to INTENTIONALLY_SKIPPED in demo-api-sync.test.mjs if ΓÇª
    212|       ].join("\n");
    213|       expect.fail(msg);
       |              ^
    214|     }
    215|   });

ΓÄ»ΓÄ»ΓÄ»ΓÄ»ΓÄ»ΓÄ»ΓÄ»ΓÄ»ΓÄ»ΓÄ»ΓÄ»ΓÄ»ΓÄ»ΓÄ»ΓÄ»ΓÄ»ΓÄ»ΓÄ»ΓÄ»ΓÄ»ΓÄ»[11/177]ΓÄ»

 FAIL  tests/demo-load-smoke.test.mjs > demo load smoke > miniapp local module graph has valid imports/exports and syntax
AssertionError: MiniApp module syntax errors:
F:\bosun\site\ui\modules\api.js: F:\bosun\site\ui\modules\api.js:450
    wsSendImmediate({ type: \"batch\", messages });
                            ^

SyntaxError: Invalid or unexpected token
    at checkSyntax (node:internal/main/check_syntax:72:5)

Node.js v24.14.0

F:\bosun\site\ui\modules\utils.js: F:\bosun\site\ui\modules\utils.js:340
}
^

SyntaxError: Unexpected token '}'
    at checkSyntax (node:internal/main/check_syntax:72:5)

Node.js v24.14.0

F:\bosun\site\ui\components\shared.js: F:\bosun\site\ui\components\shared.js:652
export function Avatar({ name = "", size = 36, src }) {
       ^

SyntaxError: Identifier 'Avatar' has already been declared
    at checkSyntax (node:internal/main/check_syntax:72:5)

Node.js v24.14.0
 Γ¥» tests/demo-load-smoke.test.mjs:406:14
    404| 
    405|     if (syntaxErrors.length > 0) {
    406|       expect.fail(`MiniApp module syntax errors:\n${syntaxErrors.join(ΓÇª
       |              ^
    407|     }
    408|     if (importErrors.length > 0) {

ΓÄ»ΓÄ»ΓÄ»ΓÄ»ΓÄ»ΓÄ»ΓÄ»ΓÄ»ΓÄ»ΓÄ»ΓÄ»ΓÄ»ΓÄ»ΓÄ»ΓÄ»ΓÄ»ΓÄ»ΓÄ»ΓÄ»ΓÄ»ΓÄ»[12/177]ΓÄ»

 FAIL  tests/startup-service.test.mjs > startup-service > getStartupStatus > returns an object with installed property
 FAIL  tests/startup-service.test.mjs > startup-service > getStartupStatus > returns installed: false when no service is registered
 FAIL  tests/startup-service.test.mjs > startup-service > getStartupMethodName > returns a non-empty string
 FAIL  tests/startup-service.test.mjs > startup-service > getStartupMethodName > returns platform-appropriate method name
 FAIL  tests/startup-service.test.mjs > startup-service > installStartupService > returns a result object with success field
 FAIL  tests/startup-service.test.mjs > startup-service > installStartupService > returns success: true on successful install
 FAIL  tests/startup-service.test.mjs > startup-service > installStartupService > handles install failure gracefully
 FAIL  tests/startup-service.test.mjs > startup-service > removeStartupService > returns a result object with success field
 FAIL  tests/startup-service.test.mjs > startup-service > removeStartupService > handles remove when no service exists gracefully
SyntaxError: Invalid or unexpected token
ΓÄ»ΓÄ»ΓÄ»ΓÄ»ΓÄ»ΓÄ»ΓÄ»ΓÄ»ΓÄ»ΓÄ»ΓÄ»ΓÄ»ΓÄ»ΓÄ»ΓÄ»ΓÄ»ΓÄ»ΓÄ»ΓÄ»ΓÄ»ΓÄ»[13/177]ΓÄ»


[2m Test Files [22m [1m[31m30 failed[39m[22m[2m | [22m[1m[32m112 passed[39m[22m[90m (142)[39m
[2m      Tests [22m [1m[31m125 failed[39m[22m[2m | [22m[1m[32m2779 passed[39m[22m[90m (2904)[39m
[2m   Start at [22m 21:57:54
[2m   Duration [22m 86.88s[2m (transform 12.29s, setup 4.46s, import 10.79s, tests 200.26s, environment 16ms)[22m

